Archive member included to satisfy reference by file (symbol)

C:/ST/STM32CubeIDE_1.18.1/STM32CubeIDE/plugins/com.st.stm32cube.ide.mcu.externaltools.gnu-tools-for-stm32.13.3.rel1.win32_1.0.0.202411081344/tools/bin/../lib/gcc/arm-none-eabi/13.3.1/../../../../arm-none-eabi/lib/thumb/v7e-m+fp/hard\libc_nano.a(libc_a-exit.o)
                              C:/ST/STM32CubeIDE_1.18.1/STM32CubeIDE/plugins/com.st.stm32cube.ide.mcu.externaltools.gnu-tools-for-stm32.13.3.rel1.win32_1.0.0.202411081344/tools/bin/../lib/gcc/arm-none-eabi/13.3.1/../../../../arm-none-eabi/lib/thumb/v7e-m+fp/hard/crt0.o (exit)
C:/ST/STM32CubeIDE_1.18.1/STM32CubeIDE/plugins/com.st.stm32cube.ide.mcu.externaltools.gnu-tools-for-stm32.13.3.rel1.win32_1.0.0.202411081344/tools/bin/../lib/gcc/arm-none-eabi/13.3.1/../../../../arm-none-eabi/lib/thumb/v7e-m+fp/hard\libc_nano.a(libc_a-findfp.o)
                              C:/ST/STM32CubeIDE_1.18.1/STM32CubeIDE/plugins/com.st.stm32cube.ide.mcu.externaltools.gnu-tools-for-stm32.13.3.rel1.win32_1.0.0.202411081344/tools/bin/../lib/gcc/arm-none-eabi/13.3.1/../../../../arm-none-eabi/lib/thumb/v7e-m+fp/hard\libc_nano.a(libc_a-exit.o) (__stdio_exit_handler)
C:/ST/STM32CubeIDE_1.18.1/STM32CubeIDE/plugins/com.st.stm32cube.ide.mcu.externaltools.gnu-tools-for-stm32.13.3.rel1.win32_1.0.0.202411081344/tools/bin/../lib/gcc/arm-none-eabi/13.3.1/../../../../arm-none-eabi/lib/thumb/v7e-m+fp/hard\libc_nano.a(libc_a-fwalk.o)
                              C:/ST/STM32CubeIDE_1.18.1/STM32CubeIDE/plugins/com.st.stm32cube.ide.mcu.externaltools.gnu-tools-for-stm32.13.3.rel1.win32_1.0.0.202411081344/tools/bin/../lib/gcc/arm-none-eabi/13.3.1/../../../../arm-none-eabi/lib/thumb/v7e-m+fp/hard\libc_nano.a(libc_a-findfp.o) (_fwalk_sglue)
C:/ST/STM32CubeIDE_1.18.1/STM32CubeIDE/plugins/com.st.stm32cube.ide.mcu.externaltools.gnu-tools-for-stm32.13.3.rel1.win32_1.0.0.202411081344/tools/bin/../lib/gcc/arm-none-eabi/13.3.1/../../../../arm-none-eabi/lib/thumb/v7e-m+fp/hard\libc_nano.a(libc_a-stdio.o)
                              C:/ST/STM32CubeIDE_1.18.1/STM32CubeIDE/plugins/com.st.stm32cube.ide.mcu.externaltools.gnu-tools-for-stm32.13.3.rel1.win32_1.0.0.202411081344/tools/bin/../lib/gcc/arm-none-eabi/13.3.1/../../../../arm-none-eabi/lib/thumb/v7e-m+fp/hard\libc_nano.a(libc_a-findfp.o) (__sread)
C:/ST/STM32CubeIDE_1.18.1/STM32CubeIDE/plugins/com.st.stm32cube.ide.mcu.externaltools.gnu-tools-for-stm32.13.3.rel1.win32_1.0.0.202411081344/tools/bin/../lib/gcc/arm-none-eabi/13.3.1/../../../../arm-none-eabi/lib/thumb/v7e-m+fp/hard\libc_nano.a(libc_a-memset.o)
                              C:/ST/STM32CubeIDE_1.18.1/STM32CubeIDE/plugins/com.st.stm32cube.ide.mcu.externaltools.gnu-tools-for-stm32.13.3.rel1.win32_1.0.0.202411081344/tools/bin/../lib/gcc/arm-none-eabi/13.3.1/../../../../arm-none-eabi/lib/thumb/v7e-m+fp/hard/crt0.o (memset)
C:/ST/STM32CubeIDE_1.18.1/STM32CubeIDE/plugins/com.st.stm32cube.ide.mcu.externaltools.gnu-tools-for-stm32.13.3.rel1.win32_1.0.0.202411081344/tools/bin/../lib/gcc/arm-none-eabi/13.3.1/../../../../arm-none-eabi/lib/thumb/v7e-m+fp/hard\libc_nano.a(libc_a-closer.o)
                              C:/ST/STM32CubeIDE_1.18.1/STM32CubeIDE/plugins/com.st.stm32cube.ide.mcu.externaltools.gnu-tools-for-stm32.13.3.rel1.win32_1.0.0.202411081344/tools/bin/../lib/gcc/arm-none-eabi/13.3.1/../../../../arm-none-eabi/lib/thumb/v7e-m+fp/hard\libc_nano.a(libc_a-stdio.o) (_close_r)
C:/ST/STM32CubeIDE_1.18.1/STM32CubeIDE/plugins/com.st.stm32cube.ide.mcu.externaltools.gnu-tools-for-stm32.13.3.rel1.win32_1.0.0.202411081344/tools/bin/../lib/gcc/arm-none-eabi/13.3.1/../../../../arm-none-eabi/lib/thumb/v7e-m+fp/hard\libc_nano.a(libc_a-reent.o)
                              C:/ST/STM32CubeIDE_1.18.1/STM32CubeIDE/plugins/com.st.stm32cube.ide.mcu.externaltools.gnu-tools-for-stm32.13.3.rel1.win32_1.0.0.202411081344/tools/bin/../lib/gcc/arm-none-eabi/13.3.1/../../../../arm-none-eabi/lib/thumb/v7e-m+fp/hard\libc_nano.a(libc_a-closer.o) (errno)
C:/ST/STM32CubeIDE_1.18.1/STM32CubeIDE/plugins/com.st.stm32cube.ide.mcu.externaltools.gnu-tools-for-stm32.13.3.rel1.win32_1.0.0.202411081344/tools/bin/../lib/gcc/arm-none-eabi/13.3.1/../../../../arm-none-eabi/lib/thumb/v7e-m+fp/hard\libc_nano.a(libc_a-impure.o)
                              C:/ST/STM32CubeIDE_1.18.1/STM32CubeIDE/plugins/com.st.stm32cube.ide.mcu.externaltools.gnu-tools-for-stm32.13.3.rel1.win32_1.0.0.202411081344/tools/bin/../lib/gcc/arm-none-eabi/13.3.1/../../../../arm-none-eabi/lib/thumb/v7e-m+fp/hard\libc_nano.a(libc_a-reent.o) (_impure_ptr)
C:/ST/STM32CubeIDE_1.18.1/STM32CubeIDE/plugins/com.st.stm32cube.ide.mcu.externaltools.gnu-tools-for-stm32.13.3.rel1.win32_1.0.0.202411081344/tools/bin/../lib/gcc/arm-none-eabi/13.3.1/../../../../arm-none-eabi/lib/thumb/v7e-m+fp/hard\libc_nano.a(libc_a-lseekr.o)
[...]
Memory Configuration

Name             Origin             Length             Attributes
RAM              0x20000000         0x00020000         xrw
FLASH            0x08000000         0x00080000         xr
*default*        0x00000000         0xffffffff

Linker script and memory map

LOAD C:/ST/STM32CubeIDE_1.18.1/STM32CubeIDE/plugins/com.st.stm32cube.ide.mcu.externaltools.gnu-tools-for-stm32.13.3.rel1.win32_1.0.0.202411081344/tools/bin/../lib/gcc/arm-none-eabi/13.3.1/thumb/v7e-m+fp/hard/crti.o
LOAD C:/ST/STM32CubeIDE_1.18.1/STM32CubeIDE/plugins/com.st.stm32cube.ide.mcu.externaltools.gnu-tools-for-stm32.13.3.rel1.win32_1.0.0.202411081344/tools/bin/../lib/gcc/arm-none-eabi/13.3.1/thumb/v7e-m+fp/hard/crtbegin.o
LOAD C:/ST/STM32CubeIDE_1.18.1/STM32CubeIDE/plugins/com.st.stm32cube.ide.mcu.externaltools.gnu-tools-for-stm32.13.3.rel1.win32_1.0.0.202411081344/tools/bin/../lib/gcc/arm-none-eabi/13.3.1/../../../../arm-none-eabi/lib/thumb/v7e-m+fp/hard/crt0.o
LOAD ./Core/Src/fonts.o
LOAD ./Core/Src/main.o
LOAD ./Core/Src/protocol.o
LOAD ./Core/Src/ssd1306_oled.o
LOAD ./Core/Src/stm32f4xx_hal_msp.o
LOAD ./Core/Src/stm32f4xx_it.o
LOAD ./Core/Src/syscalls.o
LOAD ./Core/Src/sysmem.o
LOAD ./Core/Src/system_stm32f4xx.o
LOAD ./Core/Startup/startup_stm32f411ceux.o
LOAD ./Drivers/STM32F4xx_HAL_Driver/Src/stm32f4xx_hal.o
LOAD ./Drivers/STM32F4xx_HAL_Driver/Src/stm32f4xx_hal_adc.o
LOAD ./Drivers/STM32F4xx_HAL_Driver/Src/stm32f4xx_hal_adc_ex.o
LOAD ./Drivers/STM32F4xx_HAL_Driver/Src/stm32f4xx_hal_cortex.o
LOAD ./Drivers/STM32F4xx_HAL_Driver/Src/stm32f4xx_hal_dma.o
LOAD ./Drivers/STM32F4xx_HAL_Driver/Src/stm32f4xx_hal_dma_ex.o
LOAD ./Drivers/STM32F4xx_HAL_Driver/Src/stm32f4xx_hal_exti.o
LOAD ./Drivers/STM32F4xx_HAL_Driver/Src/stm32f4xx_hal_flash.o
LOAD ./Drivers/STM32F4xx_HAL_Driver/Src/stm32f4xx_hal_flash_ex.o
LOAD ./Drivers/STM32F4xx_HAL_Driver/Src/stm32f4xx_hal_flash_ramfunc.o
LOAD ./Drivers/STM32F4xx_HAL_Driver/Src/stm32f4xx_hal_gpio.o
LOAD ./Drivers/STM32F4xx_HAL_Driver/Src/stm32f4xx_hal_i2c.o
LOAD ./Drivers/STM32F4xx_HAL_Driver/Src/stm32f4xx_hal_i2c_ex.o
LOAD ./Drivers/STM32F4xx_HAL_Driver/Src/stm32f4xx_hal_pcd.o
LOAD ./Drivers/STM32F4xx_HAL_Driver/Src/stm32f4xx_hal_pcd_ex.o
LOAD ./Drivers/STM32F4xx_HAL_Driver/Src/stm32f4xx_hal_pwr.o
LOAD ./Drivers/STM32F4xx_HAL_Driver/Src/stm32f4xx_hal_pwr_ex.o
LOAD ./Drivers/STM32F4xx_HAL_Driver/Src/stm32f4xx_hal_rcc.o
LOAD ./Drivers/STM32F4xx_HAL_Driver/Src/stm32f4xx_hal_rcc_ex.o
LOAD ./Drivers/STM32F4xx_HAL_Driver/Src/stm32f4xx_hal_tim.o
LOAD ./Drivers/STM32F4xx_HAL_Driver/Src/stm32f4xx_hal_tim_ex.o
LOAD ./Drivers/STM32F4xx_HAL_Driver/Src/stm32f4xx_ll_adc.o
LOAD ./Drivers/STM32F4xx_HAL_Driver/Src/stm32f4xx_ll_usb.o
LOAD ./Middlewares/ST/STM32_USB_Device_Library/Class/CDC/Src/usbd_cdc.o
LOAD ./Middlewares/ST/STM32_USB_Device_Library/Core/Src/usbd_core.o
LOAD ./Middlewares/ST/STM32_USB_Device_Library/Core/Src/usbd_ctlreq.o
LOAD ./Middlewares/ST/STM32_USB_Device_Library/Core/Src/usbd_ioreq.o
LOAD ./USB_DEVICE/App/usb_device.o
LOAD ./USB_DEVICE/App/usbd_cdc_if.o
LOAD ./USB_DEVICE/App/usbd_desc.o
LOAD ./USB_DEVICE/Target/usbd_conf.o
START GROUP
LOAD C:/ST/STM32CubeIDE_1.18.1/STM32CubeIDE/plugins/com.st.stm32cube.ide.mcu.externaltools.gnu-tools-for-stm32.13.3.rel1.win32_1.0.0.202411081344/tools/bin/../lib/gcc/arm-none-eabi/13.3.1/../../../../arm-none-eabi/lib/thumb/v7e-m+fp/hard\libc_nano.a
LOAD C:/ST/STM32CubeIDE_1.18.1/STM32CubeIDE/plugins/com.st.stm32cube.ide.mcu.externaltools.gnu-tools-for-stm32.13.3.rel1.win32_1.0.0.202411081344/tools/bin/../lib/gcc/arm-none-eabi/13.3.1/../../../../arm-none-eabi/lib/thumb/v7e-m+fp/hard\libm.a
END GROUP
START GROUP
LOAD C:/ST/STM32CubeIDE_1.18.1/STM32CubeIDE/plugins/com.st.stm32cube.ide.mcu.externaltools.gnu-tools-for-stm32.13.3.rel1.win32_1.0.0.202411081344/tools/bin/../lib/gcc/arm-none-eabi/13.3.1/thumb/v7e-m+fp/hard\libgcc.a
LOAD C:/ST/STM32CubeIDE_1.18.1/STM32CubeIDE/plugins/com.st.stm32cube.ide.mcu.externaltools.gnu-tools-for-stm32.13.3.rel1.win32_1.0.0.202411081344/tools/bin/../lib/gcc/arm-none-eabi/13.3.1/../../../../arm-none-eabi/lib/thumb/v7e-m+fp/hard\libc_nano.a
END GROUP
START GROUP
LOAD C:/ST/STM32CubeIDE_1.18.1/STM32CubeIDE/plugins/com.st.stm32cube.ide.mcu.externaltools.gnu-tools-for-stm32.13.3.rel1.win32_1.0.0.202411081344/tools/bin/../lib/gcc/arm-none-eabi/13.3.1/thumb/v7e-m+fp/hard\libgcc.a
LOAD C:/ST/STM32CubeIDE_1.18.1/STM32CubeIDE/plugins/com.st.stm32cube.ide.mcu.externaltools.gnu-tools-for-stm32.13.3.rel1.win32_1.0.0.202411081344/tools/bin/../lib/gcc/arm-none-eabi/13.3.1/../../../../arm-none-eabi/lib/thumb/v7e-m+fp/hard\libc_nano.a
LOAD C:/ST/STM32CubeIDE_1.18.1/STM32CubeIDE/plugins/com.st.stm32cube.ide.mcu.externaltools.gnu-tools-for-stm32.13.3.rel1.win32_1.0.0.202411081344/tools/bin/../lib/gcc/arm-none-eabi/13.3.1/../../../../arm-none-eabi/lib/thumb/v7e-m+fp/hard\libnosys.a
END GROUP
START GROUP
LOAD C:/ST/STM32CubeIDE_1.18.1/STM32CubeIDE/plugins/com.st.stm32cube.ide.mcu.externaltools.gnu-tools-for-stm32.13.3.rel1.win32_1.0.0.202411081344/tools/bin/../lib/gcc/arm-none-eabi/13.3.1/thumb/v7e-m+fp/hard\libgcc.a
LOAD C:/ST/STM32CubeIDE_1.18.1/STM32CubeIDE/plugins/com.st.stm32cube.ide.mcu.externaltools.gnu-tools-for-stm32.13.3.rel1.win32_1.0.0.202411081344/tools/bin/../lib/gcc/arm-none-eabi/13.3.1/../../../../arm-none-eabi/lib/thumb/v7e-m+fp/hard\libc_nano.a
LOAD C:/ST/STM32CubeIDE_1.18.1/STM32CubeIDE/plugins/com.st.stm32cube.ide.mcu.externaltools.gnu-tools-for-stm32.13.3.rel1.win32_1.0.0.202411081344/tools/bin/../lib/gcc/arm-none-eabi/13.3.1/../../../../arm-none-eabi/lib/thumb/v7e-m+fp/hard\libnosys.a
END GROUP
LOAD C:/ST/STM32CubeIDE_1.18.1/STM32CubeIDE/plugins/com.st.stm32cube.ide.mcu.externaltools.gnu-tools-for-stm32.13.3.rel1.win32_1.0.0.202411081344/tools/bin/../lib/gcc/arm-none-eabi/13.3.1/thumb/v7e-m+fp/hard/crtend.o
LOAD C:/ST/STM32CubeIDE_1.18.1/STM32CubeIDE/plugins/com.st.stm32cube.ide.mcu.externaltools.gnu-tools-for-stm32.13.3.rel1.win32_1.0.0.202411081344/tools/bin/../lib/gcc/arm-none-eabi/13.3.1/thumb/v7e-m+fp/hard/crtn.o
                0x20020000                        _estack = (ORIGIN (RAM) + LENGTH (RAM))
                0x00000200                        _Min_Heap_Size = 0x200
                0x00000400                        _Min_Stack_Size = 0x400

.isr_vector     0x08000000      0x198
                0x08000000                        . = ALIGN (0x4)
 *(.isr_vector)
 .isr_vector    0x08000000      0x198 ./Core/Startup/startup_stm32f411ceux.o
                0x08000000                g_pfnVectors
                0x08000198                        . = ALIGN (0x4)

.text           0x08000198     0x972c
                0x08000198                        . = ALIGN (0x4)
 *(.text)
 .text          0x08000198       0x40 C:/ST/STM32CubeIDE_1.18.1/STM32CubeIDE/plugins/com.st.stm32cube.ide.mcu.externaltools.gnu-tools-for-stm32.13.3.rel1.win32_1.0.0.202411081344/tools/bin/../lib/gcc/arm-none-eabi/13.3.1/thumb/v7e-m+fp/hard/crtbegin.o
 .text          0x080001d8       0x30 C:/ST/STM32CubeIDE_1.18.1/STM32CubeIDE/plugins/com.st.stm32cube.ide.mcu.externaltools.gnu-tools-for-stm32.13.3.rel1.win32_1.0.0.202411081344/tools/bin/../lib/gcc/arm-none-eabi/13.3.1/thumb/v7e-m+fp/hard\libgcc.a(_aeabi_uldivmod.o)
                0x080001d8                __aeabi_uldivmod
 .text          0x08000208      0x2f8 C:/ST/STM32CubeIDE_1.18.1/STM32CubeIDE/plugins/com.st.stm32cube.ide.mcu.externaltools.gnu-tools-for-stm32.13.3.rel1.win32_1.0.0.202411081344/tools/bin/../lib/gcc/arm-none-eabi/13.3.1/thumb/v7e-m+fp/hard\libgcc.a(_udivmoddi4.o)
                0x08000208                __udivmoddi4
 .text          0x08000500        0x4 C:/ST/STM32CubeIDE_1.18.1/STM32CubeIDE/plugins/com.st.stm32cube.ide.mcu.externaltools.gnu-tools-for-stm32.13.3.rel1.win32_1.0.0.202411081344/tools/bin/../lib/gcc/arm-none-eabi/13.3.1/thumb/v7e-m+fp/hard\libgcc.a(_dvmd_tls.o)
                0x08000500                __aeabi_idiv0
                0x08000500                __aeabi_ldiv0
 *(.text*)
 .text.HAL_ADC_ConvCpltCallback
                0x08000504       0x50 ./Core/Src/main.o
                0x08000504                HAL_ADC_ConvCpltCallback
 .text.HAL_TIM_PeriodElapsedCallback
                0x08000554       0x54 ./Core/Src/main.o
                0x08000554                HAL_TIM_PeriodElapsedCallback
 .text.USBRxData
                0x080005a8       0x74 ./Core/Src/main.o
                0x080005a8                USBRxData
 .text.USBTask  0x0800061c       0xec ./Core/Src/main.o
                0x0800061c                USBTask
 .text.decodeCommand
                0x08000708       0x6c ./Core/Src/main.o
                0x08000708                decodeCommand
 .text.is10ms   0x08000774       0x28 ./Core/Src/main.o
                0x08000774                is10ms
 .text.heartBeatTask
                0x0800079c       0x50 ./Core/Src/main.o
                0x0800079c                heartBeatTask
 .text.main     0x080007ec       0x84 ./Core/Src/main.o
                0x080007ec                main
 .text.SystemClock_Config
                0x08000870       0xd0 ./Core/Src/main.o
                0x08000870                SystemClock_Config
 .text.MX_ADC1_Init
                0x08000940      0x168 ./Core/Src/main.o
 .text.MX_I2C1_Init
                0x08000aa8       0x5c ./Core/Src/main.o
 .text.MX_TIM1_Init
                0x08000b04       0xcc ./Core/Src/main.o
 .text.MX_DMA_Init
                0x08000bd0       0x40 ./Core/Src/main.o
 .text.MX_GPIO_Init
                0x08000c10       0xc0 ./Core/Src/main.o
 .text.Error_Handler
                0x08000cd0        0xc ./Core/Src/main.o
                0x08000cd0                Error_Handler
 .text.putHeaderOnTx
                0x08000cdc      0x168 ./Core/Src/protocol.o
                0x08000cdc                putHeaderOnTx
 .text.putByteOnTx
                0x08000e44       0x50 ./Core/Src/protocol.o
                0x08000e44                putByteOnTx
 .text.putStrOntx
                0x08000e94       0x7c ./Core/Src/protocol.o
                0x08000e94                putStrOntx
 .text.decodeHeader
                0x08000f10      0x208 ./Core/Src/protocol.o
                0x08000f10                decodeHeader
 .text.initComm
                0x08001118       0x62 ./Core/Src/protocol.o
                0x08001118                initComm
 *fill*         0x0800117a        0x2 
 .text.HAL_MspInit
                0x0800117c       0x50 ./Core/Src/stm32f4xx_hal_msp.o
                0x0800117c                HAL_MspInit
 .text.HAL_ADC_MspInit
                0x080011cc       0xfc ./Core/Src/stm32f4xx_hal_msp.o
                0x080011cc                HAL_ADC_MspInit
 .text.HAL_I2C_MspInit
                0x080012c8       0x90 ./Core/Src/stm32f4xx_hal_msp.o
                0x080012c8                HAL_I2C_MspInit
 .text.HAL_TIM_Base_MspInit
                0x08001358       0x80 ./Core/Src/stm32f4xx_hal_msp.o
                0x08001358                HAL_TIM_Base_MspInit
 .text.NMI_Handler
                0x080013d8        0x8 ./Core/Src/stm32f4xx_it.o
                0x080013d8                NMI_Handler
 .text.HardFault_Handler
                0x080013e0        0x8 ./Core/Src/stm32f4xx_it.o
                0x080013e0                HardFault_Handler
 .text.MemManage_Handler
                0x080013e8        0x8 ./Core/Src/stm32f4xx_it.o
                0x080013e8                MemManage_Handler
 .text.BusFault_Handler
                0x080013f0        0x8 ./Core/Src/stm32f4xx_it.o
                0x080013f0                BusFault_Handler
 .text.UsageFault_Handler
                0x080013f8        0x8 ./Core/Src/stm32f4xx_it.o
                0x080013f8                UsageFault_Handler
 .text.SVC_Handler
                0x08001400        0xe ./Core/Src/stm32f4xx_it.o
                0x08001400                SVC_Handler
 .text.DebugMon_Handler
                0x0800140e        0xe ./Core/Src/stm32f4xx_it.o
                0x0800140e                DebugMon_Handler
 .text.PendSV_Handler
                0x0800141c        0xe ./Core/Src/stm32f4xx_it.o
                0x0800141c                PendSV_Handler
 .text.SysTick_Handler
                0x0800142a        0xc ./Core/Src/stm32f4xx_it.o
                0x0800142a                SysTick_Handler
 *fill*         0x08001436        0x2 
 .text.ADC_IRQHandler
                0x08001438       0x14 ./Core/Src/stm32f4xx_it.o
                0x08001438                ADC_IRQHandler
 .text.TIM1_BRK_TIM9_IRQHandler
                0x0800144c       0x14 ./Core/Src/stm32f4xx_it.o
                0x0800144c                TIM1_BRK_TIM9_IRQHandler
 .text.TIM1_UP_TIM10_IRQHandler
                0x08001460       0x14 ./Core/Src/stm32f4xx_it.o
                0x08001460                TIM1_UP_TIM10_IRQHandler
 .text.TIM1_TRG_COM_TIM11_IRQHandler
                0x08001474       0x14 ./Core/Src/stm32f4xx_it.o
                0x08001474                TIM1_TRG_COM_TIM11_IRQHandler
 .text.TIM1_CC_IRQHandler
                0x08001488       0x14 ./Core/Src/stm32f4xx_it.o
                0x08001488                TIM1_CC_IRQHandler
 .text.DMA2_Stream0_IRQHandler
                0x0800149c       0x14 ./Core/Src/stm32f4xx_it.o
                0x0800149c                DMA2_Stream0_IRQHandler
 .text.OTG_FS_IRQHandler
                0x080014b0       0x14 ./Core/Src/stm32f4xx_it.o
                0x080014b0                OTG_FS_IRQHandler
 .text.SystemInit
                0x080014c4       0x24 ./Core/Src/system_stm32f4xx.o
                0x080014c4                SystemInit
 .text.Reset_Handler
                0x080014e8       0x50 ./Core/Startup/startup_stm32f411ceux.o
                0x080014e8                Reset_Handler
 .text.Default_Handler
                0x08001538        0x2 ./Core/Startup/startup_stm32f411ceux.o
                0x08001538                RTC_Alarm_IRQHandler
                0x08001538                EXTI2_IRQHandler
                0x08001538                SPI4_IRQHandler
                0x08001538                DMA2_Stream5_IRQHandler
                0x08001538                DMA1_Stream5_IRQHandler
                0x08001538                PVD_IRQHandler
                0x08001538                SDIO_IRQHandler
                0x08001538                TAMP_STAMP_IRQHandler
                0x08001538                EXTI3_IRQHandler
                0x08001538                I2C3_ER_IRQHandler
                0x08001538                EXTI0_IRQHandler
                0x08001538                I2C2_EV_IRQHandler
                0x08001538                DMA1_Stream2_IRQHandler
                0x08001538                FPU_IRQHandler
                0x08001538                DMA2_Stream2_IRQHandler
                0x08001538                SPI1_IRQHandler
                0x08001538                DMA2_Stream3_IRQHandler
                0x08001538                USART6_IRQHandler
                0x08001538                TIM4_IRQHandler
                0x08001538                I2C1_EV_IRQHandler
                0x08001538                DMA1_Stream6_IRQHandler
                0x08001538                DMA1_Stream1_IRQHandler
                0x08001538                TIM3_IRQHandler
                0x08001538                RCC_IRQHandler
                0x08001538                Default_Handler
                0x08001538                EXTI15_10_IRQHandler
                0x08001538                DMA1_Stream7_IRQHandler
                0x08001538                SPI5_IRQHandler
                0x08001538                TIM5_IRQHandler
                0x08001538                DMA2_Stream7_IRQHandler
                0x08001538                I2C3_EV_IRQHandler
                0x08001538                EXTI9_5_IRQHandler
                0x08001538                RTC_WKUP_IRQHandler
                0x08001538                SPI2_IRQHandler
                0x08001538                DMA1_Stream0_IRQHandler
                0x08001538                EXTI4_IRQHandler
                0x08001538                WWDG_IRQHandler
                0x08001538                TIM2_IRQHandler
                0x08001538                OTG_FS_WKUP_IRQHandler
                0x08001538                EXTI1_IRQHandler
                0x08001538                USART2_IRQHandler
                0x08001538                I2C2_ER_IRQHandler
                0x08001538                DMA2_Stream1_IRQHandler
                0x08001538                FLASH_IRQHandler
                0x08001538                DMA2_Stream4_IRQHandler
                0x08001538                USART1_IRQHandler
                0x08001538                SPI3_IRQHandler
                0x08001538                DMA1_Stream4_IRQHandler
                0x08001538                I2C1_ER_IRQHandler
                0x08001538                DMA2_Stream6_IRQHandler
                0x08001538                DMA1_Stream3_IRQHandler
 *fill*         0x0800153a        0x2 
 .text.HAL_Init
                0x0800153c       0x44 ./Drivers/STM32F4xx_HAL_Driver/Src/stm32f4xx_hal.o
                0x0800153c                HAL_Init
 .text.HAL_InitTick
                0x08001580       0x60 ./Drivers/STM32F4xx_HAL_Driver/Src/stm32f4xx_hal.o
                0x08001580                HAL_InitTick
 .text.HAL_IncTick
                0x080015e0       0x28 ./Drivers/STM32F4xx_HAL_Driver/Src/stm32f4xx_hal.o
                0x080015e0                HAL_IncTick
 .text.HAL_GetTick
                0x08001608       0x18 ./Drivers/STM32F4xx_HAL_Driver/Src/stm32f4xx_hal.o
                0x08001608                HAL_GetTick
 .text.HAL_Delay
                0x08001620       0x48 ./Drivers/STM32F4xx_HAL_Driver/Src/stm32f4xx_hal.o
                0x08001620                HAL_Delay
 .text.HAL_ADC_Init
                0x08001668       0x86 ./Drivers/STM32F4xx_HAL_Driver/Src/stm32f4xx_hal_adc.o
                0x08001668                HAL_ADC_Init
 .text.HAL_ADC_IRQHandler
                0x080016ee      0x220 ./Drivers/STM32F4xx_HAL_Driver/Src/stm32f4xx_hal_adc.o
                0x080016ee                HAL_ADC_IRQHandler
 *fill*         0x0800190e        0x2 
 .text.HAL_ADC_Start_DMA
                0x08001910      0x1e8 ./Drivers/STM32F4xx_HAL_Driver/Src/stm32f4xx_hal_adc.o
                0x08001910                HAL_ADC_Start_DMA
 .text.HAL_ADC_ConvHalfCpltCallback
                0x08001af8       0x14 ./Drivers/STM32F4xx_HAL_Driver/Src/stm32f4xx_hal_adc.o
                0x08001af8                HAL_ADC_ConvHalfCpltCallback
 .text.HAL_ADC_LevelOutOfWindowCallback
                0x08001b0c       0x14 ./Drivers/STM32F4xx_HAL_Driver/Src/stm32f4xx_hal_adc.o
                0x08001b0c                HAL_ADC_LevelOutOfWindowCallback
 .text.HAL_ADC_ErrorCallback
                0x08001b20       0x14 ./Drivers/STM32F4xx_HAL_Driver/Src/stm32f4xx_hal_adc.o
                0x08001b20                HAL_ADC_ErrorCallback
 .text.HAL_ADC_ConfigChannel
                0x08001b34      0x264 ./Drivers/STM32F4xx_HAL_Driver/Src/stm32f4xx_hal_adc.o
                0x08001b34                HAL_ADC_ConfigChannel
 .text.ADC_Init
                0x08001d98      0x1f8 ./Drivers/STM32F4xx_HAL_Driver/Src/stm32f4xx_hal_adc.o
 .text.ADC_DMAConvCplt
                0x08001f90       0xba ./Drivers/STM32F4xx_HAL_Driver/Src/stm32f4xx_hal_adc.o
 .text.ADC_DMAHalfConvCplt
                0x0800204a       0x1c ./Drivers/STM32F4xx_HAL_Driver/Src/stm32f4xx_hal_adc.o
 .text.ADC_DMAError
                0x08002066       0x2e ./Drivers/STM32F4xx_HAL_Driver/Src/stm32f4xx_hal_adc.o
 .text.HAL_ADCEx_InjectedConvCpltCallback
                0x08002094       0x14 ./Drivers/STM32F4xx_HAL_Driver/Src/stm32f4xx_hal_adc_ex.o
                0x08002094                HAL_ADCEx_InjectedConvCpltCallback
 .text.__NVIC_SetPriorityGrouping
                0x080020a8       0x48 ./Drivers/STM32F4xx_HAL_Driver/Src/stm32f4xx_hal_cortex.o
 .text.__NVIC_GetPriorityGrouping
                0x080020f0       0x1c ./Drivers/STM32F4xx_HAL_Driver/Src/stm32f4xx_hal_cortex.o
 .text.__NVIC_EnableIRQ
                0x0800210c       0x3c ./Drivers/STM32F4xx_HAL_Driver/Src/stm32f4xx_hal_cortex.o
 .text.__NVIC_SetPriority
                0x08002148       0x54 ./Drivers/STM32F4xx_HAL_Driver/Src/stm32f4xx_hal_cortex.o
 .text.NVIC_EncodePriority
                0x0800219c       0x66 ./Drivers/STM32F4xx_HAL_Driver/Src/stm32f4xx_hal_cortex.o
 *fill*         0x08002202        0x2 
 .text.SysTick_Config
                0x08002204       0x44 ./Drivers/STM32F4xx_HAL_Driver/Src/stm32f4xx_hal_cortex.o
 .text.HAL_NVIC_SetPriorityGrouping
                0x08002248       0x16 ./Drivers/STM32F4xx_HAL_Driver/Src/stm32f4xx_hal_cortex.o
                0x08002248                HAL_NVIC_SetPriorityGrouping
 .text.HAL_NVIC_SetPriority
                0x0800225e       0x38 ./Drivers/STM32F4xx_HAL_Driver/Src/stm32f4xx_hal_cortex.o
                0x0800225e                HAL_NVIC_SetPriority
 .text.HAL_NVIC_EnableIRQ
                0x08002296       0x1c ./Drivers/STM32F4xx_HAL_Driver/Src/stm32f4xx_hal_cortex.o
                0x08002296                HAL_NVIC_EnableIRQ
 .text.HAL_SYSTICK_Config
                0x080022b2       0x18 ./Drivers/STM32F4xx_HAL_Driver/Src/stm32f4xx_hal_cortex.o
                0x080022b2                HAL_SYSTICK_Config
 *fill*         0x080022ca        0x2 
 .text.HAL_DMA_Init
                0x080022cc      0x15c ./Drivers/STM32F4xx_HAL_Driver/Src/stm32f4xx_hal_dma.o
                0x080022cc                HAL_DMA_Init
 .text.HAL_DMA_Start_IT
                0x08002428       0xb0 ./Drivers/STM32F4xx_HAL_Driver/Src/stm32f4xx_hal_dma.o
                0x08002428                HAL_DMA_Start_IT
 .text.HAL_DMA_IRQHandler
                0x080024d8      0x314 ./Drivers/STM32F4xx_HAL_Driver/Src/stm32f4xx_hal_dma.o
                0x080024d8                HAL_DMA_IRQHandler
 .text.DMA_SetConfig
                0x080027ec       0x5c ./Drivers/STM32F4xx_HAL_Driver/Src/stm32f4xx_hal_dma.o
 .text.DMA_CalcBaseAndBitshift
                0x08002848       0x6c ./Drivers/STM32F4xx_HAL_Driver/Src/stm32f4xx_hal_dma.o
 .text.DMA_CheckFifoParam
                0x080028b4       0xf8 ./Drivers/STM32F4xx_HAL_Driver/Src/stm32f4xx_hal_dma.o
 .text.HAL_GPIO_Init
                0x080029ac      0x308 ./Drivers/STM32F4xx_HAL_Driver/Src/stm32f4xx_hal_gpio.o
                0x080029ac                HAL_GPIO_Init
 .text.HAL_GPIO_WritePin
                0x08002cb4       0x32 ./Drivers/STM32F4xx_HAL_Driver/Src/stm32f4xx_hal_gpio.o
                0x08002cb4                HAL_GPIO_WritePin
 .text.HAL_GPIO_TogglePin
                0x08002ce6       0x34 ./Drivers/STM32F4xx_HAL_Driver/Src/stm32f4xx_hal_gpio.o
                0x08002ce6                HAL_GPIO_TogglePin
 *fill*         0x08002d1a        0x2 
 .text.HAL_I2C_Init
                0x08002d1c      0x288 ./Drivers/STM32F4xx_HAL_Driver/Src/stm32f4xx_hal_i2c.o
                0x08002d1c                HAL_I2C_Init
 .text.HAL_PCD_Init
                0x08002fa4      0x21e ./Drivers/STM32F4xx_HAL_Driver/Src/stm32f4xx_hal_pcd.o
                0x08002fa4                HAL_PCD_Init
 .text.HAL_PCD_Start
                0x080031c2       0x6a ./Drivers/STM32F4xx_HAL_Driver/Src/stm32f4xx_hal_pcd.o
                0x080031c2                HAL_PCD_Start
 .text.HAL_PCD_IRQHandler
                0x0800322c      0x942 ./Drivers/STM32F4xx_HAL_Driver/Src/stm32f4xx_hal_pcd.o
                0x0800322c                HAL_PCD_IRQHandler
 .text.HAL_PCD_SetAddress
                0x08003b6e       0x48 ./Drivers/STM32F4xx_HAL_Driver/Src/stm32f4xx_hal_pcd.o
                0x08003b6e                HAL_PCD_SetAddress
 .text.HAL_PCD_EP_Open
                0x08003bb6       0xd4 ./Drivers/STM32F4xx_HAL_Driver/Src/stm32f4xx_hal_pcd.o
                0x08003bb6                HAL_PCD_EP_Open
 .text.HAL_PCD_EP_Close
                0x08003c8a       0x94 ./Drivers/STM32F4xx_HAL_Driver/Src/stm32f4xx_hal_pcd.o
                0x08003c8a                HAL_PCD_EP_Close
 .text.HAL_PCD_EP_Receive
                0x08003d1e       0x76 ./Drivers/STM32F4xx_HAL_Driver/Src/stm32f4xx_hal_pcd.o
                0x08003d1e                HAL_PCD_EP_Receive
 .text.HAL_PCD_EP_GetRxCount
                0x08003d94       0x30 ./Drivers/STM32F4xx_HAL_Driver/Src/stm32f4xx_hal_pcd.o
                0x08003d94                HAL_PCD_EP_GetRxCount
 .text.HAL_PCD_EP_Transmit
                0x08003dc4       0x74 ./Drivers/STM32F4xx_HAL_Driver/Src/stm32f4xx_hal_pcd.o
                0x08003dc4                HAL_PCD_EP_Transmit
 .text.HAL_PCD_EP_SetStall
                0x08003e38       0xc6 ./Drivers/STM32F4xx_HAL_Driver/Src/stm32f4xx_hal_pcd.o
                0x08003e38                HAL_PCD_EP_SetStall
 .text.HAL_PCD_EP_ClrStall
                0x08003efe       0xac ./Drivers/STM32F4xx_HAL_Driver/Src/stm32f4xx_hal_pcd.o
                0x08003efe                HAL_PCD_EP_ClrStall
 .text.HAL_PCD_EP_Abort
                0x08003faa       0x62 ./Drivers/STM32F4xx_HAL_Driver/Src/stm32f4xx_hal_pcd.o
                0x08003faa                HAL_PCD_EP_Abort
 .text.PCD_WriteEmptyTxFifo
                0x0800400c      0x118 ./Drivers/STM32F4xx_HAL_Driver/Src/stm32f4xx_hal_pcd.o
 .text.PCD_EP_OutXfrComplete_int
                0x08004124      0x1d0 ./Drivers/STM32F4xx_HAL_Driver/Src/stm32f4xx_hal_pcd.o
 .text.PCD_EP_OutSetupPacket_int
                0x080042f4       0x8c ./Drivers/STM32F4xx_HAL_Driver/Src/stm32f4xx_hal_pcd.o
 .text.HAL_PCDEx_SetTxFiFo
                0x08004380       0x8e ./Drivers/STM32F4xx_HAL_Driver/Src/stm32f4xx_hal_pcd_ex.o
                0x08004380                HAL_PCDEx_SetTxFiFo
 .text.HAL_PCDEx_SetRxFiFo
                0x0800440e       0x22 ./Drivers/STM32F4xx_HAL_Driver/Src/stm32f4xx_hal_pcd_ex.o
                0x0800440e                HAL_PCDEx_SetRxFiFo
 .text.HAL_PCDEx_LPM_Callback
                0x08004430       0x18 ./Drivers/STM32F4xx_HAL_Driver/Src/stm32f4xx_hal_pcd_ex.o
                0x08004430                HAL_PCDEx_LPM_Callback
 .text.HAL_RCC_OscConfig
                0x08004448      0x4f0 ./Drivers/STM32F4xx_HAL_Driver/Src/stm32f4xx_hal_rcc.o
                0x08004448                HAL_RCC_OscConfig
 .text.HAL_RCC_ClockConfig
                0x08004938      0x1cc ./Drivers/STM32F4xx_HAL_Driver/Src/stm32f4xx_hal_rcc.o
                0x08004938                HAL_RCC_ClockConfig
 .text.HAL_RCC_GetSysClockFreq
                0x08004b04      0x18c ./Drivers/STM32F4xx_HAL_Driver/Src/stm32f4xx_hal_rcc.o
                0x08004b04                HAL_RCC_GetSysClockFreq
 .text.HAL_RCC_GetHCLKFreq
                0x08004c90       0x18 ./Drivers/STM32F4xx_HAL_Driver/Src/stm32f4xx_hal_rcc.o
                0x08004c90                HAL_RCC_GetHCLKFreq
 .text.HAL_RCC_GetPCLK1Freq
                0x08004ca8       0x28 ./Drivers/STM32F4xx_HAL_Driver/Src/stm32f4xx_hal_rcc.o
                0x08004ca8                HAL_RCC_GetPCLK1Freq
 .text.HAL_TIM_Base_Init
                0x08004cd0       0x9e ./Drivers/STM32F4xx_HAL_Driver/Src/stm32f4xx_hal_tim.o
                0x08004cd0                HAL_TIM_Base_Init
 *fill*         0x08004d6e        0x2 
 .text.HAL_TIM_Base_Start_IT
                0x08004d70       0xc4 ./Drivers/STM32F4xx_HAL_Driver/Src/stm32f4xx_hal_tim.o
                0x08004d70                HAL_TIM_Base_Start_IT
 .text.HAL_TIM_IRQHandler
                0x08004e34      0x1e0 ./Drivers/STM32F4xx_HAL_Driver/Src/stm32f4xx_hal_tim.o
                0x08004e34                HAL_TIM_IRQHandler
 .text.HAL_TIM_ConfigClockSource
                0x08005014      0x18e ./Drivers/STM32F4xx_HAL_Driver/Src/stm32f4xx_hal_tim.o
                0x08005014                HAL_TIM_ConfigClockSource
 .text.HAL_TIM_SlaveConfigSynchro
                0x080051a2       0x84 ./Drivers/STM32F4xx_HAL_Driver/Src/stm32f4xx_hal_tim.o
                0x080051a2                HAL_TIM_SlaveConfigSynchro
 .text.HAL_TIM_OC_DelayElapsedCallback
                0x08005226       0x14 ./Drivers/STM32F4xx_HAL_Driver/Src/stm32f4xx_hal_tim.o
                0x08005226                HAL_TIM_OC_DelayElapsedCallback
 .text.HAL_TIM_IC_CaptureCallback
                0x0800523a       0x14 ./Drivers/STM32F4xx_HAL_Driver/Src/stm32f4xx_hal_tim.o
                0x0800523a                HAL_TIM_IC_CaptureCallback
 .text.HAL_TIM_PWM_PulseFinishedCallback
                0x0800524e       0x14 ./Drivers/STM32F4xx_HAL_Driver/Src/stm32f4xx_hal_tim.o
                0x0800524e                HAL_TIM_PWM_PulseFinishedCallback
 .text.HAL_TIM_TriggerCallback
                0x08005262       0x14 ./Drivers/STM32F4xx_HAL_Driver/Src/stm32f4xx_hal_tim.o
                0x08005262                HAL_TIM_TriggerCallback
 *fill*         0x08005276        0x2 
 .text.TIM_Base_SetConfig
                0x08005278      0x10c ./Drivers/STM32F4xx_HAL_Driver/Src/stm32f4xx_hal_tim.o
                0x08005278                TIM_Base_SetConfig
 .text.TIM_SlaveTimer_SetConfig
                0x08005384      0x122 ./Drivers/STM32F4xx_HAL_Driver/Src/stm32f4xx_hal_tim.o
 .text.TIM_TI1_ConfigInputStage
                0x080054a6       0x5e ./Drivers/STM32F4xx_HAL_Driver/Src/stm32f4xx_hal_tim.o
 .text.TIM_TI2_ConfigInputStage
                0x08005504       0x60 ./Drivers/STM32F4xx_HAL_Driver/Src/stm32f4xx_hal_tim.o
 .text.TIM_ITRx_SetConfig
                0x08005564       0x36 ./Drivers/STM32F4xx_HAL_Driver/Src/stm32f4xx_hal_tim.o
 .text.TIM_ETR_SetConfig
                0x0800559a       0x40 ./Drivers/STM32F4xx_HAL_Driver/Src/stm32f4xx_hal_tim.o
                0x0800559a                TIM_ETR_SetConfig
 *fill*         0x080055da        0x2 
 .text.HAL_TIMEx_MasterConfigSynchronization
                0x080055dc       0xdc ./Drivers/STM32F4xx_HAL_Driver/Src/stm32f4xx_hal_tim_ex.o
                0x080055dc                HAL_TIMEx_MasterConfigSynchronization
 .text.HAL_TIMEx_CommutCallback
                0x080056b8       0x14 ./Drivers/STM32F4xx_HAL_Driver/Src/stm32f4xx_hal_tim_ex.o
                0x080056b8                HAL_TIMEx_CommutCallback
 .text.HAL_TIMEx_BreakCallback
                0x080056cc       0x14 ./Drivers/STM32F4xx_HAL_Driver/Src/stm32f4xx_hal_tim_ex.o
                0x080056cc                HAL_TIMEx_BreakCallback
 .text.USB_CoreInit
                0x080056e0       0xc8 ./Drivers/STM32F4xx_HAL_Driver/Src/stm32f4xx_ll_usb.o
                0x080056e0                USB_CoreInit
 .text.USB_SetTurnaroundTime
                0x080057a8      0x144 ./Drivers/STM32F4xx_HAL_Driver/Src/stm32f4xx_ll_usb.o
                0x080057a8                USB_SetTurnaroundTime
 .text.USB_EnableGlobalInt
                0x080058ec       0x22 ./Drivers/STM32F4xx_HAL_Driver/Src/stm32f4xx_ll_usb.o
                0x080058ec                USB_EnableGlobalInt
 .text.USB_DisableGlobalInt
                0x0800590e       0x22 ./Drivers/STM32F4xx_HAL_Driver/Src/stm32f4xx_ll_usb.o
                0x0800590e                USB_DisableGlobalInt
 .text.USB_SetCurrentMode
                0x08005930       0x98 ./Drivers/STM32F4xx_HAL_Driver/Src/stm32f4xx_ll_usb.o
                0x08005930                USB_SetCurrentMode
 .text.USB_DevInit
                0x080059c8      0x2c8 ./Drivers/STM32F4xx_HAL_Driver/Src/stm32f4xx_ll_usb.o
                0x080059c8                USB_DevInit
 .text.USB_FlushTxFifo
                0x08005c90       0x64 ./Drivers/STM32F4xx_HAL_Driver/Src/stm32f4xx_ll_usb.o
                0x08005c90                USB_FlushTxFifo
 .text.USB_FlushRxFifo
                0x08005cf4       0x5c ./Drivers/STM32F4xx_HAL_Driver/Src/stm32f4xx_ll_usb.o
                0x08005cf4                USB_FlushRxFifo
 .text.USB_SetDevSpeed
                0x08005d50       0x32 ./Drivers/STM32F4xx_HAL_Driver/Src/stm32f4xx_ll_usb.o
                0x08005d50                USB_SetDevSpeed
 .text.USB_GetDevSpeed
                0x08005d82       0x4a ./Drivers/STM32F4xx_HAL_Driver/Src/stm32f4xx_ll_usb.o
                0x08005d82                USB_GetDevSpeed
 .text.USB_ActivateEndpoint
                0x08005dcc      0x10e ./Drivers/STM32F4xx_HAL_Driver/Src/stm32f4xx_ll_usb.o
                0x08005dcc                USB_ActivateEndpoint
 *fill*         0x08005eda        0x2 
 .text.USB_DeactivateEndpoint
                0x08005edc      0x1b8 ./Drivers/STM32F4xx_HAL_Driver/Src/stm32f4xx_ll_usb.o
                0x08005edc                USB_DeactivateEndpoint
 .text.USB_EPStartXfer
                0x08006094      0x53c ./Drivers/STM32F4xx_HAL_Driver/Src/stm32f4xx_ll_usb.o
                0x08006094                USB_EPStartXfer
 .text.USB_EPStopXfer
                0x080065d0      0x154 ./Drivers/STM32F4xx_HAL_Driver/Src/stm32f4xx_ll_usb.o
                0x080065d0                USB_EPStopXfer
 .text.USB_WritePacket
                0x08006724       0x7c ./Drivers/STM32F4xx_HAL_Driver/Src/stm32f4xx_ll_usb.o
                0x08006724                USB_WritePacket
 .text.USB_ReadPacket
                0x080067a0       0xb0 ./Drivers/STM32F4xx_HAL_Driver/Src/stm32f4xx_ll_usb.o
                0x080067a0                USB_ReadPacket
 .text.USB_EPSetStall
                0x08006850       0xdc ./Drivers/STM32F4xx_HAL_Driver/Src/stm32f4xx_ll_usb.o
                0x08006850                USB_EPSetStall
 .text.USB_EPClearStall
                0x0800692c       0xcc ./Drivers/STM32F4xx_HAL_Driver/Src/stm32f4xx_ll_usb.o
                0x0800692c                USB_EPClearStall
 .text.USB_SetDevAddress
                0x080069f8       0x4c ./Drivers/STM32F4xx_HAL_Driver/Src/stm32f4xx_ll_usb.o
                0x080069f8                USB_SetDevAddress
 .text.USB_DevConnect
                0x08006a44       0x42 ./Drivers/STM32F4xx_HAL_Driver/Src/stm32f4xx_ll_usb.o
                0x08006a44                USB_DevConnect
 .text.USB_DevDisconnect
                0x08006a86       0x42 ./Drivers/STM32F4xx_HAL_Driver/Src/stm32f4xx_ll_usb.o
                0x08006a86                USB_DevDisconnect
 .text.USB_ReadInterrupts
                0x08006ac8       0x26 ./Drivers/STM32F4xx_HAL_Driver/Src/stm32f4xx_ll_usb.o
                0x08006ac8                USB_ReadInterrupts
 .text.USB_ReadDevAllOutEpInterrupt
                0x08006aee       0x34 ./Drivers/STM32F4xx_HAL_Driver/Src/stm32f4xx_ll_usb.o
                0x08006aee                USB_ReadDevAllOutEpInterrupt
 .text.USB_ReadDevAllInEpInterrupt
                0x08006b22       0x34 ./Drivers/STM32F4xx_HAL_Driver/Src/stm32f4xx_ll_usb.o
                0x08006b22                USB_ReadDevAllInEpInterrupt
 .text.USB_ReadDevOutEPInterrupt
                0x08006b56       0x3c ./Drivers/STM32F4xx_HAL_Driver/Src/stm32f4xx_ll_usb.o
                0x08006b56                USB_ReadDevOutEPInterrupt
 .text.USB_ReadDevInEPInterrupt
                0x08006b92       0x5c ./Drivers/STM32F4xx_HAL_Driver/Src/stm32f4xx_ll_usb.o
                0x08006b92                USB_ReadDevInEPInterrupt
 .text.USB_GetMode
                0x08006bee       0x1c ./Drivers/STM32F4xx_HAL_Driver/Src/stm32f4xx_ll_usb.o
                0x08006bee                USB_GetMode
 .text.USB_ActivateSetup
                0x08006c0a       0x46 ./Drivers/STM32F4xx_HAL_Driver/Src/stm32f4xx_ll_usb.o
                0x08006c0a                USB_ActivateSetup
 .text.USB_EP0_OutStart
                0x08006c50       0xbc ./Drivers/STM32F4xx_HAL_Driver/Src/stm32f4xx_ll_usb.o
                0x08006c50                USB_EP0_OutStart
 .text.USB_CoreReset
                0x08006d0c       0x70 ./Drivers/STM32F4xx_HAL_Driver/Src/stm32f4xx_ll_usb.o
 .text.USBD_CDC_Init
                0x08006d7c      0x1f0 ./Middlewares/ST/STM32_USB_Device_Library/Class/CDC/Src/usbd_cdc.o
 .text.USBD_CDC_DeInit
                0x08006f6c      0x104 ./Middlewares/ST/STM32_USB_Device_Library/Class/CDC/Src/usbd_cdc.o
 .text.USBD_CDC_Setup
                0x08007070      0x1b8 ./Middlewares/ST/STM32_USB_Device_Library/Class/CDC/Src/usbd_cdc.o
 .text.USBD_CDC_DataIn
                0x08007228       0xfe ./Middlewares/ST/STM32_USB_Device_Library/Class/CDC/Src/usbd_cdc.o
 .text.USBD_CDC_DataOut
                0x08007326       0x70 ./Middlewares/ST/STM32_USB_Device_Library/Class/CDC/Src/usbd_cdc.o
 .text.USBD_CDC_EP0_RxReady
                0x08007396       0x74 ./Middlewares/ST/STM32_USB_Device_Library/Class/CDC/Src/usbd_cdc.o
 *fill*         0x0800740a        0x2 
 .text.USBD_CDC_GetFSCfgDesc
                0x0800740c       0x70 ./Middlewares/ST/STM32_USB_Device_Library/Class/CDC/Src/usbd_cdc.o
 .text.USBD_CDC_GetHSCfgDesc
                0x0800747c       0x70 ./Middlewares/ST/STM32_USB_Device_Library/Class/CDC/Src/usbd_cdc.o
 .text.USBD_CDC_GetOtherSpeedCfgDesc
                0x080074ec       0x70 ./Middlewares/ST/STM32_USB_Device_Library/Class/CDC/Src/usbd_cdc.o
 .text.USBD_CDC_GetDeviceQualifierDescriptor
                0x0800755c       0x20 ./Middlewares/ST/STM32_USB_Device_Library/Class/CDC/Src/usbd_cdc.o
                0x0800755c                USBD_CDC_GetDeviceQualifierDescriptor
 .text.USBD_CDC_RegisterInterface
                0x0800757c       0x34 ./Middlewares/ST/STM32_USB_Device_Library/Class/CDC/Src/usbd_cdc.o
                0x0800757c                USBD_CDC_RegisterInterface
 .text.USBD_CDC_SetTxBuffer
                0x080075b0       0x44 ./Middlewares/ST/STM32_USB_Device_Library/Class/CDC/Src/usbd_cdc.o
                0x080075b0                USBD_CDC_SetTxBuffer
 .text.USBD_CDC_SetRxBuffer
                0x080075f4       0x3a ./Middlewares/ST/STM32_USB_Device_Library/Class/CDC/Src/usbd_cdc.o
                0x080075f4                USBD_CDC_SetRxBuffer
 *fill*         0x0800762e        0x2 
 .text.USBD_CDC_TransmitPacket
                0x08007630       0x80 ./Middlewares/ST/STM32_USB_Device_Library/Class/CDC/Src/usbd_cdc.o
                0x08007630                USBD_CDC_TransmitPacket
 .text.USBD_CDC_ReceivePacket
                0x080076b0       0x6c ./Middlewares/ST/STM32_USB_Device_Library/Class/CDC/Src/usbd_cdc.o
                0x080076b0                USBD_CDC_ReceivePacket
 .text.USBD_Init
                0x0800771c       0x60 ./Middlewares/ST/STM32_USB_Device_Library/Core/Src/usbd_core.o
                0x0800771c                USBD_Init
 .text.USBD_RegisterClass
                0x0800777c       0x6c ./Middlewares/ST/STM32_USB_Device_Library/Core/Src/usbd_core.o
                0x0800777c                USBD_RegisterClass
 .text.USBD_Start
                0x080077e8       0x18 ./Middlewares/ST/STM32_USB_Device_Library/Core/Src/usbd_core.o
                0x080077e8                USBD_Start
 .text.USBD_RunTestMode
                0x08007800       0x16 ./Middlewares/ST/STM32_USB_Device_Library/Core/Src/usbd_core.o
                0x08007800                USBD_RunTestMode
 .text.USBD_SetClassConfig
                0x08007816       0x38 ./Middlewares/ST/STM32_USB_Device_Library/Core/Src/usbd_core.o
                0x08007816                USBD_SetClassConfig
 .text.USBD_ClrClassConfig
                0x0800784e       0x34 ./Middlewares/ST/STM32_USB_Device_Library/Core/Src/usbd_core.o
                0x0800784e                USBD_ClrClassConfig
 .text.USBD_LL_SetupStage
                0x08007882       0xaa ./Middlewares/ST/STM32_USB_Device_Library/Core/Src/usbd_core.o
                0x08007882                USBD_LL_SetupStage
 .text.USBD_LL_DataOutStage
                0x0800792c      0x178 ./Middlewares/ST/STM32_USB_Device_Library/Core/Src/usbd_core.o
                0x0800792c                USBD_LL_DataOutStage
 .text.USBD_LL_DataInStage
                0x08007aa4      0x176 ./Middlewares/ST/STM32_USB_Device_Library/Core/Src/usbd_core.o
                0x08007aa4                USBD_LL_DataInStage
 .text.USBD_LL_Reset
                0x08007c1a       0xa6 ./Middlewares/ST/STM32_USB_Device_Library/Core/Src/usbd_core.o
                0x08007c1a                USBD_LL_Reset
 .text.USBD_LL_SetSpeed
                0x08007cc0       0x20 ./Middlewares/ST/STM32_USB_Device_Library/Core/Src/usbd_core.o
                0x08007cc0                USBD_LL_SetSpeed
 .text.USBD_LL_Suspend
                0x08007ce0       0x38 ./Middlewares/ST/STM32_USB_Device_Library/Core/Src/usbd_core.o
                0x08007ce0                USBD_LL_Suspend
 .text.USBD_LL_Resume
                0x08007d18       0x30 ./Middlewares/ST/STM32_USB_Device_Library/Core/Src/usbd_core.o
                0x08007d18                USBD_LL_Resume
 .text.USBD_LL_SOF
                0x08007d48       0x40 ./Middlewares/ST/STM32_USB_Device_Library/Core/Src/usbd_core.o
                0x08007d48                USBD_LL_SOF
 .text.USBD_LL_IsoINIncomplete
                0x08007d88       0x64 ./Middlewares/ST/STM32_USB_Device_Library/Core/Src/usbd_core.o
                0x08007d88                USBD_LL_IsoINIncomplete
 .text.USBD_LL_IsoOUTIncomplete
                0x08007dec       0x64 ./Middlewares/ST/STM32_USB_Device_Library/Core/Src/usbd_core.o
                0x08007dec                USBD_LL_IsoOUTIncomplete
 .text.USBD_LL_DevConnected
                0x08007e50       0x16 ./Middlewares/ST/STM32_USB_Device_Library/Core/Src/usbd_core.o
                0x08007e50                USBD_LL_DevConnected
 .text.USBD_LL_DevDisconnected
                0x08007e66       0x46 ./Middlewares/ST/STM32_USB_Device_Library/Core/Src/usbd_core.o
                0x08007e66                USBD_LL_DevDisconnected
 .text.USBD_CoreFindIF
                0x08007eac       0x1a ./Middlewares/ST/STM32_USB_Device_Library/Core/Src/usbd_core.o
                0x08007eac                USBD_CoreFindIF
 .text.USBD_CoreFindEP
                0x08007ec6       0x1a ./Middlewares/ST/STM32_USB_Device_Library/Core/Src/usbd_core.o
                0x08007ec6                USBD_CoreFindEP
 .text.USBD_GetEpDesc
                0x08007ee0       0x70 ./Middlewares/ST/STM32_USB_Device_Library/Core/Src/usbd_core.o
                0x08007ee0                USBD_GetEpDesc
 .text.USBD_GetNextDesc
                0x08007f50       0x38 ./Middlewares/ST/STM32_USB_Device_Library/Core/Src/usbd_core.o
                0x08007f50                USBD_GetNextDesc
 .text.SWAPBYTE
                0x08007f88       0x3e ./Middlewares/ST/STM32_USB_Device_Library/Core/Src/usbd_ctlreq.o
 *fill*         0x08007fc6        0x2 
 .text.USBD_StdDevReq
                0x08007fc8       0xe4 ./Middlewares/ST/STM32_USB_Device_Library/Core/Src/usbd_ctlreq.o
                0x08007fc8                USBD_StdDevReq
 .text.USBD_StdItfReq
                0x080080ac       0xd8 ./Middlewares/ST/STM32_USB_Device_Library/Core/Src/usbd_ctlreq.o
                0x080080ac                USBD_StdItfReq
 .text.USBD_StdEPReq
                0x08008184      0x33e ./Middlewares/ST/STM32_USB_Device_Library/Core/Src/usbd_ctlreq.o
                0x08008184                USBD_StdEPReq
 *fill*         0x080084c2        0x2 
 .text.USBD_GetDescriptor
                0x080084c4      0x2d4 ./Middlewares/ST/STM32_USB_Device_Library/Core/Src/usbd_ctlreq.o
 .text.USBD_SetAddress
                0x08008798       0x88 ./Middlewares/ST/STM32_USB_Device_Library/Core/Src/usbd_ctlreq.o
 .text.USBD_SetConfig
                0x08008820      0x154 ./Middlewares/ST/STM32_USB_Device_Library/Core/Src/usbd_ctlreq.o
 .text.USBD_GetConfig
                0x08008974       0x6c ./Middlewares/ST/STM32_USB_Device_Library/Core/Src/usbd_ctlreq.o
 .text.USBD_GetStatus
                0x080089e0       0x68 ./Middlewares/ST/STM32_USB_Device_Library/Core/Src/usbd_ctlreq.o
 .text.USBD_SetFeature
                0x08008a48       0x52 ./Middlewares/ST/STM32_USB_Device_Library/Core/Src/usbd_ctlreq.o
 .text.USBD_ClrFeature
                0x08008a9a       0x44 ./Middlewares/ST/STM32_USB_Device_Library/Core/Src/usbd_ctlreq.o
 .text.USBD_ParseSetupRequest
                0x08008ade       0x74 ./Middlewares/ST/STM32_USB_Device_Library/Core/Src/usbd_ctlreq.o
                0x08008ade                USBD_ParseSetupRequest
 .text.USBD_CtlError
                0x08008b52       0x22 ./Middlewares/ST/STM32_USB_Device_Library/Core/Src/usbd_ctlreq.o
                0x08008b52                USBD_CtlError
 .text.USBD_GetString
                0x08008b74       0xa4 ./Middlewares/ST/STM32_USB_Device_Library/Core/Src/usbd_ctlreq.o
                0x08008b74                USBD_GetString
 .text.USBD_GetLen
                0x08008c18       0x34 ./Middlewares/ST/STM32_USB_Device_Library/Core/Src/usbd_ctlreq.o
 .text.USBD_CtlSendData
                0x08008c4c       0x3c ./Middlewares/ST/STM32_USB_Device_Library/Core/Src/usbd_ioreq.o
                0x08008c4c                USBD_CtlSendData
 .text.USBD_CtlContinueSendData
                0x08008c88       0x22 ./Middlewares/ST/STM32_USB_Device_Library/Core/Src/usbd_ioreq.o
                0x08008c88                USBD_CtlContinueSendData
 .text.USBD_CtlPrepareRx
                0x08008caa       0x42 ./Middlewares/ST/STM32_USB_Device_Library/Core/Src/usbd_ioreq.o
                0x08008caa                USBD_CtlPrepareRx
 .text.USBD_CtlContinueRx
                0x08008cec       0x22 ./Middlewares/ST/STM32_USB_Device_Library/Core/Src/usbd_ioreq.o
                0x08008cec                USBD_CtlContinueRx
 .text.USBD_CtlSendStatus
                0x08008d0e       0x26 ./Middlewares/ST/STM32_USB_Device_Library/Core/Src/usbd_ioreq.o
                0x08008d0e                USBD_CtlSendStatus
 .text.USBD_CtlReceiveStatus
                0x08008d34       0x26 ./Middlewares/ST/STM32_USB_Device_Library/Core/Src/usbd_ioreq.o
                0x08008d34                USBD_CtlReceiveStatus
 *fill*         0x08008d5a        0x2 
 .text.MX_USB_DEVICE_Init
                0x08008d5c       0x60 ./USB_DEVICE/App/usb_device.o
                0x08008d5c                MX_USB_DEVICE_Init
 .text.CDC_Init_FS
                0x08008dbc       0x28 ./USB_DEVICE/App/usbd_cdc_if.o
 .text.CDC_DeInit_FS
                0x08008de4       0x10 ./USB_DEVICE/App/usbd_cdc_if.o
 .text.CDC_Control_FS
                0x08008df4      0x15c ./USB_DEVICE/App/usbd_cdc_if.o
 .text.CDC_Receive_FS
                0x08008f50       0x40 ./USB_DEVICE/App/usbd_cdc_if.o
 .text.CDC_Transmit_FS
                0x08008f90       0x4c ./USB_DEVICE/App/usbd_cdc_if.o
                0x08008f90                CDC_Transmit_FS
 .text.CDC_TransmitCplt_FS
                0x08008fdc       0x22 ./USB_DEVICE/App/usbd_cdc_if.o
 *fill*         0x08008ffe        0x2 
 .text.CDC_Attach_Rx
                0x08009000       0x20 ./USB_DEVICE/App/usbd_cdc_if.o
                0x08009000                CDC_Attach_Rx
 .text.USBD_FS_DeviceDescriptor
                0x08009020       0x24 ./USB_DEVICE/App/usbd_desc.o
                0x08009020                USBD_FS_DeviceDescriptor
 .text.USBD_FS_LangIDStrDescriptor
                0x08009044       0x24 ./USB_DEVICE/App/usbd_desc.o
                0x08009044                USBD_FS_LangIDStrDescriptor
 .text.USBD_FS_ProductStrDescriptor
                0x08009068       0x3c ./USB_DEVICE/App/usbd_desc.o
                0x08009068                USBD_FS_ProductStrDescriptor
 .text.USBD_FS_ManufacturerStrDescriptor
                0x080090a4       0x28 ./USB_DEVICE/App/usbd_desc.o
                0x080090a4                USBD_FS_ManufacturerStrDescriptor
 .text.USBD_FS_SerialStrDescriptor
                0x080090cc       0x24 ./USB_DEVICE/App/usbd_desc.o
                0x080090cc                USBD_FS_SerialStrDescriptor
 .text.USBD_FS_ConfigStrDescriptor
                0x080090f0       0x3c ./USB_DEVICE/App/usbd_desc.o
                0x080090f0                USBD_FS_ConfigStrDescriptor
 .text.USBD_FS_InterfaceStrDescriptor
                0x0800912c       0x3c ./USB_DEVICE/App/usbd_desc.o
                0x0800912c                USBD_FS_InterfaceStrDescriptor
 .text.Get_SerialNum
                0x08009168       0x58 ./USB_DEVICE/App/usbd_desc.o
 .text.IntToUnicode
                0x080091c0       0x7e ./USB_DEVICE/App/usbd_desc.o
 *fill*         0x0800923e        0x2 
 .text.HAL_PCD_MspInit
                0x08009240       0xa8 ./USB_DEVICE/Target/usbd_conf.o
                0x08009240                HAL_PCD_MspInit
 .text.HAL_PCD_SetupStageCallback
                0x080092e8       0x24 ./USB_DEVICE/Target/usbd_conf.o
                0x080092e8                HAL_PCD_SetupStageCallback
 .text.HAL_PCD_DataOutStageCallback
                0x0800930c       0x36 ./USB_DEVICE/Target/usbd_conf.o
                0x0800930c                HAL_PCD_DataOutStageCallback
 .text.HAL_PCD_DataInStageCallback
                0x08009342       0x34 ./USB_DEVICE/Target/usbd_conf.o
                0x08009342                HAL_PCD_DataInStageCallback
 .text.HAL_PCD_SOFCallback
                0x08009376       0x1c ./USB_DEVICE/Target/usbd_conf.o
                0x08009376                HAL_PCD_SOFCallback
 .text.HAL_PCD_ResetCallback
                0x08009392       0x3c ./USB_DEVICE/Target/usbd_conf.o
                0x08009392                HAL_PCD_ResetCallback
 *fill*         0x080093ce        0x2 
 .text.HAL_PCD_SuspendCallback
                0x080093d0       0x4c ./USB_DEVICE/Target/usbd_conf.o
                0x080093d0                HAL_PCD_SuspendCallback
 .text.HAL_PCD_ResumeCallback
                0x0800941c       0x1c ./USB_DEVICE/Target/usbd_conf.o
                0x0800941c                HAL_PCD_ResumeCallback
 .text.HAL_PCD_ISOOUTIncompleteCallback
                0x08009438       0x24 ./USB_DEVICE/Target/usbd_conf.o
                0x08009438                HAL_PCD_ISOOUTIncompleteCallback
 .text.HAL_PCD_ISOINIncompleteCallback
                0x0800945c       0x24 ./USB_DEVICE/Target/usbd_conf.o
                0x0800945c                HAL_PCD_ISOINIncompleteCallback
 .text.HAL_PCD_ConnectCallback
                0x08009480       0x1c ./USB_DEVICE/Target/usbd_conf.o
                0x08009480                HAL_PCD_ConnectCallback
 .text.HAL_PCD_DisconnectCallback
                0x0800949c       0x1c ./USB_DEVICE/Target/usbd_conf.o
                0x0800949c                HAL_PCD_DisconnectCallback
 .text.USBD_LL_Init
                0x080094b8       0x98 ./USB_DEVICE/Target/usbd_conf.o
                0x080094b8                USBD_LL_Init
 .text.USBD_LL_Start
                0x08009550       0x36 ./USB_DEVICE/Target/usbd_conf.o
                0x08009550                USBD_LL_Start
 .text.USBD_LL_OpenEP
                0x08009586       0x4c ./USB_DEVICE/Target/usbd_conf.o
                0x08009586                USBD_LL_OpenEP
 .text.USBD_LL_CloseEP
                0x080095d2       0x3e ./USB_DEVICE/Target/usbd_conf.o
                0x080095d2                USBD_LL_CloseEP
 .text.USBD_LL_StallEP
                0x08009610       0x3e ./USB_DEVICE/Target/usbd_conf.o
                0x08009610                USBD_LL_StallEP
 .text.USBD_LL_ClearStallEP
                0x0800964e       0x3e ./USB_DEVICE/Target/usbd_conf.o
                0x0800964e                USBD_LL_ClearStallEP
 .text.USBD_LL_IsStallEP
                0x0800968c       0x58 ./USB_DEVICE/Target/usbd_conf.o
                0x0800968c                USBD_LL_IsStallEP
 .text.USBD_LL_SetUSBAddress
                0x080096e4       0x3e ./USB_DEVICE/Target/usbd_conf.o
                0x080096e4                USBD_LL_SetUSBAddress
 .text.USBD_LL_Transmit
                0x08009722       0x42 ./USB_DEVICE/Target/usbd_conf.o
                0x08009722                USBD_LL_Transmit
 .text.USBD_LL_PrepareReceive
                0x08009764       0x42 ./USB_DEVICE/Target/usbd_conf.o
                0x08009764                USBD_LL_PrepareReceive
 .text.USBD_LL_GetRxDataSize
                0x080097a6       0x26 ./USB_DEVICE/Target/usbd_conf.o
                0x080097a6                USBD_LL_GetRxDataSize
 .text.USBD_static_malloc
                0x080097cc       0x1c ./USB_DEVICE/Target/usbd_conf.o
                0x080097cc                USBD_static_malloc
 .text.USBD_static_free
                0x080097e8       0x14 ./USB_DEVICE/Target/usbd_conf.o
                0x080097e8                USBD_static_free
 .text.USBD_Get_USB_Status
                0x080097fc       0x58 ./USB_DEVICE/Target/usbd_conf.o
                0x080097fc                USBD_Get_USB_Status
 .text.memset   0x08009854       0x10 C:/ST/STM32CubeIDE_1.18.1/STM32CubeIDE/plugins/com.st.stm32cube.ide.mcu.externaltools.gnu-tools-for-stm32.13.3.rel1.win32_1.0.0.202411081344/tools/bin/../lib/gcc/arm-none-eabi/13.3.1/../../../../arm-none-eabi/lib/thumb/v7e-m+fp/hard\libc_nano.a(libc_a-memset.o)
                0x08009854                memset
 .text.__libc_init_array
                0x08009864       0x48 C:/ST/STM32CubeIDE_1.18.1/STM32CubeIDE/plugins/com.st.stm32cube.ide.mcu.externaltools.gnu-tools-for-stm32.13.3.rel1.win32_1.0.0.202411081344/tools/bin/../lib/gcc/arm-none-eabi/13.3.1/../../../../arm-none-eabi/lib/thumb/v7e-m+fp/hard\libc_nano.a(libc_a-init.o)
                0x08009864                __libc_init_array
 *(.glue_7)
 .glue_7        0x080098ac        0x0 linker stubs
 *(.glue_7t)
 .glue_7t       0x080098ac        0x0 linker stubs
 *(.eh_frame)
 .eh_frame      0x080098ac        0x0 C:/ST/STM32CubeIDE_1.18.1/STM32CubeIDE/plugins/com.st.stm32cube.ide.mcu.externaltools.gnu-tools-for-stm32.13.3.rel1.win32_1.0.0.202411081344/tools/bin/../lib/gcc/arm-none-eabi/13.3.1/thumb/v7e-m+fp/hard/crtbegin.o
 *(.init)
 .init          0x080098ac        0x4 C:/ST/STM32CubeIDE_1.18.1/STM32CubeIDE/plugins/com.st.stm32cube.ide.mcu.externaltools.gnu-tools-for-stm32.13.3.rel1.win32_1.0.0.202411081344/tools/bin/../lib/gcc/arm-none-eabi/13.3.1/thumb/v7e-m+fp/hard/crti.o
                0x080098ac                _init
 .init          0x080098b0        0x8 C:/ST/STM32CubeIDE_1.18.1/STM32CubeIDE/plugins/com.st.stm32cube.ide.mcu.externaltools.gnu-tools-for-stm32.13.3.rel1.win32_1.0.0.202411081344/tools/bin/../lib/gcc/arm-none-eabi/13.3.1/thumb/v7e-m+fp/hard/crtn.o
 *(.fini)
 .fini          0x080098b8        0x4 C:/ST/STM32CubeIDE_1.18.1/STM32CubeIDE/plugins/com.st.stm32cube.ide.mcu.externaltools.gnu-tools-for-stm32.13.3.rel1.win32_1.0.0.202411081344/tools/bin/../lib/gcc/arm-none-eabi/13.3.1/thumb/v7e-m+fp/hard/crti.o
                0x080098b8                _fini
 .fini          0x080098bc        0x8 C:/ST/STM32CubeIDE_1.18.1/STM32CubeIDE/plugins/com.st.stm32cube.ide.mcu.externaltools.gnu-tools-for-stm32.13.3.rel1.win32_1.0.0.202411081344/tools/bin/../lib/gcc/arm-none-eabi/13.3.1/thumb/v7e-m+fp/hard/crtn.o
                0x080098c4                        . = ALIGN (0x4)
                0x080098c4                        _etext = .

.vfp11_veneer   0x080098c4        0x0
 .vfp11_veneer  0x080098c4        0x0 linker stubs

.v4_bx          0x080098c4        0x0
 .v4_bx         0x080098c4        0x0 linker stubs

.iplt           0x080098c4        0x0
 .iplt          0x080098c4        0x0 C:/ST/STM32CubeIDE_1.18.1/STM32CubeIDE/plugins/com.st.stm32cube.ide.mcu.externaltools.gnu-tools-for-stm32.13.3.rel1.win32_1.0.0.202411081344/tools/bin/../lib/gcc/arm-none-eabi/13.3.1/thumb/v7e-m+fp/hard/crtbegin.o

.rodata         0x080098c4       0x78
                0x080098c4                        . = ALIGN (0x4)
 *(.rodata)
 .rodata        0x080098c4       0x46 ./USB_DEVICE/App/usbd_desc.o
 *(.rodata*)
 *fill*         0x0800990a        0x2 
 .rodata.firmware
                0x0800990c        0xd ./Core/Src/main.o
                0x0800990c                firmware
 *fill*         0x08009919        0x3 
 .rodata.AHBPrescTable
                0x0800991c       0x10 ./Core/Src/system_stm32f4xx.o
                0x0800991c                AHBPrescTable
 .rodata.APBPrescTable
                0x0800992c        0x8 ./Core/Src/system_stm32f4xx.o
                0x0800992c                APBPrescTable
 .rodata.flagBitshiftOffset.0
                0x08009934        0x8 ./Drivers/STM32F4xx_HAL_Driver/Src/stm32f4xx_hal_dma.o
                0x0800993c                        . = ALIGN (0x4)

.ARM.extab      0x0800993c        0x0
                0x0800993c                        . = ALIGN (0x4)
 *(.ARM.extab* .gnu.linkonce.armextab.*)
                0x0800993c                        . = ALIGN (0x4)

.ARM            0x0800993c        0x8
                0x0800993c                        . = ALIGN (0x4)
                0x0800993c                        __exidx_start = .
 *(.ARM.exidx*)
 .ARM.exidx     0x0800993c        0x8 C:/ST/STM32CubeIDE_1.18.1/STM32CubeIDE/plugins/com.st.stm32cube.ide.mcu.externaltools.gnu-tools-for-stm32.13.3.rel1.win32_1.0.0.202411081344/tools/bin/../lib/gcc/arm-none-eabi/13.3.1/thumb/v7e-m+fp/hard\libgcc.a(_udivmoddi4.o)
                0x08009944                        __exidx_end = .
                0x08009944                        . = ALIGN (0x4)

.preinit_array  0x08009944        0x0
                0x08009944                        . = ALIGN (0x4)
                0x08009944                        PROVIDE (__preinit_array_start = .)
 *(.preinit_array*)
                0x08009944                        PROVIDE (__preinit_array_end = .)
                0x08009944                        . = ALIGN (0x4)

.init_array     0x08009944        0x4
                0x08009944                        . = ALIGN (0x4)
                0x08009944                        PROVIDE (__init_array_start = .)
 *(SORT_BY_NAME(.init_array.*))
 *(.init_array*)
 .init_array    0x08009944        0x4 C:/ST/STM32CubeIDE_1.18.1/STM32CubeIDE/plugins/com.st.stm32cube.ide.mcu.externaltools.gnu-tools-for-stm32.13.3.rel1.win32_1.0.0.202411081344/tools/bin/../lib/gcc/arm-none-eabi/13.3.1/thumb/v7e-m+fp/hard/crtbegin.o
                0x08009948                        PROVIDE (__init_array_end = .)
                0x08009948                        . = ALIGN (0x4)

.fini_array     0x08009948        0x4
                0x08009948                        . = ALIGN (0x4)
                [!provide]                        PROVIDE (__fini_array_start = .)
 *(SORT_BY_NAME(.fini_array.*))
 *(.fini_array*)
 .fini_array    0x08009948        0x4 C:/ST/STM32CubeIDE_1.18.1/STM32CubeIDE/plugins/com.st.stm32cube.ide.mcu.externaltools.gnu-tools-for-stm32.13.3.rel1.win32_1.0.0.202411081344/tools/bin/../lib/gcc/arm-none-eabi/13.3.1/thumb/v7e-m+fp/hard/crtbegin.o
                [!provide]                        PROVIDE (__fini_array_end = .)
                0x0800994c                        . = ALIGN (0x4)
                0x0800994c                        _sidata = LOADADDR (.data)

.rel.dyn        0x0800994c        0x0
 .rel.iplt      0x0800994c        0x0 C:/ST/STM32CubeIDE_1.18.1/STM32CubeIDE/plugins/com.st.stm32cube.ide.mcu.externaltools.gnu-tools-for-stm32.13.3.rel1.win32_1.0.0.202411081344/tools/bin/../lib/gcc/arm-none-eabi/13.3.1/thumb/v7e-m+fp/hard/crtbegin.o

.data           0x20000000      0x130 load address 0x0800994c
                0x20000000                        . = ALIGN (0x4)
                0x20000000                        _sdata = .
 *(.data)
 *(.data*)
 .data.heartBeatMask
                0x20000000       0x28 ./Core/Src/main.o
                0x20000000                heartBeatMask
 .data.tmo100ms.1
                0x20000028        0x4 ./Core/Src/main.o
 .data.SystemCoreClock
                0x2000002c        0x4 ./Core/Src/system_stm32f4xx.o
                0x2000002c                SystemCoreClock
 .data.uwTickPrio
                0x20000030        0x4 ./Drivers/STM32F4xx_HAL_Driver/Src/stm32f4xx_hal.o
                0x20000030                uwTickPrio
 .data.uwTickFreq
                0x20000034        0x1 ./Drivers/STM32F4xx_HAL_Driver/Src/stm32f4xx_hal.o
                0x20000034                uwTickFreq
 *fill*         0x20000035        0x3 
 .data.USBD_CDC_DeviceQualifierDesc
                0x20000038        0xa ./Middlewares/ST/STM32_USB_Device_Library/Class/CDC/Src/usbd_cdc.o
 *fill*         0x20000042        0x2 
 .data.USBD_CDC
                0x20000044       0x38 ./Middlewares/ST/STM32_USB_Device_Library/Class/CDC/Src/usbd_cdc.o
                0x20000044                USBD_CDC
 .data.USBD_CDC_CfgDesc
                0x2000007c       0x43 ./Middlewares/ST/STM32_USB_Device_Library/Class/CDC/Src/usbd_cdc.o
 .data.CDCInEpAdd
                0x200000bf        0x1 ./Middlewares/ST/STM32_USB_Device_Library/Class/CDC/Src/usbd_cdc.o
 .data.CDCOutEpAdd
                0x200000c0        0x1 ./Middlewares/ST/STM32_USB_Device_Library/Class/CDC/Src/usbd_cdc.o
 .data.CDCCmdEpAdd
                0x200000c1        0x1 ./Middlewares/ST/STM32_USB_Device_Library/Class/CDC/Src/usbd_cdc.o
 *fill*         0x200000c2        0x2 
 .data.LineCoding
                0x200000c4        0x8 ./USB_DEVICE/App/usbd_cdc_if.o
                0x200000c4                LineCoding
 .data.USBD_Interface_fops_FS
                0x200000cc       0x14 ./USB_DEVICE/App/usbd_cdc_if.o
                0x200000cc                USBD_Interface_fops_FS
 .data.FS_Desc  0x200000e0       0x1c ./USB_DEVICE/App/usbd_desc.o
                0x200000e0                FS_Desc
 .data.USBD_FS_DeviceDesc
                0x200000fc       0x12 ./USB_DEVICE/App/usbd_desc.o
                0x200000fc                USBD_FS_DeviceDesc
 *fill*         0x2000010e        0x2 
 .data.USBD_LangIDDesc
                0x20000110        0x4 ./USB_DEVICE/App/usbd_desc.o
                0x20000110                USBD_LangIDDesc
 .data.USBD_StringSerial
                0x20000114       0x1a ./USB_DEVICE/App/usbd_desc.o
                0x20000114                USBD_StringSerial
 *(.RamFunc)
 *(.RamFunc*)
                0x20000130                        . = ALIGN (0x4)
 *fill*         0x2000012e        0x2 
                0x20000130                        _edata = .

.igot.plt       0x20000130        0x0 load address 0x08009a7c
 .igot.plt      0x20000130        0x0 C:/ST/STM32CubeIDE_1.18.1/STM32CubeIDE/plugins/com.st.stm32cube.ide.mcu.externaltools.gnu-tools-for-stm32.13.3.rel1.win32_1.0.0.202411081344/tools/bin/../lib/gcc/arm-none-eabi/13.3.1/thumb/v7e-m+fp/hard/crtbegin.o
                0x20000130                        . = ALIGN (0x4)

.bss            0x20000130     0x1394 load address 0x08009a7c
                0x20000130                        _sbss = .
                0x20000130                        __bss_start__ = _sbss
 *(.bss)
 .bss           0x20000130       0x1c C:/ST/STM32CubeIDE_1.18.1/STM32CubeIDE/plugins/com.st.stm32cube.ide.mcu.externaltools.gnu-tools-for-stm32.13.3.rel1.win32_1.0.0.202411081344/tools/bin/../lib/gcc/arm-none-eabi/13.3.1/thumb/v7e-m+fp/hard/crtbegin.o
 *(.bss*)
 .bss.hadc1     0x2000014c       0x48 ./Core/Src/main.o
                0x2000014c                hadc1
 .bss.hdma_adc1
                0x20000194       0x60 ./Core/Src/main.o
                0x20000194                hdma_adc1
 .bss.hi2c1     0x200001f4       0x54 ./Core/Src/main.o
                0x200001f4                hi2c1
 .bss.htim1     0x20000248       0x48 ./Core/Src/main.o
                0x20000248                htim1
 .bss.time10ms  0x20000290        0x1 ./Core/Src/main.o
                0x20000290                time10ms
 *fill*         0x20000291        0x3 
 .bss.adcData   0x20000294       0x10 ./Core/Src/main.o
                0x20000294                adcData
 .bss.adcDataTx
                0x200002a4       0x10 ./Core/Src/main.o
                0x200002a4                adcDataTx
 .bss.USBTx     0x200002b4        0xc ./Core/Src/main.o
                0x200002b4                USBTx
 .bss.USBRx     0x200002c0        0xc ./Core/Src/main.o
                0x200002c0                USBRx
 .bss.buffUSBTx
                0x200002cc      0x100 ./Core/Src/main.o
                0x200002cc                buffUSBTx
 .bss.buffUSBRx
                0x200003cc      0x100 ./Core/Src/main.o
                0x200003cc                buffUSBRx
 .bss.nBytesTx  0x200004cc        0x1 ./Core/Src/main.o
                0x200004cc                nBytesTx
 *fill*         0x200004cd        0x3 
 .bss.myFlag    0x200004d0        0x1 ./Core/Src/main.o
                0x200004d0                myFlag
 .bss.times.0   0x200004d1        0x1 ./Core/Src/main.o
 .bss.chk       0x200004d2        0x1 ./Core/Src/protocol.o
                0x200004d2                chk
 .bss.header.1  0x200004d3        0x1 ./Core/Src/protocol.o
 .bss.nBytes.0  0x200004d4        0x1 ./Core/Src/protocol.o
 *fill*         0x200004d5        0x3 
 .bss.uwTick    0x200004d8        0x4 ./Drivers/STM32F4xx_HAL_Driver/Src/stm32f4xx_hal.o
                0x200004d8                uwTick
 .bss.cfgidx.0  0x200004dc        0x1 ./Middlewares/ST/STM32_USB_Device_Library/Core/Src/usbd_ctlreq.o
 *fill*         0x200004dd        0x3 
 .bss.hUsbDeviceFS
                0x200004e0      0x2dc ./USB_DEVICE/App/usb_device.o
                0x200004e0                hUsbDeviceFS
 .bss.UserRxBufferFS
                0x200007bc      0x200 ./USB_DEVICE/App/usbd_cdc_if.o
                0x200007bc                UserRxBufferFS
 .bss.UserTxBufferFS
                0x200009bc      0x200 ./USB_DEVICE/App/usbd_cdc_if.o
                0x200009bc                UserTxBufferFS
 .bss.MyPtrRx   0x20000bbc        0x4 ./USB_DEVICE/App/usbd_cdc_if.o
 .bss.USBD_StrDesc
                0x20000bc0      0x200 ./USB_DEVICE/App/usbd_desc.o
                0x20000bc0                USBD_StrDesc
 .bss.hpcd_USB_OTG_FS
                0x20000dc0      0x4e4 ./USB_DEVICE/Target/usbd_conf.o
                0x20000dc0                hpcd_USB_OTG_FS
 .bss.mem.0     0x200012a4      0x220 ./USB_DEVICE/Target/usbd_conf.o
 *(COMMON)
                0x200014c4                        . = ALIGN (0x4)
                0x200014c4                        _ebss = .
                0x200014c4                        __bss_end__ = _ebss

._user_heap_stack
                0x200014c4      0x604 load address 0x08009a7c
                0x200014c8                        . = ALIGN (0x8)
 *fill*         0x200014c4        0x4 
                [!provide]                        PROVIDE (end = .)
                0x200014c8                        PROVIDE (_end = .)
                0x200016c8                        . = (. + _Min_Heap_Size)
 *fill*         0x200014c8      0x200 
                0x20001ac8                        . = (. + _Min_Stack_Size)
 *fill*         0x200016c8      0x400 
                0x20001ac8                        . = ALIGN (0x8)

/DISCARD/
 libc.a(*)
 libm.a(*)
 libgcc.a(*)

.ARM.attributes
                0x00000000       0x30
 *(.ARM.attributes)
 .ARM.attributes
                0x00000000       0x22 C:/ST/STM32CubeIDE_1.18.1/STM32CubeIDE/plugins/com.st.stm32cube.ide.mcu.externaltools.gnu-tools-for-stm32.13.3.rel1.win32_1.0.0.202411081344/tools/bin/../lib/gcc/arm-none-eabi/13.3.1/thumb/v7e-m+fp/hard/crti.o
 .ARM.attributes
                0x00000022       0x34 C:/ST/STM32CubeIDE_1.18.1/STM32CubeIDE/plugins/com.st.stm32cube.ide.mcu.externaltools.gnu-tools-for-stm32.13.3.rel1.win32_1.0.0.202411081344/tools/bin/../lib/gcc/arm-none-eabi/13.3.1/thumb/v7e-m+fp/hard/crtbegin.o
 .ARM.attributes
                0x00000056       0x34 ./Core/Src/main.o
 .ARM.attributes
                0x0000008a       0x34 ./Core/Src/protocol.o
 .ARM.attributes
                0x000000be       0x34 ./Core/Src/stm32f4xx_hal_msp.o
 .ARM.attributes
                0x000000f2       0x34 ./Core/Src/stm32f4xx_it.o
 .ARM.attributes
                0x00000126       0x34 ./Core/Src/system_stm32f4xx.o
 .ARM.attributes
                0x0000015a       0x21 ./Core/Startup/startup_stm32f411ceux.o
 .ARM.attributes
                0x0000017b       0x34 ./Drivers/STM32F4xx_HAL_Driver/Src/stm32f4xx_hal.o
 .ARM.attributes
                0x000001af       0x34 ./Drivers/STM32F4xx_HAL_Driver/Src/stm32f4xx_hal_adc.o
 .ARM.attributes
                0x000001e3       0x34 ./Drivers/STM32F4xx_HAL_Driver/Src/stm32f4xx_hal_adc_ex.o
 .ARM.attributes
                0x00000217       0x34 ./Drivers/STM32F4xx_HAL_Driver/Src/stm32f4xx_hal_cortex.o
 .ARM.attributes
                0x0000024b       0x34 ./Drivers/STM32F4xx_HAL_Driver/Src/stm32f4xx_hal_dma.o
 .ARM.attributes
                0x0000027f       0x34 ./Drivers/STM32F4xx_HAL_Driver/Src/stm32f4xx_hal_gpio.o
 .ARM.attributes
                0x000002b3       0x34 ./Drivers/STM32F4xx_HAL_Driver/Src/stm32f4xx_hal_i2c.o
 .ARM.attributes
                0x000002e7       0x34 ./Drivers/STM32F4xx_HAL_Driver/Src/stm32f4xx_hal_pcd.o
 .ARM.attributes
                0x0000031b       0x34 ./Drivers/STM32F4xx_HAL_Driver/Src/stm32f4xx_hal_pcd_ex.o
 .ARM.attributes
                0x0000034f       0x34 ./Drivers/STM32F4xx_HAL_Driver/Src/stm32f4xx_hal_rcc.o
 .ARM.attributes
                0x00000383       0x34 ./Drivers/STM32F4xx_HAL_Driver/Src/stm32f4xx_hal_tim.o
 .ARM.attributes
                0x000003b7       0x34 ./Drivers/STM32F4xx_HAL_Driver/Src/stm32f4xx_hal_tim_ex.o
 .ARM.attributes
                0x000003eb       0x34 ./Drivers/STM32F4xx_HAL_Driver/Src/stm32f4xx_ll_usb.o
 .ARM.attributes
                0x0000041f       0x34 ./Middlewares/ST/STM32_USB_Device_Library/Class/CDC/Src/usbd_cdc.o
 .ARM.attributes
                0x00000453       0x34 ./Middlewares/ST/STM32_USB_Device_Library/Core/Src/usbd_core.o
 .ARM.attributes
                0x00000487       0x34 ./Middlewares/ST/STM32_USB_Device_Library/Core/Src/usbd_ctlreq.o
 .ARM.attributes
                0x000004bb       0x34 ./Middlewares/ST/STM32_USB_Device_Library/Core/Src/usbd_ioreq.o
 .ARM.attributes
                0x000004ef       0x34 ./USB_DEVICE/App/usb_device.o
 .ARM.attributes
                0x00000523       0x34 ./USB_DEVICE/App/usbd_cdc_if.o
 .ARM.attributes
                0x00000557       0x34 ./USB_DEVICE/App/usbd_desc.o
 .ARM.attributes
                0x0000058b       0x34 ./USB_DEVICE/Target/usbd_conf.o
 .ARM.attributes
                0x000005bf       0x34 C:/ST/STM32CubeIDE_1.18.1/STM32CubeIDE/plugins/com.st.stm32cube.ide.mcu.externaltools.gnu-tools-for-stm32.13.3.rel1.win32_1.0.0.202411081344/tools/bin/../lib/gcc/arm-none-eabi/13.3.1/../../../../arm-none-eabi/lib/thumb/v7e-m+fp/hard\libc_nano.a(libc_a-memset.o)
 .ARM.attributes
                0x000005f3       0x34 C:/ST/STM32CubeIDE_1.18.1/STM32CubeIDE/plugins/com.st.stm32cube.ide.mcu.externaltools.gnu-tools-for-stm32.13.3.rel1.win32_1.0.0.202411081344/tools/bin/../lib/gcc/arm-none-eabi/13.3.1/../../../../arm-none-eabi/lib/thumb/v7e-m+fp/hard\libc_nano.a(libc_a-init.o)
 .ARM.attributes
                0x00000627       0x22 C:/ST/STM32CubeIDE_1.18.1/STM32CubeIDE/plugins/com.st.stm32cube.ide.mcu.externaltools.gnu-tools-for-stm32.13.3.rel1.win32_1.0.0.202411081344/tools/bin/../lib/gcc/arm-none-eabi/13.3.1/thumb/v7e-m+fp/hard\libgcc.a(_aeabi_uldivmod.o)
 .ARM.attributes
                0x00000649       0x34 C:/ST/STM32CubeIDE_1.18.1/STM32CubeIDE/plugins/com.st.stm32cube.ide.mcu.externaltools.gnu-tools-for-stm32.13.3.rel1.win32_1.0.0.202411081344/tools/bin/../lib/gcc/arm-none-eabi/13.3.1/thumb/v7e-m+fp/hard\libgcc.a(_udivmoddi4.o)
 .ARM.attributes
                0x0000067d       0x22 C:/ST/STM32CubeIDE_1.18.1/STM32CubeIDE/plugins/com.st.stm32cube.ide.mcu.externaltools.gnu-tools-for-stm32.13.3.rel1.win32_1.0.0.202411081344/tools/bin/../lib/gcc/arm-none-eabi/13.3.1/thumb/v7e-m+fp/hard\libgcc.a(_dvmd_tls.o)
 .ARM.attributes
                0x0000069f       0x22 C:/ST/STM32CubeIDE_1.18.1/STM32CubeIDE/plugins/com.st.stm32cube.ide.mcu.externaltools.gnu-tools-for-stm32.13.3.rel1.win32_1.0.0.202411081344/tools/bin/../lib/gcc/arm-none-eabi/13.3.1/thumb/v7e-m+fp/hard/crtn.o
OUTPUT(FNMCC.elf elf32-littlearm)
LOAD linker stubs
LOAD C:/ST/STM32CubeIDE_1.18.1/STM32CubeIDE/plugins/com.st.stm32cube.ide.mcu.externaltools.gnu-tools-for-stm32.13.3.rel1.win32_1.0.0.202411081344/tools/bin/../lib/gcc/arm-none-eabi/13.3.1/../../../../arm-none-eabi/lib/thumb/v7e-m+fp/hard\libc.a
LOAD C:/ST/STM32CubeIDE_1.18.1/STM32CubeIDE/plugins/com.st.stm32cube.ide.mcu.externaltools.gnu-tools-for-stm32.13.3.rel1.win32_1.0.0.202411081344/tools/bin/../lib/gcc/arm-none-eabi/13.3.1/../../../../arm-none-eabi/lib/thumb/v7e-m+fp/hard\libm.a
LOAD C:/ST/STM32CubeIDE_1.18.1/STM32CubeIDE/plugins/com.st.stm32cube.ide.mcu.externaltools.gnu-tools-for-stm32.13.3.rel1.win32_1.0.0.202411081344/tools/bin/../lib/gcc/arm-none-eabi/13.3.1/thumb/v7e-m+fp/hard\libgcc.a

.debug_info     0x00000000    0x18958
 .debug_info    0x00000000     0x1bdc ./Core/Src/main.o
 .debug_info    0x00001bdc      0x335 ./Core/Src/protocol.o
 .debug_info    0x00001f11     0x1282 ./Core/Src/stm32f4xx_hal_msp.o
 .debug_info    0x00003193      0xeb1 ./Core/Src/stm32f4xx_it.o
 .debug_info    0x00004044      0x53e ./Core/Src/system_stm32f4xx.o
 .debug_info    0x00004582       0x30 ./Core/Startup/startup_stm32f411ceux.o
 .debug_info    0x000045b2      0x8c4 ./Drivers/STM32F4xx_HAL_Driver/Src/stm32f4xx_hal.o
 .debug_info    0x00004e76      0xce0 ./Drivers/STM32F4xx_HAL_Driver/Src/stm32f4xx_hal_adc.o
 .debug_info    0x00005b56      0xb65 ./Drivers/STM32F4xx_HAL_Driver/Src/stm32f4xx_hal_adc_ex.o
 .debug_info    0x000066bb      0xcfc ./Drivers/STM32F4xx_HAL_Driver/Src/stm32f4xx_hal_cortex.o
 .debug_info    0x000073b7      0x8e6 ./Drivers/STM32F4xx_HAL_Driver/Src/stm32f4xx_hal_dma.o
 .debug_info    0x00007c9d      0x6f9 ./Drivers/STM32F4xx_HAL_Driver/Src/stm32f4xx_hal_gpio.o
 .debug_info    0x00008396     0x2426 ./Drivers/STM32F4xx_HAL_Driver/Src/stm32f4xx_hal_i2c.o
 .debug_info    0x0000a7bc     0x1577 ./Drivers/STM32F4xx_HAL_Driver/Src/stm32f4xx_hal_pcd.o
 .debug_info    0x0000bd33      0x6ea ./Drivers/STM32F4xx_HAL_Driver/Src/stm32f4xx_hal_pcd_ex.o
 .debug_info    0x0000c41d      0x904 ./Drivers/STM32F4xx_HAL_Driver/Src/stm32f4xx_hal_rcc.o
 .debug_info    0x0000cd21     0x2996 ./Drivers/STM32F4xx_HAL_Driver/Src/stm32f4xx_hal_tim.o
 .debug_info    0x0000f6b7     0x14d4 ./Drivers/STM32F4xx_HAL_Driver/Src/stm32f4xx_hal_tim_ex.o
 .debug_info    0x00010b8b     0x1993 ./Drivers/STM32F4xx_HAL_Driver/Src/stm32f4xx_ll_usb.o
 .debug_info    0x0001251e     0x12b1 ./Middlewares/ST/STM32_USB_Device_Library/Class/CDC/Src/usbd_cdc.o
 .debug_info    0x000137cf      0xe12 ./Middlewares/ST/STM32_USB_Device_Library/Core/Src/usbd_core.o
 .debug_info    0x000145e1      0xaeb ./Middlewares/ST/STM32_USB_Device_Library/Core/Src/usbd_ctlreq.o
 .debug_info    0x000150cc      0x762 ./Middlewares/ST/STM32_USB_Device_Library/Core/Src/usbd_ioreq.o
 .debug_info    0x0001582e      0x70e ./USB_DEVICE/App/usb_device.o
 .debug_info    0x00015f3c      0x9b1 ./USB_DEVICE/App/usbd_cdc_if.o
 .debug_info    0x000168ed      0x458 ./USB_DEVICE/App/usbd_desc.o
 .debug_info    0x00016d45     0x1c13 ./USB_DEVICE/Target/usbd_conf.o

.debug_abbrev   0x00000000     0x3cd1
 .debug_abbrev  0x00000000      0x38e ./Core/Src/main.o
 .debug_abbrev  0x0000038e      0x154 ./Core/Src/protocol.o
 .debug_abbrev  0x000004e2      0x255 ./Core/Src/stm32f4xx_hal_msp.o
 .debug_abbrev  0x00000737      0x203 ./Core/Src/stm32f4xx_it.o
 .debug_abbrev  0x0000093a      0x11a ./Core/Src/system_stm32f4xx.o
 .debug_abbrev  0x00000a54       0x24 ./Core/Startup/startup_stm32f411ceux.o
 .debug_abbrev  0x00000a78      0x24b ./Drivers/STM32F4xx_HAL_Driver/Src/stm32f4xx_hal.o
 .debug_abbrev  0x00000cc3      0x20e ./Drivers/STM32F4xx_HAL_Driver/Src/stm32f4xx_hal_adc.o
 .debug_abbrev  0x00000ed1      0x22c ./Drivers/STM32F4xx_HAL_Driver/Src/stm32f4xx_hal_adc_ex.o
 .debug_abbrev  0x000010fd      0x31d ./Drivers/STM32F4xx_HAL_Driver/Src/stm32f4xx_hal_cortex.o
 .debug_abbrev  0x0000141a      0x221 ./Drivers/STM32F4xx_HAL_Driver/Src/stm32f4xx_hal_dma.o
 .debug_abbrev  0x0000163b      0x1d3 ./Drivers/STM32F4xx_HAL_Driver/Src/stm32f4xx_hal_gpio.o
 .debug_abbrev  0x0000180e      0x2bc ./Drivers/STM32F4xx_HAL_Driver/Src/stm32f4xx_hal_i2c.o
 .debug_abbrev  0x00001aca      0x2b6 ./Drivers/STM32F4xx_HAL_Driver/Src/stm32f4xx_hal_pcd.o
 .debug_abbrev  0x00001d80      0x1da ./Drivers/STM32F4xx_HAL_Driver/Src/stm32f4xx_hal_pcd_ex.o
 .debug_abbrev  0x00001f5a      0x2b6 ./Drivers/STM32F4xx_HAL_Driver/Src/stm32f4xx_hal_rcc.o
 .debug_abbrev  0x00002210      0x28b ./Drivers/STM32F4xx_HAL_Driver/Src/stm32f4xx_hal_tim.o
 .debug_abbrev  0x0000249b      0x296 ./Drivers/STM32F4xx_HAL_Driver/Src/stm32f4xx_hal_tim_ex.o
 .debug_abbrev  0x00002731      0x2b3 ./Drivers/STM32F4xx_HAL_Driver/Src/stm32f4xx_ll_usb.o
 .debug_abbrev  0x000029e4      0x2d2 ./Middlewares/ST/STM32_USB_Device_Library/Class/CDC/Src/usbd_cdc.o
 .debug_abbrev  0x00002cb6      0x27c ./Middlewares/ST/STM32_USB_Device_Library/Core/Src/usbd_core.o
 .debug_abbrev  0x00002f32      0x26f ./Middlewares/ST/STM32_USB_Device_Library/Core/Src/usbd_ctlreq.o
 .debug_abbrev  0x000031a1      0x19a ./Middlewares/ST/STM32_USB_Device_Library/Core/Src/usbd_ioreq.o
 .debug_abbrev  0x0000333b      0x195 ./USB_DEVICE/App/usb_device.o
 .debug_abbrev  0x000034d0      0x2e1 ./USB_DEVICE/App/usbd_cdc_if.o
 .debug_abbrev  0x000037b1      0x1e1 ./USB_DEVICE/App/usbd_desc.o
 .debug_abbrev  0x00003992      0x33f ./USB_DEVICE/Target/usbd_conf.o

.debug_aranges  0x00000000     0x1640
 .debug_aranges
                0x00000000       0x90 ./Core/Src/main.o
 .debug_aranges
                0x00000090       0x48 ./Core/Src/protocol.o
 .debug_aranges
                0x000000d8       0x50 ./Core/Src/stm32f4xx_hal_msp.o
 .debug_aranges
                0x00000128       0x98 ./Core/Src/stm32f4xx_it.o
 .debug_aranges
                0x000001c0       0x28 ./Core/Src/system_stm32f4xx.o
 .debug_aranges
                0x000001e8       0x28 ./Core/Startup/startup_stm32f411ceux.o
 .debug_aranges
                0x00000210       0xf0 ./Drivers/STM32F4xx_HAL_Driver/Src/stm32f4xx_hal.o
 .debug_aranges
                0x00000300       0xe8 ./Drivers/STM32F4xx_HAL_Driver/Src/stm32f4xx_hal_adc.o
 .debug_aranges
                0x000003e8       0x90 ./Drivers/STM32F4xx_HAL_Driver/Src/stm32f4xx_hal_adc_ex.o
 .debug_aranges
                0x00000478      0x130 ./Drivers/STM32F4xx_HAL_Driver/Src/stm32f4xx_hal_cortex.o
 .debug_aranges
                0x000005a8       0x90 ./Drivers/STM32F4xx_HAL_Driver/Src/stm32f4xx_hal_dma.o
 .debug_aranges
                0x00000638       0x58 ./Drivers/STM32F4xx_HAL_Driver/Src/stm32f4xx_hal_gpio.o
 .debug_aranges
                0x00000690      0x2a8 ./Drivers/STM32F4xx_HAL_Driver/Src/stm32f4xx_hal_i2c.o
 .debug_aranges
                0x00000938      0x148 ./Drivers/STM32F4xx_HAL_Driver/Src/stm32f4xx_hal_pcd.o
 .debug_aranges
                0x00000a80       0x38 ./Drivers/STM32F4xx_HAL_Driver/Src/stm32f4xx_hal_pcd_ex.o
 .debug_aranges
                0x00000ab8       0x88 ./Drivers/STM32F4xx_HAL_Driver/Src/stm32f4xx_hal_rcc.o
 .debug_aranges
                0x00000b40      0x3d0 ./Drivers/STM32F4xx_HAL_Driver/Src/stm32f4xx_hal_tim.o
 .debug_aranges
                0x00000f10      0x168 ./Drivers/STM32F4xx_HAL_Driver/Src/stm32f4xx_hal_tim_ex.o
 .debug_aranges
                0x00001078      0x1a0 ./Drivers/STM32F4xx_HAL_Driver/Src/stm32f4xx_ll_usb.o
 .debug_aranges
                0x00001218       0x90 ./Middlewares/ST/STM32_USB_Device_Library/Class/CDC/Src/usbd_cdc.o
 .debug_aranges
                0x000012a8       0xd8 ./Middlewares/ST/STM32_USB_Device_Library/Core/Src/usbd_core.o
 .debug_aranges
                0x00001380       0x90 ./Middlewares/ST/STM32_USB_Device_Library/Core/Src/usbd_ctlreq.o
 .debug_aranges
                0x00001410       0x50 ./Middlewares/ST/STM32_USB_Device_Library/Core/Src/usbd_ioreq.o
 .debug_aranges
                0x00001460       0x20 ./USB_DEVICE/App/usb_device.o
 .debug_aranges
                0x00001480       0x50 ./USB_DEVICE/App/usbd_cdc_if.o
 .debug_aranges
                0x000014d0       0x60 ./USB_DEVICE/App/usbd_desc.o
 .debug_aranges
                0x00001530      0x110 ./USB_DEVICE/Target/usbd_conf.o

.debug_rnglists
                0x00000000     0x112f
 .debug_rnglists
                0x00000000       0x6d ./Core/Src/main.o
 .debug_rnglists
                0x0000006d       0x33 ./Core/Src/protocol.o
 .debug_rnglists
                0x000000a0       0x3a ./Core/Src/stm32f4xx_hal_msp.o
 .debug_rnglists
                0x000000da       0x6d ./Core/Src/stm32f4xx_it.o
 .debug_rnglists
                0x00000147       0x1a ./Core/Src/system_stm32f4xx.o
 .debug_rnglists
                0x00000161       0x19 ./Core/Startup/startup_stm32f411ceux.o
 .debug_rnglists
                0x0000017a       0xaf ./Drivers/STM32F4xx_HAL_Driver/Src/stm32f4xx_hal.o
 .debug_rnglists
                0x00000229       0xb5 ./Drivers/STM32F4xx_HAL_Driver/Src/stm32f4xx_hal_adc.o
 .debug_rnglists
                0x000002de       0x71 ./Drivers/STM32F4xx_HAL_Driver/Src/stm32f4xx_hal_adc_ex.o
 .debug_rnglists
                0x0000034f       0xe0 ./Drivers/STM32F4xx_HAL_Driver/Src/stm32f4xx_hal_cortex.o
 .debug_rnglists
                0x0000042f       0x70 ./Drivers/STM32F4xx_HAL_Driver/Src/stm32f4xx_hal_dma.o
 .debug_rnglists
                0x0000049f       0x3f ./Drivers/STM32F4xx_HAL_Driver/Src/stm32f4xx_hal_gpio.o
 .debug_rnglists
                0x000004de      0x23c ./Drivers/STM32F4xx_HAL_Driver/Src/stm32f4xx_hal_i2c.o
 .debug_rnglists
                0x0000071a       0xfa ./Drivers/STM32F4xx_HAL_Driver/Src/stm32f4xx_hal_pcd.o
 .debug_rnglists
                0x00000814       0x26 ./Drivers/STM32F4xx_HAL_Driver/Src/stm32f4xx_hal_pcd_ex.o
 .debug_rnglists
                0x0000083a       0x66 ./Drivers/STM32F4xx_HAL_Driver/Src/stm32f4xx_hal_rcc.o
 .debug_rnglists
                0x000008a0      0x31a ./Drivers/STM32F4xx_HAL_Driver/Src/stm32f4xx_hal_tim.o
 .debug_rnglists
                0x00000bba      0x125 ./Drivers/STM32F4xx_HAL_Driver/Src/stm32f4xx_hal_tim_ex.o
 .debug_rnglists
                0x00000cdf      0x147 ./Drivers/STM32F4xx_HAL_Driver/Src/stm32f4xx_ll_usb.o
 .debug_rnglists
                0x00000e26       0x6c ./Middlewares/ST/STM32_USB_Device_Library/Class/CDC/Src/usbd_cdc.o
 .debug_rnglists
                0x00000e92       0xa1 ./Middlewares/ST/STM32_USB_Device_Library/Core/Src/usbd_core.o
 .debug_rnglists
                0x00000f33       0x6e ./Middlewares/ST/STM32_USB_Device_Library/Core/Src/usbd_ctlreq.o
 .debug_rnglists
                0x00000fa1       0x37 ./Middlewares/ST/STM32_USB_Device_Library/Core/Src/usbd_ioreq.o
 .debug_rnglists
                0x00000fd8       0x13 ./USB_DEVICE/App/usb_device.o
 .debug_rnglists
                0x00000feb       0x38 ./USB_DEVICE/App/usbd_cdc_if.o
 .debug_rnglists
                0x00001023       0x43 ./USB_DEVICE/App/usbd_desc.o
 .debug_rnglists
                0x00001066       0xc9 ./USB_DEVICE/Target/usbd_conf.o

.debug_macro    0x00000000     0x5288
 .debug_macro   0x00000000      0x424 ./Core/Src/main.o
 .debug_macro   0x00000424       0x16 ./Core/Src/main.o
 .debug_macro   0x0000043a       0x10 ./Core/Src/main.o
 .debug_macro   0x0000044a       0x16 ./Core/Src/main.o
 .debug_macro   0x00000460       0x16 ./Core/Src/main.o
 .debug_macro   0x00000476      0x146 ./Core/Src/main.o
 .debug_macro   0x000005bc       0x16 ./Core/Src/main.o
 .debug_macro   0x000005d2       0x16 ./Core/Src/main.o
 .debug_macro   0x000005e8       0x29 ./Core/Src/main.o
 .debug_macro   0x00000611       0x16 ./Core/Src/main.o
 .debug_macro   0x00000627       0x65 ./Core/Src/main.o
 .debug_macro   0x0000068c      0x20f ./Core/Src/main.o
 .debug_macro   0x0000089b       0x95 ./Core/Src/main.o
 .debug_macro   0x00000930       0x10 ./Core/Src/main.o
 .debug_macro   0x00000940       0x52 ./Core/Src/main.o
 .debug_macro   0x00000992       0x16 ./Core/Src/main.o
 .debug_macro   0x000009a8      0x251 ./Core/Src/protocol.o
 .debug_macro   0x00000bf9       0x10 ./Core/Src/protocol.o
 .debug_macro   0x00000c09      0x238 ./Core/Src/stm32f4xx_hal_msp.o
 .debug_macro   0x00000e41      0x242 ./Core/Src/stm32f4xx_it.o
 .debug_macro   0x00001083      0x229 ./Core/Src/system_stm32f4xx.o
 .debug_macro   0x000012ac      0x289 ./Drivers/STM32F4xx_HAL_Driver/Src/stm32f4xx_hal.o
 .debug_macro   0x00001535      0x22a ./Drivers/STM32F4xx_HAL_Driver/Src/stm32f4xx_hal_adc.o
 .debug_macro   0x0000175f      0x229 ./Drivers/STM32F4xx_HAL_Driver/Src/stm32f4xx_hal_adc_ex.o
 .debug_macro   0x00001988      0x229 ./Drivers/STM32F4xx_HAL_Driver/Src/stm32f4xx_hal_cortex.o
 .debug_macro   0x00001bb1      0x22f ./Drivers/STM32F4xx_HAL_Driver/Src/stm32f4xx_hal_dma.o
 .debug_macro   0x00001de0      0x22f ./Drivers/STM32F4xx_HAL_Driver/Src/stm32f4xx_hal_gpio.o
 .debug_macro   0x0000200f      0x277 ./Drivers/STM32F4xx_HAL_Driver/Src/stm32f4xx_hal_i2c.o
 .debug_macro   0x00002286      0x235 ./Drivers/STM32F4xx_HAL_Driver/Src/stm32f4xx_hal_pcd.o
 .debug_macro   0x000024bb      0x229 ./Drivers/STM32F4xx_HAL_Driver/Src/stm32f4xx_hal_pcd_ex.o
 .debug_macro   0x000026e4      0x24d ./Drivers/STM32F4xx_HAL_Driver/Src/stm32f4xx_hal_rcc.o
 .debug_macro   0x00002931      0x22a ./Drivers/STM32F4xx_HAL_Driver/Src/stm32f4xx_hal_tim.o
 .debug_macro   0x00002b5b      0x229 ./Drivers/STM32F4xx_HAL_Driver/Src/stm32f4xx_hal_tim_ex.o
 .debug_macro   0x00002d84      0x229 ./Drivers/STM32F4xx_HAL_Driver/Src/stm32f4xx_ll_usb.o
 .debug_macro   0x00002fad      0x3c7 ./Middlewares/ST/STM32_USB_Device_Library/Class/CDC/Src/usbd_cdc.o
 .debug_macro   0x00003374       0x9e ./Middlewares/ST/STM32_USB_Device_Library/Class/CDC/Src/usbd_cdc.o
 .debug_macro   0x00003412      0x112 ./Middlewares/ST/STM32_USB_Device_Library/Class/CDC/Src/usbd_cdc.o
 .debug_macro   0x00003524       0x56 ./Middlewares/ST/STM32_USB_Device_Library/Class/CDC/Src/usbd_cdc.o
 .debug_macro   0x0000357a      0x3ae ./Middlewares/ST/STM32_USB_Device_Library/Core/Src/usbd_core.o
 .debug_macro   0x00003928      0x215 ./Middlewares/ST/STM32_USB_Device_Library/Core/Src/usbd_core.o
 .debug_macro   0x00003b3d      0x3b8 ./Middlewares/ST/STM32_USB_Device_Library/Core/Src/usbd_ctlreq.o
 .debug_macro   0x00003ef5      0x3b4 ./Middlewares/ST/STM32_USB_Device_Library/Core/Src/usbd_ioreq.o
 .debug_macro   0x000042a9      0x3e7 ./USB_DEVICE/App/usb_device.o
 .debug_macro   0x00004690       0x16 ./USB_DEVICE/App/usb_device.o
 .debug_macro   0x000046a6       0x22 ./USB_DEVICE/App/usb_device.o
 .debug_macro   0x000046c8       0x16 ./USB_DEVICE/App/usb_device.o
 .debug_macro   0x000046de      0x3d2 ./USB_DEVICE/App/usbd_cdc_if.o
 .debug_macro   0x00004ab0      0x3f1 ./USB_DEVICE/App/usbd_desc.o
 .debug_macro   0x00004ea1       0x1c ./USB_DEVICE/App/usbd_desc.o
 .debug_macro   0x00004ebd      0x3cb ./USB_DEVICE/Target/usbd_conf.o

.debug_line     0x00000000    0x1cdf7
 .debug_line    0x00000000      0xeea ./Core/Src/main.o
 .debug_line    0x00000eea      0xaed ./Core/Src/protocol.o
 .debug_line    0x000019d7      0x8f9 ./Core/Src/stm32f4xx_hal_msp.o
 .debug_line    0x000022d0      0x944 ./Core/Src/stm32f4xx_it.o
 .debug_line    0x00002c14      0x863 ./Core/Src/system_stm32f4xx.o
 .debug_line    0x00003477       0x7a ./Core/Startup/startup_stm32f411ceux.o
 .debug_line    0x000034f1      0xadf ./Drivers/STM32F4xx_HAL_Driver/Src/stm32f4xx_hal.o
 .debug_line    0x00003fd0     0x1236 ./Drivers/STM32F4xx_HAL_Driver/Src/stm32f4xx_hal_adc.o
 .debug_line    0x00005206      0xf2a ./Drivers/STM32F4xx_HAL_Driver/Src/stm32f4xx_hal_adc_ex.o
 .debug_line    0x00006130      0xdaf ./Drivers/STM32F4xx_HAL_Driver/Src/stm32f4xx_hal_cortex.o
 .debug_line    0x00006edf     0x104b ./Drivers/STM32F4xx_HAL_Driver/Src/stm32f4xx_hal_dma.o
 .debug_line    0x00007f2a      0xbfb ./Drivers/STM32F4xx_HAL_Driver/Src/stm32f4xx_hal_gpio.o
 .debug_line    0x00008b25     0x3b8c ./Drivers/STM32F4xx_HAL_Driver/Src/stm32f4xx_hal_i2c.o
 .debug_line    0x0000c6b1     0x152a ./Drivers/STM32F4xx_HAL_Driver/Src/stm32f4xx_hal_pcd.o
 .debug_line    0x0000dbdb      0x8a8 ./Drivers/STM32F4xx_HAL_Driver/Src/stm32f4xx_hal_pcd_ex.o
 .debug_line    0x0000e483      0xeec ./Drivers/STM32F4xx_HAL_Driver/Src/stm32f4xx_hal_rcc.o
 .debug_line    0x0000f36f     0x361e ./Drivers/STM32F4xx_HAL_Driver/Src/stm32f4xx_hal_tim.o
 .debug_line    0x0001298d     0x19da ./Drivers/STM32F4xx_HAL_Driver/Src/stm32f4xx_hal_tim_ex.o
 .debug_line    0x00014367     0x1db7 ./Drivers/STM32F4xx_HAL_Driver/Src/stm32f4xx_ll_usb.o
 .debug_line    0x0001611e      0xf4c ./Middlewares/ST/STM32_USB_Device_Library/Class/CDC/Src/usbd_cdc.o
 .debug_line    0x0001706a     0x1004 ./Middlewares/ST/STM32_USB_Device_Library/Core/Src/usbd_core.o
 .debug_line    0x0001806e     0x11c6 ./Middlewares/ST/STM32_USB_Device_Library/Core/Src/usbd_ctlreq.o
 .debug_line    0x00019234      0xb0b ./Middlewares/ST/STM32_USB_Device_Library/Core/Src/usbd_ioreq.o
 .debug_line    0x00019d3f      0xad1 ./USB_DEVICE/App/usb_device.o
 .debug_line    0x0001a810      0xbc9 ./USB_DEVICE/App/usbd_cdc_if.o
 .debug_line    0x0001b3d9      0xb7a ./USB_DEVICE/App/usbd_desc.o
 .debug_line    0x0001bf53      0xea4 ./USB_DEVICE/Target/usbd_conf.o

.debug_str      0x00000000    0x9e903
 .debug_str     0x00000000    0x9e903 ./Core/Src/main.o
                              0x995cb (size before relaxing)
 .debug_str     0x0009e903    0x9395d ./Core/Src/protocol.o
 .debug_str     0x0009e903    0x947d6 ./Core/Src/stm32f4xx_hal_msp.o
 .debug_str     0x0009e903    0x9440f ./Core/Src/stm32f4xx_it.o
 .debug_str     0x0009e903    0x939bb ./Core/Src/system_stm32f4xx.o
 .debug_str     0x0009e903       0x87 ./Core/Startup/startup_stm32f411ceux.o
 .debug_str     0x0009e903    0x943e7 ./Drivers/STM32F4xx_HAL_Driver/Src/stm32f4xx_hal.o
 .debug_str     0x0009e903    0x93f96 ./Drivers/STM32F4xx_HAL_Driver/Src/stm32f4xx_hal_adc.o
 .debug_str     0x0009e903    0x93fea ./Drivers/STM32F4xx_HAL_Driver/Src/stm32f4xx_hal_adc_ex.o
 .debug_str     0x0009e903    0x94151 ./Drivers/STM32F4xx_HAL_Driver/Src/stm32f4xx_hal_cortex.o
 .debug_str     0x0009e903    0x93dc3 ./Drivers/STM32F4xx_HAL_Driver/Src/stm32f4xx_hal_dma.o
 .debug_str     0x0009e903    0x93b36 ./Drivers/STM32F4xx_HAL_Driver/Src/stm32f4xx_hal_gpio.o
 .debug_str     0x0009e903    0x949cc ./Drivers/STM32F4xx_HAL_Driver/Src/stm32f4xx_hal_i2c.o
 .debug_str     0x0009e903    0x94487 ./Drivers/STM32F4xx_HAL_Driver/Src/stm32f4xx_hal_pcd.o
 .debug_str     0x0009e903    0x93d77 ./Drivers/STM32F4xx_HAL_Driver/Src/stm32f4xx_hal_pcd_ex.o
 .debug_str     0x0009e903    0x93def ./Drivers/STM32F4xx_HAL_Driver/Src/stm32f4xx_hal_rcc.o
 .debug_str     0x0009e903    0x94d33 ./Drivers/STM32F4xx_HAL_Driver/Src/stm32f4xx_hal_tim.o
 .debug_str     0x0009e903    0x9453f ./Drivers/STM32F4xx_HAL_Driver/Src/stm32f4xx_hal_tim_ex.o
 .debug_str     0x0009e903    0x94362 ./Drivers/STM32F4xx_HAL_Driver/Src/stm32f4xx_ll_usb.o
 .debug_str     0x0009e903    0x98a4d ./Middlewares/ST/STM32_USB_Device_Library/Class/CDC/Src/usbd_cdc.o
 .debug_str     0x0009e903    0x983a6 ./Middlewares/ST/STM32_USB_Device_Library/Core/Src/usbd_core.o
 .debug_str     0x0009e903    0x981d1 ./Middlewares/ST/STM32_USB_Device_Library/Core/Src/usbd_ctlreq.o
 .debug_str     0x0009e903    0x980a6 ./Middlewares/ST/STM32_USB_Device_Library/Core/Src/usbd_ioreq.o
 .debug_str     0x0009e903    0x98457 ./USB_DEVICE/App/usb_device.o
 .debug_str     0x0009e903    0x984fc ./USB_DEVICE/App/usbd_cdc_if.o
 .debug_str     0x0009e903    0x97f9e ./USB_DEVICE/App/usbd_desc.o
 .debug_str     0x0009e903    0x99155 ./USB_DEVICE/Target/usbd_conf.o

.comment        0x00000000       0x43
 .comment       0x00000000       0x43 ./Core/Src/main.o
                                 0x44 (size before relaxing)
 .comment       0x00000043       0x44 ./Core/Src/protocol.o
 .comment       0x00000043       0x44 ./Core/Src/stm32f4xx_hal_msp.o
 .comment       0x00000043       0x44 ./Core/Src/stm32f4xx_it.o
 .comment       0x00000043       0x44 ./Core/Src/system_stm32f4xx.o
 .comment       0x00000043       0x44 ./Drivers/STM32F4xx_HAL_Driver/Src/stm32f4xx_hal.o
 .comment       0x00000043       0x44 ./Drivers/STM32F4xx_HAL_Driver/Src/stm32f4xx_hal_adc.o
 .comment       0x00000043       0x44 ./Drivers/STM32F4xx_HAL_Driver/Src/stm32f4xx_hal_adc_ex.o
 .comment       0x00000043       0x44 ./Drivers/STM32F4xx_HAL_Driver/Src/stm32f4xx_hal_cortex.o
 .comment       0x00000043       0x44 ./Drivers/STM32F4xx_HAL_Driver/Src/stm32f4xx_hal_dma.o
 .comment       0x00000043       0x44 ./Drivers/STM32F4xx_HAL_Driver/Src/stm32f4xx_hal_gpio.o
 .comment       0x00000043       0x44 ./Drivers/STM32F4xx_HAL_Driver/Src/stm32f4xx_hal_i2c.o
 .comment       0x00000043       0x44 ./Drivers/STM32F4xx_HAL_Driver/Src/stm32f4xx_hal_pcd.o
 .comment       0x00000043       0x44 ./Drivers/STM32F4xx_HAL_Driver/Src/stm32f4xx_hal_pcd_ex.o
 .comment       0x00000043       0x44 ./Drivers/STM32F4xx_HAL_Driver/Src/stm32f4xx_hal_rcc.o
 .comment       0x00000043       0x44 ./Drivers/STM32F4xx_HAL_Driver/Src/stm32f4xx_hal_tim.o
 .comment       0x00000043       0x44 ./Drivers/STM32F4xx_HAL_Driver/Src/stm32f4xx_hal_tim_ex.o
 .comment       0x00000043       0x44 ./Drivers/STM32F4xx_HAL_Driver/Src/stm32f4xx_ll_usb.o
 .comment       0x00000043       0x44 ./Middlewares/ST/STM32_USB_Device_Library/Class/CDC/Src/usbd_cdc.o
 .comment       0x00000043       0x44 ./Middlewares/ST/STM32_USB_Device_Library/Core/Src/usbd_core.o
 .comment       0x00000043       0x44 ./Middlewares/ST/STM32_USB_Device_Library/Core/Src/usbd_ctlreq.o
 .comment       0x00000043       0x44 ./Middlewares/ST/STM32_USB_Device_Library/Core/Src/usbd_ioreq.o
 .comment       0x00000043       0x44 ./USB_DEVICE/App/usb_device.o
 .comment       0x00000043       0x44 ./USB_DEVICE/App/usbd_cdc_if.o
 .comment       0x00000043       0x44 ./USB_DEVICE/App/usbd_desc.o
 .comment       0x00000043       0x44 ./USB_DEVICE/Target/usbd_conf.o

.debug_frame    0x00000000     0x5e08
 .debug_frame   0x00000000      0x210 ./Core/Src/main.o
 .debug_frame   0x00000210      0x100 ./Core/Src/protocol.o
 .debug_frame   0x00000310      0x110 ./Core/Src/stm32f4xx_hal_msp.o
 .debug_frame   0x00000420      0x1c8 ./Core/Src/stm32f4xx_it.o
 .debug_frame   0x000005e8       0x58 ./Core/Src/system_stm32f4xx.o
 .debug_frame   0x00000640      0x374 ./Drivers/STM32F4xx_HAL_Driver/Src/stm32f4xx_hal.o
 .debug_frame   0x000009b4      0x3fc ./Drivers/STM32F4xx_HAL_Driver/Src/stm32f4xx_hal_adc.o
 .debug_frame   0x00000db0      0x250 ./Drivers/STM32F4xx_HAL_Driver/Src/stm32f4xx_hal_adc_ex.o
 .debug_frame   0x00001000      0x508 ./Drivers/STM32F4xx_HAL_Driver/Src/stm32f4xx_hal_cortex.o
 .debug_frame   0x00001508      0x250 ./Drivers/STM32F4xx_HAL_Driver/Src/stm32f4xx_hal_dma.o
 .debug_frame   0x00001758      0x14c ./Drivers/STM32F4xx_HAL_Driver/Src/stm32f4xx_hal_gpio.o
 .debug_frame   0x000018a4      0xc84 ./Drivers/STM32F4xx_HAL_Driver/Src/stm32f4xx_hal_i2c.o
 .debug_frame   0x00002528      0x5b8 ./Drivers/STM32F4xx_HAL_Driver/Src/stm32f4xx_hal_pcd.o
 .debug_frame   0x00002ae0       0xb0 ./Drivers/STM32F4xx_HAL_Driver/Src/stm32f4xx_hal_pcd_ex.o
 .debug_frame   0x00002b90      0x1f4 ./Drivers/STM32F4xx_HAL_Driver/Src/stm32f4xx_hal_rcc.o
 .debug_frame   0x00002d84     0x11b8 ./Drivers/STM32F4xx_HAL_Driver/Src/stm32f4xx_hal_tim.o
 .debug_frame   0x00003f3c      0x638 ./Drivers/STM32F4xx_HAL_Driver/Src/stm32f4xx_hal_tim_ex.o