../Core/Src/main.c:189:6:HAL_ADC_ConvCpltCallback	24	static
../Core/Src/main.c:196:6:HAL_I2C_MemTxCpltCallback	16	static
../Core/Src/main.c:200:6:HAL_I2C_MemRxCpltCallback	16	static
../Core/Src/main.c:204:6:HAL_TIM_PeriodElapsedCallback	16	static
../Core/Src/main.c:233:6:USBRxData	24	static
../Core/Src/main.c:242:6:USBTask	272	static
../Core/Src/main.c:260:6:decodeCommand	16	static
../Core/Src/main.c:346:6:do10ms	8	static
../Core/Src/main.c:364:6:do100ms	4	static
../Core/Src/main.c:370:6:heartBeatTask	8	static
../Core/Src/main.c:380:6:displayMemWrite	32	static
../Core/Src/main.c:384:6:displayMemWriteDMA	24	static
../Core/Src/main.c:388:6:mpuMemWrite	32	static
../Core/Src/main.c:392:6:mpuMemReadDMA	24	static
../Core/Src/main.c:396:6:ssd1306Data	32	static
../Core/Src/main.c:466:6:i2cTask	16	static
../Core/Src/main.c:567:6:PWM_Control	16	static
../Core/Src/main.c:582:6:CHPD_Control	16	static
../Core/Src/main.c:592:6:USART_SendByte	16	static
../Core/Src/main.c:602:6:FeedRxBuf	16	static
../Core/Src/main.c:616:5:main	8	static
../Core/Src/main.c:723:6:SystemClock_Config	88	static
../Core/Src/main.c:769:13:MX_ADC1_Init	24	static
../Core/Src/main.c:884:13:MX_I2C1_Init	8	static
../Core/Src/main.c:918:13:MX_TIM1_Init	56	static
../Core/Src/main.c:971:13:MX_TIM2_Init	56	static
../Core/Src/main.c:1023:13:MX_TIM3_Init	80	static
../Core/Src/main.c:1101:13:MX_TIM4_Init	32	static
../Core/Src/main.c:1146:13:MX_USART1_Init	8	static
../Core/Src/main.c:1178:13:MX_DMA_Init	16	static
../Core/Src/main.c:1203:13:MX_GPIO_Init	48	static
../Core/Src/main.c:1245:6:Error_Handler	4	static,ignoring_inline_asm
