../Core/Src/main.c:185:6:HAL_ADC_ConvCpltCallback	24	static
../Core/Src/main.c:192:6:HAL_I2C_MemTxCpltCallback	16	static
../Core/Src/main.c:196:6:HAL_I2C_MemRxCpltCallback	16	static
../Core/Src/main.c:200:6:HAL_TIM_PeriodElapsedCallback	16	static
../Core/Src/main.c:229:6:USBRxData	24	static
../Core/Src/main.c:238:6:USBTask	272	static
../Core/Src/main.c:256:6:decodeCommand	16	static
../Core/Src/main.c:328:6:do10ms	8	static
../Core/Src/main.c:346:6:do100ms	4	static
../Core/Src/main.c:352:6:heartBeatTask	8	static
../Core/Src/main.c:362:6:displayMemWrite	32	static
../Core/Src/main.c:366:6:displayMemWriteDMA	24	static
../Core/Src/main.c:370:6:mpuMemWrite	32	static
../Core/Src/main.c:374:6:mpuMemReadDMA	24	static
../Core/Src/main.c:378:6:ssd1306Data	32	static
../Core/Src/main.c:448:6:i2cTask	16	static
../Core/Src/main.c:528:13:CHPD_Control	16	static
../Core/Src/main.c:538:13:USART_SendByte	16	static
../Core/Src/main.c:548:13:FeedRxBuf	16	static
../Core/Src/main.c:562:5:main	8	static
../Core/Src/main.c:660:6:SystemClock_Config	88	static
../Core/Src/main.c:706:13:MX_ADC1_Init	24	static
../Core/Src/main.c:821:13:MX_I2C1_Init	8	static
../Core/Src/main.c:855:13:MX_TIM1_Init	56	static
../Core/Src/main.c:908:13:MX_TIM2_Init	56	static
../Core/Src/main.c:960:13:MX_TIM3_Init	80	static
../Core/Src/main.c:1038:13:MX_TIM4_Init	32	static
../Core/Src/main.c:1083:13:MX_USART1_Init	8	static
../Core/Src/main.c:1115:13:MX_DMA_Init	16	static
../Core/Src/main.c:1140:13:MX_GPIO_Init	48	static
../Core/Src/main.c:1182:6:Error_Handler	4	static,ignoring_inline_asm
