../Core/Src/ssd1306.c:13:6:ssd1306_Reset	4	static
../Core/Src/ssd1306.c:18:6:ssd1306_WriteCommand	24	static
../Core/Src/ssd1306.c:23:6:ssd1306_WriteCommandDMA	24	static
../Core/Src/ssd1306.c:29:6:ssd1306_WriteData	24	static
../Core/Src/ssd1306.c:34:6:ssd1306_WriteDataDMA	24	static
../Core/Src/ssd1306.c:80:17:ssd1306_FillBuffer	24	static
../Core/Src/ssd1306.c:89:6:ssd1306_Attach_MemWriteDMA	16	static
../Core/Src/ssd1306.c:93:6:ssd1306_Attach_MemWrite	16	static
../Core/Src/ssd1306.c:97:6:ssd1306_ADC_ConfCpltCallback	16	static
../Core/Src/ssd1306.c:102:6:ssd1306_Init	8	static
../Core/Src/ssd1306.c:205:6:ssd1306_Fill	16	static
../Core/Src/ssd1306.c:210:6:ssd1306_UpdateScreen	16	static
../Core/Src/ssd1306.c:227:6:ssd1306_UpdateScreenDMA	8	static
../Core/Src/ssd1306.c:275:6:ssd1306_DrawPixel	16	static
../Core/Src/ssd1306.c:295:6:ssd1306_WriteChar	48	static
../Core/Src/ssd1306.c:332:6:ssd1306_WriteString	32	static
../Core/Src/ssd1306.c:346:6:ssd1306_SetCursor	16	static
../Core/Src/ssd1306.c:352:6:ssd1306_Line	48	static
../Core/Src/ssd1306.c:379:6:ssd1306_Polyline	40	static
../Core/Src/ssd1306.c:393:14:ssd1306_DegToRad	16	static
../Core/Src/ssd1306.c:398:17:ssd1306_NormalizeTo0_360	24	static
../Core/Src/ssd1306.c:414:6:ssd1306_DrawArc	64	static
../Core/Src/ssd1306.c:454:6:ssd1306_DrawArcWithRadiusLine	72	static
../Core/Src/ssd1306.c:497:6:ssd1306_DrawCircle	40	static
../Core/Src/ssd1306.c:532:6:ssd1306_FillCircle	48	static
../Core/Src/ssd1306.c:568:6:ssd1306_DrawRectangle	32	static
../Core/Src/ssd1306.c:578:6:ssd1306_FillRectangle	32	static
../Core/Src/ssd1306.c:592:17:ssd1306_InvertRectangle	32	static
../Core/Src/ssd1306.c:623:6:ssd1306_DrawBitmap	24	static
../Core/Src/ssd1306.c:647:6:ssd1306_SetContrast	24	static
../Core/Src/ssd1306.c:653:6:ssd1306_SetDisplayOn	24	static
../Core/Src/ssd1306.c:665:9:ssd1306_GetDisplayOn	4	static
