Archive member included to satisfy reference by file (symbol)

C:/ST/STM32CubeIDE_1.18.1/STM32CubeIDE/plugins/com.st.stm32cube.ide.mcu.externaltools.gnu-tools-for-stm32.13.3.rel1.win32_1.0.0.202411081344/tools/bin/../lib/gcc/arm-none-eabi/13.3.1/../../../../arm-none-eabi/lib/thumb/v7e-m+fp/hard\libc_nano.a(libc_a-exit.o)
                              C:/ST/STM32CubeIDE_1.18.1/STM32CubeIDE/plugins/com.st.stm32cube.ide.mcu.externaltools.gnu-tools-for-stm32.13.3.rel1.win32_1.0.0.202411081344/tools/bin/../lib/gcc/arm-none-eabi/13.3.1/../../../../arm-none-eabi/lib/thumb/v7e-m+fp/hard/crt0.o (exit)
C:/ST/STM32CubeIDE_1.18.1/STM32CubeIDE/plugins/com.st.stm32cube.ide.mcu.externaltools.gnu-tools-for-stm32.13.3.rel1.win32_1.0.0.202411081344/tools/bin/../lib/gcc/arm-none-eabi/13.3.1/../../../../arm-none-eabi/lib/thumb/v7e-m+fp/hard\libc_nano.a(libc_a-findfp.o)
                              C:/ST/STM32CubeIDE_1.18.1/STM32CubeIDE/plugins/com.st.stm32cube.ide.mcu.externaltools.gnu-tools-for-stm32.13.3.rel1.win32_1.0.0.202411081344/tools/bin/../lib/gcc/arm-none-eabi/13.3.1/../../../../arm-none-eabi/lib/thumb/v7e-m+fp/hard\libc_nano.a(libc_a-exit.o) (__stdio_exit_handler)
C:/ST/STM32CubeIDE_1.18.1/STM32CubeIDE/plugins/com.st.stm32cube.ide.mcu.externaltools.gnu-tools-for-stm32.13.3.rel1.win32_1.0.0.202411081344/tools/bin/../lib/gcc/arm-none-eabi/13.3.1/../../../../arm-none-eabi/lib/thumb/v7e-m+fp/hard\libc_nano.a(libc_a-fwalk.o)
                              C:/ST/STM32CubeIDE_1.18.1/STM32CubeIDE/plugins/com.st.stm32cube.ide.mcu.externaltools.gnu-tools-for-stm32.13.3.rel1.win32_1.0.0.202411081344/tools/bin/../lib/gcc/arm-none-eabi/13.3.1/../../../../arm-none-eabi/lib/thumb/v7e-m+fp/hard\libc_nano.a(libc_a-findfp.o) (_fwalk_sglue)
C:/ST/STM32CubeIDE_1.18.1/STM32CubeIDE/plugins/com.st.stm32cube.ide.mcu.externaltools.gnu-tools-for-stm32.13.3.rel1.win32_1.0.0.202411081344/tools/bin/../lib/gcc/arm-none-eabi/13.3.1/../../../../arm-none-eabi/lib/thumb/v7e-m+fp/hard\libc_nano.a(libc_a-snprintf.o)
                              ./Core/Src/main.o (snprintf)
C:/ST/STM32CubeIDE_1.18.1/STM32CubeIDE/plugins/com.st.stm32cube.ide.mcu.externaltools.gnu-tools-for-stm32.13.3.rel1.win32_1.0.0.202411081344/tools/bin/../lib/gcc/arm-none-eabi/13.3.1/../../../../arm-none-eabi/lib/thumb/v7e-m+fp/hard\libc_nano.a(libc_a-stdio.o)
                              C:/ST/STM32CubeIDE_1.18.1/STM32CubeIDE/plugins/com.st.stm32cube.ide.mcu.externaltools.gnu-tools-for-stm32.13.3.rel1.win32_1.0.0.202411081344/tools/bin/../lib/gcc/arm-none-eabi/13.3.1/../../../../arm-none-eabi/lib/thumb/v7e-m+fp/hard\libc_nano.a(libc_a-findfp.o) (__sread)
C:/ST/STM32CubeIDE_1.18.1/STM32CubeIDE/plugins/com.st.stm32cube.ide.mcu.externaltools.gnu-tools-for-stm32.13.3.rel1.win32_1.0.0.202411081344/tools/bin/../lib/gcc/arm-none-eabi/13.3.1/../../../../arm-none-eabi/lib/thumb/v7e-m+fp/hard\libc_nano.a(libc_a-memmove.o)
                              ./Core/Src/ssd1306_tests.o (memmove)
C:/ST/STM32CubeIDE_1.18.1/STM32CubeIDE/plugins/com.st.stm32cube.ide.mcu.externaltools.gnu-tools-for-stm32.13.3.rel1.win32_1.0.0.202411081344/tools/bin/../lib/gcc/arm-none-eabi/13.3.1/../../../../arm-none-eabi/lib/thumb/v7e-m+fp/hard\libc_nano.a(libc_a-memset.o)
                              C:/ST/STM32CubeIDE_1.18.1/STM32CubeIDE/plugins/com.st.stm32cube.ide.mcu.externaltools.gnu-tools-for-stm32.13.3.rel1.win32_1.0.0.202411081344/tools/bin/../lib/gcc/arm-none-eabi/13.3.1/../../../../arm-none-eabi/lib/thumb/v7e-m+fp/hard/crt0.o (memset)
C:/ST/STM32CubeIDE_1.18.1/STM32CubeIDE/plugins/com.st.stm32cube.ide.mcu.externaltools.gnu-tools-for-stm32.13.3.rel1.win32_1.0.0.202411081344/tools/bin/../lib/gcc/arm-none-eabi/13.3.1/../../../../arm-none-eabi/lib/thumb/v7e-m+fp/hard\libc_nano.a(libc_a-closer.o)
                              C:/ST/STM32CubeIDE_1.18.1/STM32CubeIDE/plugins/com.st.stm32cube.ide.mcu.externaltools.gnu-tools-for-stm32.13.3.rel1.win32_1.0.0.202411081344/tools/bin/../lib/gcc/arm-none-eabi/13.3.1/../../../../arm-none-eabi/lib/thumb/v7e-m+fp/hard\libc_nano.a(libc_a-stdio.o) (_close_r)
C:/ST/STM32CubeIDE_1.18.1/STM32CubeIDE/plugins/com.st.stm32cube.ide.mcu.externaltools.gnu-tools-for-stm32.13.3.rel1.win32_1.0.0.202411081344/tools/bin/../lib/gcc/arm-none-eabi/13.3.1/../../../../arm-none-eabi/lib/thumb/v7e-m+fp/hard\libc_nano.a(libc_a-reent.o)
                              C:/ST/STM32CubeIDE_1.18.1/STM32CubeIDE/plugins/com.st.stm32cube.ide.mcu.externaltools.gnu-tools-for-stm32.13.3.rel1.win32_1.0.0.202411081344/tools/bin/../lib/gcc/arm-none-eabi/13.3.1/../../../../arm-none-eabi/lib/thumb/v7e-m+fp/hard\libc_nano.a(libc_a-closer.o) (errno)
C:/ST/STM32CubeIDE_1.18.1/STM32CubeIDE/plugins/com.st.stm32cube.ide.mcu.externaltools.gnu-tools-for-stm32.13.3.rel1.win32_1.0.0.202411081344/tools/bin/../lib/gcc/arm-none-eabi/13.3.1/../../../../arm-none-eabi/lib/thumb/v7e-m+fp/hard\libc_nano.a(libc_a-impure.o)
[...]
Memory Configuration

Name             Origin             Length             Attributes
RAM              0x20000000         0x00020000         xrw
FLASH            0x08000000         0x00080000         xr
*default*        0x00000000         0xffffffff

Linker script and memory map

LOAD C:/ST/STM32CubeIDE_1.18.1/STM32CubeIDE/plugins/com.st.stm32cube.ide.mcu.externaltools.gnu-tools-for-stm32.13.3.rel1.win32_1.0.0.202411081344/tools/bin/../lib/gcc/arm-none-eabi/13.3.1/thumb/v7e-m+fp/hard/crti.o
LOAD C:/ST/STM32CubeIDE_1.18.1/STM32CubeIDE/plugins/com.st.stm32cube.ide.mcu.externaltools.gnu-tools-for-stm32.13.3.rel1.win32_1.0.0.202411081344/tools/bin/../lib/gcc/arm-none-eabi/13.3.1/thumb/v7e-m+fp/hard/crtbegin.o
LOAD C:/ST/STM32CubeIDE_1.18.1/STM32CubeIDE/plugins/com.st.stm32cube.ide.mcu.externaltools.gnu-tools-for-stm32.13.3.rel1.win32_1.0.0.202411081344/tools/bin/../lib/gcc/arm-none-eabi/13.3.1/../../../../arm-none-eabi/lib/thumb/v7e-m+fp/hard/crt0.o
LOAD ./Core/Src/fonts.o
LOAD ./Core/Src/main.o
LOAD ./Core/Src/mpu6050.o
LOAD ./Core/Src/ssd1306.o
LOAD ./Core/Src/ssd1306_tests.o
LOAD ./Core/Src/stm32f4xx_hal_msp.o
LOAD ./Core/Src/stm32f4xx_it.o
LOAD ./Core/Src/syscalls.o
LOAD ./Core/Src/sysmem.o
LOAD ./Core/Src/system_stm32f4xx.o
LOAD ./Core/Src/unerPrtcl.o
LOAD ./Core/Startup/startup_stm32f411ceux.o
LOAD ./Drivers/STM32F4xx_HAL_Driver/Src/stm32f4xx_hal.o
LOAD ./Drivers/STM32F4xx_HAL_Driver/Src/stm32f4xx_hal_adc.o
LOAD ./Drivers/STM32F4xx_HAL_Driver/Src/stm32f4xx_hal_adc_ex.o
LOAD ./Drivers/STM32F4xx_HAL_Driver/Src/stm32f4xx_hal_cortex.o
LOAD ./Drivers/STM32F4xx_HAL_Driver/Src/stm32f4xx_hal_dma.o
LOAD ./Drivers/STM32F4xx_HAL_Driver/Src/stm32f4xx_hal_dma_ex.o
LOAD ./Drivers/STM32F4xx_HAL_Driver/Src/stm32f4xx_hal_exti.o
LOAD ./Drivers/STM32F4xx_HAL_Driver/Src/stm32f4xx_hal_flash.o
LOAD ./Drivers/STM32F4xx_HAL_Driver/Src/stm32f4xx_hal_flash_ex.o
LOAD ./Drivers/STM32F4xx_HAL_Driver/Src/stm32f4xx_hal_flash_ramfunc.o
LOAD ./Drivers/STM32F4xx_HAL_Driver/Src/stm32f4xx_hal_gpio.o
LOAD ./Drivers/STM32F4xx_HAL_Driver/Src/stm32f4xx_hal_i2c.o
LOAD ./Drivers/STM32F4xx_HAL_Driver/Src/stm32f4xx_hal_i2c_ex.o
LOAD ./Drivers/STM32F4xx_HAL_Driver/Src/stm32f4xx_hal_pcd.o
LOAD ./Drivers/STM32F4xx_HAL_Driver/Src/stm32f4xx_hal_pcd_ex.o
LOAD ./Drivers/STM32F4xx_HAL_Driver/Src/stm32f4xx_hal_pwr.o
LOAD ./Drivers/STM32F4xx_HAL_Driver/Src/stm32f4xx_hal_pwr_ex.o
LOAD ./Drivers/STM32F4xx_HAL_Driver/Src/stm32f4xx_hal_rcc.o
LOAD ./Drivers/STM32F4xx_HAL_Driver/Src/stm32f4xx_hal_rcc_ex.o
LOAD ./Drivers/STM32F4xx_HAL_Driver/Src/stm32f4xx_hal_tim.o
LOAD ./Drivers/STM32F4xx_HAL_Driver/Src/stm32f4xx_hal_tim_ex.o
LOAD ./Drivers/STM32F4xx_HAL_Driver/Src/stm32f4xx_ll_adc.o
LOAD ./Drivers/STM32F4xx_HAL_Driver/Src/stm32f4xx_ll_usb.o
LOAD ./Middlewares/ST/STM32_USB_Device_Library/Class/CDC/Src/usbd_cdc.o
LOAD ./Middlewares/ST/STM32_USB_Device_Library/Core/Src/usbd_core.o
LOAD ./Middlewares/ST/STM32_USB_Device_Library/Core/Src/usbd_ctlreq.o
LOAD ./Middlewares/ST/STM32_USB_Device_Library/Core/Src/usbd_ioreq.o
LOAD ./USB_DEVICE/App/usb_device.o
LOAD ./USB_DEVICE/App/usbd_cdc_if.o
LOAD ./USB_DEVICE/App/usbd_desc.o
LOAD ./USB_DEVICE/Target/usbd_conf.o
START GROUP
LOAD C:/ST/STM32CubeIDE_1.18.1/STM32CubeIDE/plugins/com.st.stm32cube.ide.mcu.externaltools.gnu-tools-for-stm32.13.3.rel1.win32_1.0.0.202411081344/tools/bin/../lib/gcc/arm-none-eabi/13.3.1/../../../../arm-none-eabi/lib/thumb/v7e-m+fp/hard\libc_nano.a
LOAD C:/ST/STM32CubeIDE_1.18.1/STM32CubeIDE/plugins/com.st.stm32cube.ide.mcu.externaltools.gnu-tools-for-stm32.13.3.rel1.win32_1.0.0.202411081344/tools/bin/../lib/gcc/arm-none-eabi/13.3.1/../../../../arm-none-eabi/lib/thumb/v7e-m+fp/hard\libm.a
END GROUP
START GROUP
LOAD C:/ST/STM32CubeIDE_1.18.1/STM32CubeIDE/plugins/com.st.stm32cube.ide.mcu.externaltools.gnu-tools-for-stm32.13.3.rel1.win32_1.0.0.202411081344/tools/bin/../lib/gcc/arm-none-eabi/13.3.1/thumb/v7e-m+fp/hard\libgcc.a
LOAD C:/ST/STM32CubeIDE_1.18.1/STM32CubeIDE/plugins/com.st.stm32cube.ide.mcu.externaltools.gnu-tools-for-stm32.13.3.rel1.win32_1.0.0.202411081344/tools/bin/../lib/gcc/arm-none-eabi/13.3.1/../../../../arm-none-eabi/lib/thumb/v7e-m+fp/hard\libc_nano.a
END GROUP
START GROUP
LOAD C:/ST/STM32CubeIDE_1.18.1/STM32CubeIDE/plugins/com.st.stm32cube.ide.mcu.externaltools.gnu-tools-for-stm32.13.3.rel1.win32_1.0.0.202411081344/tools/bin/../lib/gcc/arm-none-eabi/13.3.1/thumb/v7e-m+fp/hard\libgcc.a
LOAD C:/ST/STM32CubeIDE_1.18.1/STM32CubeIDE/plugins/com.st.stm32cube.ide.mcu.externaltools.gnu-tools-for-stm32.13.3.rel1.win32_1.0.0.202411081344/tools/bin/../lib/gcc/arm-none-eabi/13.3.1/../../../../arm-none-eabi/lib/thumb/v7e-m+fp/hard\libc_nano.a
LOAD C:/ST/STM32CubeIDE_1.18.1/STM32CubeIDE/plugins/com.st.stm32cube.ide.mcu.externaltools.gnu-tools-for-stm32.13.3.rel1.win32_1.0.0.202411081344/tools/bin/../lib/gcc/arm-none-eabi/13.3.1/../../../../arm-none-eabi/lib/thumb/v7e-m+fp/hard\libnosys.a
END GROUP
START GROUP
LOAD C:/ST/STM32CubeIDE_1.18.1/STM32CubeIDE/plugins/com.st.stm32cube.ide.mcu.externaltools.gnu-tools-for-stm32.13.3.rel1.win32_1.0.0.202411081344/tools/bin/../lib/gcc/arm-none-eabi/13.3.1/thumb/v7e-m+fp/hard\libgcc.a
LOAD C:/ST/STM32CubeIDE_1.18.1/STM32CubeIDE/plugins/com.st.stm32cube.ide.mcu.externaltools.gnu-tools-for-stm32.13.3.rel1.win32_1.0.0.202411081344/tools/bin/../lib/gcc/arm-none-eabi/13.3.1/../../../../arm-none-eabi/lib/thumb/v7e-m+fp/hard\libc_nano.a
LOAD C:/ST/STM32CubeIDE_1.18.1/STM32CubeIDE/plugins/com.st.stm32cube.ide.mcu.externaltools.gnu-tools-for-stm32.13.3.rel1.win32_1.0.0.202411081344/tools/bin/../lib/gcc/arm-none-eabi/13.3.1/../../../../arm-none-eabi/lib/thumb/v7e-m+fp/hard\libnosys.a
END GROUP
LOAD C:/ST/STM32CubeIDE_1.18.1/STM32CubeIDE/plugins/com.st.stm32cube.ide.mcu.externaltools.gnu-tools-for-stm32.13.3.rel1.win32_1.0.0.202411081344/tools/bin/../lib/gcc/arm-none-eabi/13.3.1/thumb/v7e-m+fp/hard/crtend.o
LOAD C:/ST/STM32CubeIDE_1.18.1/STM32CubeIDE/plugins/com.st.stm32cube.ide.mcu.externaltools.gnu-tools-for-stm32.13.3.rel1.win32_1.0.0.202411081344/tools/bin/../lib/gcc/arm-none-eabi/13.3.1/thumb/v7e-m+fp/hard/crtn.o
                0x20020000                        _estack = (ORIGIN (RAM) + LENGTH (RAM))
                0x00000200                        _Min_Heap_Size = 0x200
                0x00000400                        _Min_Stack_Size = 0x400

.isr_vector     0x08000000      0x198
                0x08000000                        . = ALIGN (0x4)
 *(.isr_vector)
 .isr_vector    0x08000000      0x198 ./Core/Startup/startup_stm32f411ceux.o
                0x08000000                g_pfnVectors
                0x08000198                        . = ALIGN (0x4)

.text           0x080001a0     0xe5e8
                0x080001a0                        . = ALIGN (0x4)
 *(.text)
 .text          0x080001a0       0x40 C:/ST/STM32CubeIDE_1.18.1/STM32CubeIDE/plugins/com.st.stm32cube.ide.mcu.externaltools.gnu-tools-for-stm32.13.3.rel1.win32_1.0.0.202411081344/tools/bin/../lib/gcc/arm-none-eabi/13.3.1/thumb/v7e-m+fp/hard/crtbegin.o
 .text          0x080001e0       0xa0 C:/ST/STM32CubeIDE_1.18.1/STM32CubeIDE/plugins/com.st.stm32cube.ide.mcu.externaltools.gnu-tools-for-stm32.13.3.rel1.win32_1.0.0.202411081344/tools/bin/../lib/gcc/arm-none-eabi/13.3.1/../../../../arm-none-eabi/lib/thumb/v7e-m+fp/hard\libc_nano.a(libc_a-memchr.o)
                0x080001e0                memchr
 .text          0x08000280      0x378 C:/ST/STM32CubeIDE_1.18.1/STM32CubeIDE/plugins/com.st.stm32cube.ide.mcu.externaltools.gnu-tools-for-stm32.13.3.rel1.win32_1.0.0.202411081344/tools/bin/../lib/gcc/arm-none-eabi/13.3.1/thumb/v7e-m+fp/hard\libgcc.a(_arm_addsubdf3.o)
                0x08000280                __aeabi_drsub
                0x08000288                __aeabi_dsub
                0x08000288                __subdf3
                0x0800028c                __aeabi_dadd
                0x0800028c                __adddf3
                0x08000504                __floatunsidf
                0x08000504                __aeabi_ui2d
                0x08000524                __floatsidf
                0x08000524                __aeabi_i2d
                0x08000548                __aeabi_f2d
                0x08000548                __extendsfdf2
                0x0800058c                __floatundidf
                0x0800058c                __aeabi_ul2d
                0x0800059c                __floatdidf
                0x0800059c                __aeabi_l2d
 .text          0x080005f8      0x424 C:/ST/STM32CubeIDE_1.18.1/STM32CubeIDE/plugins/com.st.stm32cube.ide.mcu.externaltools.gnu-tools-for-stm32.13.3.rel1.win32_1.0.0.202411081344/tools/bin/../lib/gcc/arm-none-eabi/13.3.1/thumb/v7e-m+fp/hard\libgcc.a(_arm_muldivdf3.o)
                0x080005f8                __aeabi_dmul
                0x080005f8                __muldf3
                0x0800084c                __divdf3
                0x0800084c                __aeabi_ddiv
 .text          0x08000a1c       0x50 C:/ST/STM32CubeIDE_1.18.1/STM32CubeIDE/plugins/com.st.stm32cube.ide.mcu.externaltools.gnu-tools-for-stm32.13.3.rel1.win32_1.0.0.202411081344/tools/bin/../lib/gcc/arm-none-eabi/13.3.1/thumb/v7e-m+fp/hard\libgcc.a(_arm_fixdfsi.o)
                0x08000a1c                __aeabi_d2iz
                0x08000a1c                __fixdfsi
 .text          0x08000a6c       0x30 C:/ST/STM32CubeIDE_1.18.1/STM32CubeIDE/plugins/com.st.stm32cube.ide.mcu.externaltools.gnu-tools-for-stm32.13.3.rel1.win32_1.0.0.202411081344/tools/bin/../lib/gcc/arm-none-eabi/13.3.1/thumb/v7e-m+fp/hard\libgcc.a(_aeabi_uldivmod.o)
                0x08000a6c                __aeabi_uldivmod
 .text          0x08000a9c      0x2f8 C:/ST/STM32CubeIDE_1.18.1/STM32CubeIDE/plugins/com.st.stm32cube.ide.mcu.externaltools.gnu-tools-for-stm32.13.3.rel1.win32_1.0.0.202411081344/tools/bin/../lib/gcc/arm-none-eabi/13.3.1/thumb/v7e-m+fp/hard\libgcc.a(_udivmoddi4.o)
                0x08000a9c                __udivmoddi4
 .text          0x08000d94        0x4 C:/ST/STM32CubeIDE_1.18.1/STM32CubeIDE/plugins/com.st.stm32cube.ide.mcu.externaltools.gnu-tools-for-stm32.13.3.rel1.win32_1.0.0.202411081344/tools/bin/../lib/gcc/arm-none-eabi/13.3.1/thumb/v7e-m+fp/hard\libgcc.a(_dvmd_tls.o)
                0x08000d94                __aeabi_idiv0
                0x08000d94                __aeabi_ldiv0
 *(.text*)
 .text.HAL_ADC_ConvCpltCallback
                0x08000d98       0x40 ./Core/Src/main.o
                0x08000d98                HAL_ADC_ConvCpltCallback
 .text.HAL_I2C_MemTxCpltCallback
                0x08000dd8       0x20 ./Core/Src/main.o
                0x08000dd8                HAL_I2C_MemTxCpltCallback
 .text.HAL_I2C_MemRxCpltCallback
                0x08000df8       0x20 ./Core/Src/main.o
                0x08000df8                HAL_I2C_MemRxCpltCallback
 .text.HAL_TIM_PeriodElapsedCallback
                0x08000e18       0x5c ./Core/Src/main.o
                0x08000e18                HAL_TIM_PeriodElapsedCallback
 .text.USBRxData
                0x08000e74       0x5c ./Core/Src/main.o
                0x08000e74                USBRxData
 .text.USBTask  0x08000ed0       0x98 ./Core/Src/main.o
                0x08000ed0                USBTask
 .text.decodeCommand
                0x08000f68      0x1b0 ./Core/Src/main.o
                0x08000f68                decodeCommand
 .text.do10ms   0x08001118       0x78 ./Core/Src/main.o
                0x08001118                do10ms
 .text.heartBeatTask
                0x08001190       0x50 ./Core/Src/main.o
                0x08001190                heartBeatTask
 .text.displayData
                0x080011e0      0x1b8 ./Core/Src/main.o
                0x080011e0                displayData
 .text.displayMemWriteDMA
                0x08001398       0x40 ./Core/Src/main.o
                0x08001398                displayMemWriteDMA
 .text.displayMemWrite
                0x080013d8       0x44 ./Core/Src/main.o
                0x080013d8                displayMemWrite
 .text.mpuTask  0x0800141c       0x2c ./Core/Src/main.o
                0x0800141c                mpuTask
 .text.main     0x08001448       0xac ./Core/Src/main.o
                0x08001448                main
 .text.SystemClock_Config
                0x080014f4       0xd0 ./Core/Src/main.o
                0x080014f4                SystemClock_Config
 .text.MX_ADC1_Init
                0x080015c4      0x168 ./Core/Src/main.o
 .text.MX_I2C1_Init
                0x0800172c       0x5c ./Core/Src/main.o
 .text.MX_TIM1_Init
                0x08001788       0xcc ./Core/Src/main.o
 .text.MX_DMA_Init
                0x08001854       0x7c ./Core/Src/main.o
 .text.MX_GPIO_Init
                0x080018d0       0xc0 ./Core/Src/main.o
 .text.Error_Handler
                0x08001990        0xc ./Core/Src/main.o
                0x08001990                Error_Handler
 .text.mpu6050_Init
                0x0800199c       0x6c ./Core/Src/mpu6050.o
                0x0800199c                mpu6050_Init
 .text.mpu6050_Read_Accel
                0x08001a08      0x1d8 ./Core/Src/mpu6050.o
                0x08001a08                mpu6050_Read_Accel
 .text.mpu6050_Read_Gyro
                0x08001be0      0x164 ./Core/Src/mpu6050.o
                0x08001be0                mpu6050_Read_Gyro
 .text.ssd1306_Reset
                0x08001d44        0xe ./Core/Src/ssd1306.o
                0x08001d44                ssd1306_Reset
 *fill*         0x08001d52        0x2 
 .text.ssd1306_WriteCommand
                0x08001d54       0x24 ./Core/Src/ssd1306.o
                0x08001d54                ssd1306_WriteCommand
 .text.ssd1306_WriteCommandDMA
                0x08001d78       0x24 ./Core/Src/ssd1306.o
                0x08001d78                ssd1306_WriteCommandDMA
 .text.ssd1306_WriteData
                0x08001d9c       0x28 ./Core/Src/ssd1306.o
                0x08001d9c                ssd1306_WriteData
 .text.ssd1306_WriteDataDMA
                0x08001dc4       0x28 ./Core/Src/ssd1306.o
                0x08001dc4                ssd1306_WriteDataDMA
 .text.ssd1306_Attach_MemWriteDMA
                0x08001dec       0x20 ./Core/Src/ssd1306.o
                0x08001dec                ssd1306_Attach_MemWriteDMA
 .text.ssd1306_Attach_MemWrite
                0x08001e0c       0x20 ./Core/Src/ssd1306.o
                0x08001e0c                ssd1306_Attach_MemWrite
 .text.ssd1306_ADC_ConfCpltCallback
                0x08001e2c       0x20 ./Core/Src/ssd1306.o
                0x08001e2c                ssd1306_ADC_ConfCpltCallback
 .text.ssd1306_Init
                0x08001e4c       0xd4 ./Core/Src/ssd1306.o
                0x08001e4c                ssd1306_Init
 .text.ssd1306_Fill
                0x08001f20       0x30 ./Core/Src/ssd1306.o
                0x08001f20                ssd1306_Fill
 .text.ssd1306_UpdateScreen
                0x08001f50       0x50 ./Core/Src/ssd1306.o
                0x08001f50                ssd1306_UpdateScreen
 .text.ssd1306_UpdateScreenDMA
                0x08001fa0       0xbc ./Core/Src/ssd1306.o
                0x08001fa0                ssd1306_UpdateScreenDMA
 .text.ssd1306_DrawPixel
                0x0800205c       0xa8 ./Core/Src/ssd1306.o
                0x0800205c                ssd1306_DrawPixel
 .text.ssd1306_WriteChar
                0x08002104      0x124 ./Core/Src/ssd1306.o
                0x08002104                ssd1306_WriteChar
 .text.ssd1306_WriteString
                0x08002228       0x4c ./Core/Src/ssd1306.o
                0x08002228                ssd1306_WriteString
 .text.ssd1306_SetCursor
                0x08002274       0x30 ./Core/Src/ssd1306.o
                0x08002274                ssd1306_SetCursor
 .text.ssd1306_DrawBitmap
                0x080022a4       0xb6 ./Core/Src/ssd1306.o
                0x080022a4                ssd1306_DrawBitmap
 .text.ssd1306_SetContrast
                0x0800235a       0x26 ./Core/Src/ssd1306.o
                0x0800235a                ssd1306_SetContrast
 .text.ssd1306_SetDisplayOn
                0x08002380       0x3c ./Core/Src/ssd1306.o
                0x08002380                ssd1306_SetDisplayOn
 .text.HAL_MspInit
                0x080023bc       0x50 ./Core/Src/stm32f4xx_hal_msp.o
                0x080023bc                HAL_MspInit
 .text.HAL_ADC_MspInit
                0x0800240c       0xfc ./Core/Src/stm32f4xx_hal_msp.o
                0x0800240c                HAL_ADC_MspInit
 .text.HAL_I2C_MspInit
                0x08002508      0x178 ./Core/Src/stm32f4xx_hal_msp.o
                0x08002508                HAL_I2C_MspInit
 .text.HAL_TIM_Base_MspInit
                0x08002680       0x80 ./Core/Src/stm32f4xx_hal_msp.o
                0x08002680                HAL_TIM_Base_MspInit
 .text.NMI_Handler
                0x08002700        0x8 ./Core/Src/stm32f4xx_it.o
                0x08002700                NMI_Handler
 .text.HardFault_Handler
                0x08002708        0x8 ./Core/Src/stm32f4xx_it.o
                0x08002708                HardFault_Handler
 .text.MemManage_Handler
                0x08002710        0x8 ./Core/Src/stm32f4xx_it.o
                0x08002710                MemManage_Handler
 .text.BusFault_Handler
                0x08002718        0x8 ./Core/Src/stm32f4xx_it.o
                0x08002718                BusFault_Handler
 .text.UsageFault_Handler
                0x08002720        0x8 ./Core/Src/stm32f4xx_it.o
                0x08002720                UsageFault_Handler
 .text.SVC_Handler
                0x08002728        0xe ./Core/Src/stm32f4xx_it.o
                0x08002728                SVC_Handler
 .text.DebugMon_Handler
                0x08002736        0xe ./Core/Src/stm32f4xx_it.o
                0x08002736                DebugMon_Handler
 .text.PendSV_Handler
                0x08002744        0xe ./Core/Src/stm32f4xx_it.o
                0x08002744                PendSV_Handler
 .text.SysTick_Handler
                0x08002752        0xc ./Core/Src/stm32f4xx_it.o
                0x08002752                SysTick_Handler
 *fill*         0x0800275e        0x2 
 .text.DMA1_Stream0_IRQHandler
                0x08002760       0x14 ./Core/Src/stm32f4xx_it.o
                0x08002760                DMA1_Stream0_IRQHandler
 .text.DMA1_Stream1_IRQHandler
                0x08002774       0x14 ./Core/Src/stm32f4xx_it.o
                0x08002774                DMA1_Stream1_IRQHandler
 .text.ADC_IRQHandler
                0x08002788       0x14 ./Core/Src/stm32f4xx_it.o
                0x08002788                ADC_IRQHandler
 .text.TIM1_BRK_TIM9_IRQHandler
                0x0800279c       0x14 ./Core/Src/stm32f4xx_it.o
                0x0800279c                TIM1_BRK_TIM9_IRQHandler
 .text.TIM1_UP_TIM10_IRQHandler
                0x080027b0       0x14 ./Core/Src/stm32f4xx_it.o
                0x080027b0                TIM1_UP_TIM10_IRQHandler
 .text.TIM1_TRG_COM_TIM11_IRQHandler
                0x080027c4       0x14 ./Core/Src/stm32f4xx_it.o
                0x080027c4                TIM1_TRG_COM_TIM11_IRQHandler
 .text.TIM1_CC_IRQHandler
                0x080027d8       0x14 ./Core/Src/stm32f4xx_it.o
                0x080027d8                TIM1_CC_IRQHandler
 .text.I2C1_EV_IRQHandler
                0x080027ec       0x14 ./Core/Src/stm32f4xx_it.o
                0x080027ec                I2C1_EV_IRQHandler
 .text.I2C1_ER_IRQHandler
                0x08002800       0x14 ./Core/Src/stm32f4xx_it.o
                0x08002800                I2C1_ER_IRQHandler
 .text.DMA2_Stream0_IRQHandler
                0x08002814       0x14 ./Core/Src/stm32f4xx_it.o
                0x08002814                DMA2_Stream0_IRQHandler
 .text.OTG_FS_IRQHandler
                0x08002828       0x14 ./Core/Src/stm32f4xx_it.o
                0x08002828                OTG_FS_IRQHandler
 .text._sbrk    0x0800283c       0x6c ./Core/Src/sysmem.o
                0x0800283c                _sbrk
 .text.SystemInit
                0x080028a8       0x24 ./Core/Src/system_stm32f4xx.o
                0x080028a8                SystemInit
 .text.unerPrtcl_PutHeaderOnTx
                0x080028cc      0x15e ./Core/Src/unerPrtcl.o
                0x080028cc                unerPrtcl_PutHeaderOnTx
 .text.unerPrtcl_PutByteOnTx
                0x08002a2a       0x5c ./Core/Src/unerPrtcl.o
                0x08002a2a                unerPrtcl_PutByteOnTx
 .text.unerPrtcl_PutStrOntx
                0x08002a86       0x88 ./Core/Src/unerPrtcl.o
                0x08002a86                unerPrtcl_PutStrOntx
 *fill*         0x08002b0e        0x2 
 .text.unerPrtcl_DecodeHeader
                0x08002b10      0x1fc ./Core/Src/unerPrtcl.o
                0x08002b10                unerPrtcl_DecodeHeader
 .text.unerPrtcl_Init
                0x08002d0c       0x6e ./Core/Src/unerPrtcl.o
                0x08002d0c                unerPrtcl_Init
 *fill*         0x08002d7a        0x2 
 .text.Reset_Handler
                0x08002d7c       0x50 ./Core/Startup/startup_stm32f411ceux.o
                0x08002d7c                Reset_Handler
 .text.Default_Handler
                0x08002dcc        0x2 ./Core/Startup/startup_stm32f411ceux.o
                0x08002dcc                RTC_Alarm_IRQHandler
                0x08002dcc                EXTI2_IRQHandler
                0x08002dcc                SPI4_IRQHandler
                0x08002dcc                DMA2_Stream5_IRQHandler
                0x08002dcc                DMA1_Stream5_IRQHandler
                0x08002dcc                PVD_IRQHandler
                0x08002dcc                SDIO_IRQHandler
                0x08002dcc                TAMP_STAMP_IRQHandler
                0x08002dcc                EXTI3_IRQHandler
                0x08002dcc                I2C3_ER_IRQHandler
                0x08002dcc                EXTI0_IRQHandler
                0x08002dcc                I2C2_EV_IRQHandler
                0x08002dcc                DMA1_Stream2_IRQHandler
                0x08002dcc                FPU_IRQHandler
                0x08002dcc                DMA2_Stream2_IRQHandler
                0x08002dcc                SPI1_IRQHandler
                0x08002dcc                DMA2_Stream3_IRQHandler
                0x08002dcc                USART6_IRQHandler
                0x08002dcc                TIM4_IRQHandler
                0x08002dcc                DMA1_Stream6_IRQHandler
                0x08002dcc                TIM3_IRQHandler
                0x08002dcc                RCC_IRQHandler
                0x08002dcc                Default_Handler
                0x08002dcc                EXTI15_10_IRQHandler
                0x08002dcc                DMA1_Stream7_IRQHandler
                0x08002dcc                SPI5_IRQHandler
                0x08002dcc                TIM5_IRQHandler
                0x08002dcc                DMA2_Stream7_IRQHandler
                0x08002dcc                I2C3_EV_IRQHandler
                0x08002dcc                EXTI9_5_IRQHandler
                0x08002dcc                RTC_WKUP_IRQHandler
                0x08002dcc                SPI2_IRQHandler
                0x08002dcc                EXTI4_IRQHandler
                0x08002dcc                WWDG_IRQHandler
                0x08002dcc                TIM2_IRQHandler
                0x08002dcc                OTG_FS_WKUP_IRQHandler
                0x08002dcc                EXTI1_IRQHandler
                0x08002dcc                USART2_IRQHandler
                0x08002dcc                I2C2_ER_IRQHandler
                0x08002dcc                DMA2_Stream1_IRQHandler
                0x08002dcc                FLASH_IRQHandler
                0x08002dcc                DMA2_Stream4_IRQHandler
                0x08002dcc                USART1_IRQHandler
                0x08002dcc                SPI3_IRQHandler
                0x08002dcc                DMA1_Stream4_IRQHandler
                0x08002dcc                DMA2_Stream6_IRQHandler
                0x08002dcc                DMA1_Stream3_IRQHandler
 *fill*         0x08002dce        0x2 
 .text.HAL_Init
                0x08002dd0       0x44 ./Drivers/STM32F4xx_HAL_Driver/Src/stm32f4xx_hal.o
                0x08002dd0                HAL_Init
 .text.HAL_InitTick
                0x08002e14       0x60 ./Drivers/STM32F4xx_HAL_Driver/Src/stm32f4xx_hal.o
                0x08002e14                HAL_InitTick
 .text.HAL_IncTick
                0x08002e74       0x28 ./Drivers/STM32F4xx_HAL_Driver/Src/stm32f4xx_hal.o
                0x08002e74                HAL_IncTick
 .text.HAL_GetTick
                0x08002e9c       0x18 ./Drivers/STM32F4xx_HAL_Driver/Src/stm32f4xx_hal.o
                0x08002e9c                HAL_GetTick
 .text.HAL_Delay
                0x08002eb4       0x48 ./Drivers/STM32F4xx_HAL_Driver/Src/stm32f4xx_hal.o
                0x08002eb4                HAL_Delay
 .text.HAL_ADC_Init
                0x08002efc       0x86 ./Drivers/STM32F4xx_HAL_Driver/Src/stm32f4xx_hal_adc.o
                0x08002efc                HAL_ADC_Init
 .text.HAL_ADC_IRQHandler
                0x08002f82      0x220 ./Drivers/STM32F4xx_HAL_Driver/Src/stm32f4xx_hal_adc.o
                0x08002f82                HAL_ADC_IRQHandler
 *fill*         0x080031a2        0x2 
 .text.HAL_ADC_Start_DMA
                0x080031a4      0x1e8 ./Drivers/STM32F4xx_HAL_Driver/Src/stm32f4xx_hal_adc.o
                0x080031a4                HAL_ADC_Start_DMA
 .text.HAL_ADC_ConvHalfCpltCallback
                0x0800338c       0x14 ./Drivers/STM32F4xx_HAL_Driver/Src/stm32f4xx_hal_adc.o
                0x0800338c                HAL_ADC_ConvHalfCpltCallback
 .text.HAL_ADC_LevelOutOfWindowCallback
                0x080033a0       0x14 ./Drivers/STM32F4xx_HAL_Driver/Src/stm32f4xx_hal_adc.o
                0x080033a0                HAL_ADC_LevelOutOfWindowCallback
 .text.HAL_ADC_ErrorCallback
                0x080033b4       0x14 ./Drivers/STM32F4xx_HAL_Driver/Src/stm32f4xx_hal_adc.o
                0x080033b4                HAL_ADC_ErrorCallback
 .text.HAL_ADC_ConfigChannel
                0x080033c8      0x264 ./Drivers/STM32F4xx_HAL_Driver/Src/stm32f4xx_hal_adc.o
                0x080033c8                HAL_ADC_ConfigChannel
 .text.ADC_Init
                0x0800362c      0x1f8 ./Drivers/STM32F4xx_HAL_Driver/Src/stm32f4xx_hal_adc.o
 .text.ADC_DMAConvCplt
                0x08003824       0xba ./Drivers/STM32F4xx_HAL_Driver/Src/stm32f4xx_hal_adc.o
 .text.ADC_DMAHalfConvCplt
                0x080038de       0x1c ./Drivers/STM32F4xx_HAL_Driver/Src/stm32f4xx_hal_adc.o
 .text.ADC_DMAError
                0x080038fa       0x2e ./Drivers/STM32F4xx_HAL_Driver/Src/stm32f4xx_hal_adc.o
 .text.HAL_ADCEx_InjectedConvCpltCallback
                0x08003928       0x14 ./Drivers/STM32F4xx_HAL_Driver/Src/stm32f4xx_hal_adc_ex.o
                0x08003928                HAL_ADCEx_InjectedConvCpltCallback
 .text.__NVIC_SetPriorityGrouping
                0x0800393c       0x48 ./Drivers/STM32F4xx_HAL_Driver/Src/stm32f4xx_hal_cortex.o
 .text.__NVIC_GetPriorityGrouping
                0x08003984       0x1c ./Drivers/STM32F4xx_HAL_Driver/Src/stm32f4xx_hal_cortex.o
 .text.__NVIC_EnableIRQ
                0x080039a0       0x3c ./Drivers/STM32F4xx_HAL_Driver/Src/stm32f4xx_hal_cortex.o
 .text.__NVIC_SetPriority
                0x080039dc       0x54 ./Drivers/STM32F4xx_HAL_Driver/Src/stm32f4xx_hal_cortex.o
 .text.NVIC_EncodePriority
                0x08003a30       0x66 ./Drivers/STM32F4xx_HAL_Driver/Src/stm32f4xx_hal_cortex.o
 *fill*         0x08003a96        0x2 
 .text.SysTick_Config
                0x08003a98       0x44 ./Drivers/STM32F4xx_HAL_Driver/Src/stm32f4xx_hal_cortex.o
 .text.HAL_NVIC_SetPriorityGrouping
                0x08003adc       0x16 ./Drivers/STM32F4xx_HAL_Driver/Src/stm32f4xx_hal_cortex.o
                0x08003adc                HAL_NVIC_SetPriorityGrouping
 .text.HAL_NVIC_SetPriority
                0x08003af2       0x38 ./Drivers/STM32F4xx_HAL_Driver/Src/stm32f4xx_hal_cortex.o
                0x08003af2                HAL_NVIC_SetPriority
 .text.HAL_NVIC_EnableIRQ
                0x08003b2a       0x1c ./Drivers/STM32F4xx_HAL_Driver/Src/stm32f4xx_hal_cortex.o
                0x08003b2a                HAL_NVIC_EnableIRQ
 .text.HAL_SYSTICK_Config
                0x08003b46       0x18 ./Drivers/STM32F4xx_HAL_Driver/Src/stm32f4xx_hal_cortex.o
                0x08003b46                HAL_SYSTICK_Config
 *fill*         0x08003b5e        0x2 
 .text.HAL_DMA_Init
                0x08003b60      0x15c ./Drivers/STM32F4xx_HAL_Driver/Src/stm32f4xx_hal_dma.o
                0x08003b60                HAL_DMA_Init
 .text.HAL_DMA_Start_IT
                0x08003cbc       0xb0 ./Drivers/STM32F4xx_HAL_Driver/Src/stm32f4xx_hal_dma.o
                0x08003cbc                HAL_DMA_Start_IT
 .text.HAL_DMA_Abort_IT
                0x08003d6c       0x44 ./Drivers/STM32F4xx_HAL_Driver/Src/stm32f4xx_hal_dma.o
                0x08003d6c                HAL_DMA_Abort_IT
 .text.HAL_DMA_IRQHandler
                0x08003db0      0x314 ./Drivers/STM32F4xx_HAL_Driver/Src/stm32f4xx_hal_dma.o
                0x08003db0                HAL_DMA_IRQHandler
 .text.HAL_DMA_GetState
                0x080040c4       0x1c ./Drivers/STM32F4xx_HAL_Driver/Src/stm32f4xx_hal_dma.o
                0x080040c4                HAL_DMA_GetState
 .text.HAL_DMA_GetError
                0x080040e0       0x18 ./Drivers/STM32F4xx_HAL_Driver/Src/stm32f4xx_hal_dma.o
                0x080040e0                HAL_DMA_GetError
 .text.DMA_SetConfig
                0x080040f8       0x5c ./Drivers/STM32F4xx_HAL_Driver/Src/stm32f4xx_hal_dma.o
 .text.DMA_CalcBaseAndBitshift
                0x08004154       0x6c ./Drivers/STM32F4xx_HAL_Driver/Src/stm32f4xx_hal_dma.o
 .text.DMA_CheckFifoParam
                0x080041c0       0xf8 ./Drivers/STM32F4xx_HAL_Driver/Src/stm32f4xx_hal_dma.o
 .text.HAL_GPIO_Init
                0x080042b8      0x308 ./Drivers/STM32F4xx_HAL_Driver/Src/stm32f4xx_hal_gpio.o
                0x080042b8                HAL_GPIO_Init
 .text.HAL_GPIO_WritePin
                0x080045c0       0x32 ./Drivers/STM32F4xx_HAL_Driver/Src/stm32f4xx_hal_gpio.o
                0x080045c0                HAL_GPIO_WritePin
 .text.HAL_GPIO_TogglePin
                0x080045f2       0x34 ./Drivers/STM32F4xx_HAL_Driver/Src/stm32f4xx_hal_gpio.o
                0x080045f2                HAL_GPIO_TogglePin
 *fill*         0x08004626        0x2 
 .text.HAL_I2C_Init
                0x08004628      0x288 ./Drivers/STM32F4xx_HAL_Driver/Src/stm32f4xx_hal_i2c.o
                0x08004628                HAL_I2C_Init
 .text.I2C_Flush_DR
                0x080048b0       0x2a ./Drivers/STM32F4xx_HAL_Driver/Src/stm32f4xx_hal_i2c.o
 *fill*         0x080048da        0x2 
 .text.HAL_I2C_Mem_Write
                0x080048dc      0x1f4 ./Drivers/STM32F4xx_HAL_Driver/Src/stm32f4xx_hal_i2c.o
                0x080048dc                HAL_I2C_Mem_Write
 .text.HAL_I2C_Mem_Read
                0x08004ad0      0x464 ./Drivers/STM32F4xx_HAL_Driver/Src/stm32f4xx_hal_i2c.o
                0x08004ad0                HAL_I2C_Mem_Read
 .text.HAL_I2C_Mem_Write_DMA
                0x08004f34      0x2bc ./Drivers/STM32F4xx_HAL_Driver/Src/stm32f4xx_hal_i2c.o
                0x08004f34                HAL_I2C_Mem_Write_DMA
 .text.HAL_I2C_EV_IRQHandler
                0x080051f0      0x2e2 ./Drivers/STM32F4xx_HAL_Driver/Src/stm32f4xx_hal_i2c.o
                0x080051f0                HAL_I2C_EV_IRQHandler
 .text.HAL_I2C_ER_IRQHandler
                0x080054d2      0x14e ./Drivers/STM32F4xx_HAL_Driver/Src/stm32f4xx_hal_i2c.o
                0x080054d2                HAL_I2C_ER_IRQHandler
 .text.HAL_I2C_MasterTxCpltCallback
                0x08005620       0x14 ./Drivers/STM32F4xx_HAL_Driver/Src/stm32f4xx_hal_i2c.o
                0x08005620                HAL_I2C_MasterTxCpltCallback
 .text.HAL_I2C_MasterRxCpltCallback
                0x08005634       0x14 ./Drivers/STM32F4xx_HAL_Driver/Src/stm32f4xx_hal_i2c.o
                0x08005634                HAL_I2C_MasterRxCpltCallback
 .text.HAL_I2C_SlaveTxCpltCallback
                0x08005648       0x14 ./Drivers/STM32F4xx_HAL_Driver/Src/stm32f4xx_hal_i2c.o
                0x08005648                HAL_I2C_SlaveTxCpltCallback
 .text.HAL_I2C_SlaveRxCpltCallback
                0x0800565c       0x14 ./Drivers/STM32F4xx_HAL_Driver/Src/stm32f4xx_hal_i2c.o
                0x0800565c                HAL_I2C_SlaveRxCpltCallback
 .text.HAL_I2C_AddrCallback
                0x08005670       0x1c ./Drivers/STM32F4xx_HAL_Driver/Src/stm32f4xx_hal_i2c.o
                0x08005670                HAL_I2C_AddrCallback
 .text.HAL_I2C_ListenCpltCallback
                0x0800568c       0x14 ./Drivers/STM32F4xx_HAL_Driver/Src/stm32f4xx_hal_i2c.o
                0x0800568c                HAL_I2C_ListenCpltCallback
 .text.HAL_I2C_ErrorCallback
                0x080056a0       0x14 ./Drivers/STM32F4xx_HAL_Driver/Src/stm32f4xx_hal_i2c.o
                0x080056a0                HAL_I2C_ErrorCallback
 .text.HAL_I2C_AbortCpltCallback
                0x080056b4       0x14 ./Drivers/STM32F4xx_HAL_Driver/Src/stm32f4xx_hal_i2c.o
                0x080056b4                HAL_I2C_AbortCpltCallback
 .text.I2C_MasterTransmit_TXE
                0x080056c8      0x138 ./Drivers/STM32F4xx_HAL_Driver/Src/stm32f4xx_hal_i2c.o
 .text.I2C_MasterTransmit_BTF
                0x08005800       0xec ./Drivers/STM32F4xx_HAL_Driver/Src/stm32f4xx_hal_i2c.o
 .text.I2C_MemoryTransmit_TXE_BTF
                0x080058ec      0x130 ./Drivers/STM32F4xx_HAL_Driver/Src/stm32f4xx_hal_i2c.o
 .text.I2C_MasterReceive_RXNE
                0x08005a1c      0x190 ./Drivers/STM32F4xx_HAL_Driver/Src/stm32f4xx_hal_i2c.o
 .text.I2C_MasterReceive_BTF
                0x08005bac      0x1e2 ./Drivers/STM32F4xx_HAL_Driver/Src/stm32f4xx_hal_i2c.o
 .text.I2C_Master_SB
                0x08005d8e      0x10c ./Drivers/STM32F4xx_HAL_Driver/Src/stm32f4xx_hal_i2c.o
 .text.I2C_Master_ADD10
                0x08005e9a       0x54 ./Drivers/STM32F4xx_HAL_Driver/Src/stm32f4xx_hal_i2c.o
 .text.I2C_Master_ADDR
                0x08005eee      0x322 ./Drivers/STM32F4xx_HAL_Driver/Src/stm32f4xx_hal_i2c.o
 .text.I2C_SlaveTransmit_TXE
                0x08006210       0x7a ./Drivers/STM32F4xx_HAL_Driver/Src/stm32f4xx_hal_i2c.o
 .text.I2C_SlaveTransmit_BTF
                0x0800628a       0x42 ./Drivers/STM32F4xx_HAL_Driver/Src/stm32f4xx_hal_i2c.o
 .text.I2C_SlaveReceive_RXNE
                0x080062cc       0x7c ./Drivers/STM32F4xx_HAL_Driver/Src/stm32f4xx_hal_i2c.o
 .text.I2C_SlaveReceive_BTF
                0x08006348       0x44 ./Drivers/STM32F4xx_HAL_Driver/Src/stm32f4xx_hal_i2c.o
 .text.I2C_Slave_ADDR
                0x0800638c       0x94 ./Drivers/STM32F4xx_HAL_Driver/Src/stm32f4xx_hal_i2c.o
 .text.I2C_Slave_STOPF
                0x08006420      0x260 ./Drivers/STM32F4xx_HAL_Driver/Src/stm32f4xx_hal_i2c.o
 .text.I2C_Slave_AF
                0x08006680       0xe8 ./Drivers/STM32F4xx_HAL_Driver/Src/stm32f4xx_hal_i2c.o
 .text.I2C_ITError
                0x08006768      0x264 ./Drivers/STM32F4xx_HAL_Driver/Src/stm32f4xx_hal_i2c.o
 .text.I2C_RequestMemoryWrite
                0x080069cc      0x12c ./Drivers/STM32F4xx_HAL_Driver/Src/stm32f4xx_hal_i2c.o
 .text.I2C_RequestMemoryRead
                0x08006af8      0x1d0 ./Drivers/STM32F4xx_HAL_Driver/Src/stm32f4xx_hal_i2c.o
 .text.I2C_DMAXferCplt
                0x08006cc8      0x1be ./Drivers/STM32F4xx_HAL_Driver/Src/stm32f4xx_hal_i2c.o
 .text.I2C_DMAError
                0x08006e86       0x7a ./Drivers/STM32F4xx_HAL_Driver/Src/stm32f4xx_hal_i2c.o
 .text.I2C_DMAAbort
                0x08006f00      0x150 ./Drivers/STM32F4xx_HAL_Driver/Src/stm32f4xx_hal_i2c.o
 .text.I2C_WaitOnFlagUntilTimeout
                0x08007050       0xf4 ./Drivers/STM32F4xx_HAL_Driver/Src/stm32f4xx_hal_i2c.o
 .text.I2C_WaitOnMasterAddressFlagUntilTimeout
                0x08007144      0x140 ./Drivers/STM32F4xx_HAL_Driver/Src/stm32f4xx_hal_i2c.o
 .text.I2C_WaitOnTXEFlagUntilTimeout
                0x08007284       0x90 ./Drivers/STM32F4xx_HAL_Driver/Src/stm32f4xx_hal_i2c.o
 .text.I2C_WaitOnBTFFlagUntilTimeout
                0x08007314       0x90 ./Drivers/STM32F4xx_HAL_Driver/Src/stm32f4xx_hal_i2c.o
 .text.I2C_WaitOnSTOPRequestThroughIT
                0x080073a4       0x64 ./Drivers/STM32F4xx_HAL_Driver/Src/stm32f4xx_hal_i2c.o
 .text.I2C_WaitOnRXNEFlagUntilTimeout
                0x08007408       0xba ./Drivers/STM32F4xx_HAL_Driver/Src/stm32f4xx_hal_i2c.o
 .text.I2C_IsAcknowledgeFailed
                0x080074c2       0x5e ./Drivers/STM32F4xx_HAL_Driver/Src/stm32f4xx_hal_i2c.o
 .text.I2C_ConvertOtherXferOptions
                0x08007520       0x36 ./Drivers/STM32F4xx_HAL_Driver/Src/stm32f4xx_hal_i2c.o
 .text.HAL_PCD_Init
                0x08007556      0x21e ./Drivers/STM32F4xx_HAL_Driver/Src/stm32f4xx_hal_pcd.o
                0x08007556                HAL_PCD_Init
 .text.HAL_PCD_Start
                0x08007774       0x6a ./Drivers/STM32F4xx_HAL_Driver/Src/stm32f4xx_hal_pcd.o
                0x08007774                HAL_PCD_Start
 .text.HAL_PCD_IRQHandler
                0x080077de      0x942 ./Drivers/STM32F4xx_HAL_Driver/Src/stm32f4xx_hal_pcd.o
                0x080077de                HAL_PCD_IRQHandler
 .text.HAL_PCD_SetAddress
                0x08008120       0x48 ./Drivers/STM32F4xx_HAL_Driver/Src/stm32f4xx_hal_pcd.o
                0x08008120                HAL_PCD_SetAddress
 .text.HAL_PCD_EP_Open
                0x08008168       0xd4 ./Drivers/STM32F4xx_HAL_Driver/Src/stm32f4xx_hal_pcd.o
                0x08008168                HAL_PCD_EP_Open
 .text.HAL_PCD_EP_Close
                0x0800823c       0x94 ./Drivers/STM32F4xx_HAL_Driver/Src/stm32f4xx_hal_pcd.o
                0x0800823c                HAL_PCD_EP_Close
 .text.HAL_PCD_EP_Receive
                0x080082d0       0x76 ./Drivers/STM32F4xx_HAL_Driver/Src/stm32f4xx_hal_pcd.o
                0x080082d0                HAL_PCD_EP_Receive
 .text.HAL_PCD_EP_GetRxCount
                0x08008346       0x30 ./Drivers/STM32F4xx_HAL_Driver/Src/stm32f4xx_hal_pcd.o
                0x08008346                HAL_PCD_EP_GetRxCount
 .text.HAL_PCD_EP_Transmit
                0x08008376       0x74 ./Drivers/STM32F4xx_HAL_Driver/Src/stm32f4xx_hal_pcd.o
                0x08008376                HAL_PCD_EP_Transmit
 .text.HAL_PCD_EP_SetStall
                0x080083ea       0xc6 ./Drivers/STM32F4xx_HAL_Driver/Src/stm32f4xx_hal_pcd.o
                0x080083ea                HAL_PCD_EP_SetStall
 .text.HAL_PCD_EP_ClrStall
                0x080084b0       0xac ./Drivers/STM32F4xx_HAL_Driver/Src/stm32f4xx_hal_pcd.o
                0x080084b0                HAL_PCD_EP_ClrStall
 .text.HAL_PCD_EP_Abort
                0x0800855c       0x62 ./Drivers/STM32F4xx_HAL_Driver/Src/stm32f4xx_hal_pcd.o
                0x0800855c                HAL_PCD_EP_Abort
 .text.PCD_WriteEmptyTxFifo
                0x080085be      0x118 ./Drivers/STM32F4xx_HAL_Driver/Src/stm32f4xx_hal_pcd.o
 *fill*         0x080086d6        0x2 
 .text.PCD_EP_OutXfrComplete_int
                0x080086d8      0x1d0 ./Drivers/STM32F4xx_HAL_Driver/Src/stm32f4xx_hal_pcd.o
 .text.PCD_EP_OutSetupPacket_int
                0x080088a8       0x8c ./Drivers/STM32F4xx_HAL_Driver/Src/stm32f4xx_hal_pcd.o
 .text.HAL_PCDEx_SetTxFiFo
                0x08008934       0x8e ./Drivers/STM32F4xx_HAL_Driver/Src/stm32f4xx_hal_pcd_ex.o
                0x08008934                HAL_PCDEx_SetTxFiFo
 .text.HAL_PCDEx_SetRxFiFo
                0x080089c2       0x22 ./Drivers/STM32F4xx_HAL_Driver/Src/stm32f4xx_hal_pcd_ex.o
                0x080089c2                HAL_PCDEx_SetRxFiFo
 .text.HAL_PCDEx_LPM_Callback
                0x080089e4       0x18 ./Drivers/STM32F4xx_HAL_Driver/Src/stm32f4xx_hal_pcd_ex.o
                0x080089e4                HAL_PCDEx_LPM_Callback
 .text.HAL_RCC_OscConfig
                0x080089fc      0x4f0 ./Drivers/STM32F4xx_HAL_Driver/Src/stm32f4xx_hal_rcc.o
                0x080089fc                HAL_RCC_OscConfig
 .text.HAL_RCC_ClockConfig
                0x08008eec      0x1cc ./Drivers/STM32F4xx_HAL_Driver/Src/stm32f4xx_hal_rcc.o
                0x08008eec                HAL_RCC_ClockConfig
 .text.HAL_RCC_GetSysClockFreq
                0x080090b8      0x18c ./Drivers/STM32F4xx_HAL_Driver/Src/stm32f4xx_hal_rcc.o
                0x080090b8                HAL_RCC_GetSysClockFreq
 .text.HAL_RCC_GetHCLKFreq
                0x08009244       0x18 ./Drivers/STM32F4xx_HAL_Driver/Src/stm32f4xx_hal_rcc.o
                0x08009244                HAL_RCC_GetHCLKFreq
 .text.HAL_RCC_GetPCLK1Freq
                0x0800925c       0x28 ./Drivers/STM32F4xx_HAL_Driver/Src/stm32f4xx_hal_rcc.o
                0x0800925c                HAL_RCC_GetPCLK1Freq
 .text.HAL_TIM_Base_Init
                0x08009284       0x9e ./Drivers/STM32F4xx_HAL_Driver/Src/stm32f4xx_hal_tim.o
                0x08009284                HAL_TIM_Base_Init
 *fill*         0x08009322        0x2 
 .text.HAL_TIM_Base_Start_IT
                0x08009324       0xc4 ./Drivers/STM32F4xx_HAL_Driver/Src/stm32f4xx_hal_tim.o
                0x08009324                HAL_TIM_Base_Start_IT
 .text.HAL_TIM_IRQHandler
                0x080093e8      0x1e0 ./Drivers/STM32F4xx_HAL_Driver/Src/stm32f4xx_hal_tim.o
                0x080093e8                HAL_TIM_IRQHandler
 .text.HAL_TIM_ConfigClockSource
                0x080095c8      0x18e ./Drivers/STM32F4xx_HAL_Driver/Src/stm32f4xx_hal_tim.o
                0x080095c8                HAL_TIM_ConfigClockSource
 .text.HAL_TIM_SlaveConfigSynchro
                0x08009756       0x84 ./Drivers/STM32F4xx_HAL_Driver/Src/stm32f4xx_hal_tim.o
                0x08009756                HAL_TIM_SlaveConfigSynchro
 .text.HAL_TIM_OC_DelayElapsedCallback
                0x080097da       0x14 ./Drivers/STM32F4xx_HAL_Driver/Src/stm32f4xx_hal_tim.o
                0x080097da                HAL_TIM_OC_DelayElapsedCallback
 .text.HAL_TIM_IC_CaptureCallback
                0x080097ee       0x14 ./Drivers/STM32F4xx_HAL_Driver/Src/stm32f4xx_hal_tim.o
                0x080097ee                HAL_TIM_IC_CaptureCallback
 .text.HAL_TIM_PWM_PulseFinishedCallback
                0x08009802       0x14 ./Drivers/STM32F4xx_HAL_Driver/Src/stm32f4xx_hal_tim.o
                0x08009802                HAL_TIM_PWM_PulseFinishedCallback
 .text.HAL_TIM_TriggerCallback
                0x08009816       0x14 ./Drivers/STM32F4xx_HAL_Driver/Src/stm32f4xx_hal_tim.o
                0x08009816                HAL_TIM_TriggerCallback
 *fill*         0x0800982a        0x2 
 .text.TIM_Base_SetConfig
                0x0800982c      0x10c ./Drivers/STM32F4xx_HAL_Driver/Src/stm32f4xx_hal_tim.o
                0x0800982c                TIM_Base_SetConfig
 .text.TIM_SlaveTimer_SetConfig
                0x08009938      0x122 ./Drivers/STM32F4xx_HAL_Driver/Src/stm32f4xx_hal_tim.o
 .text.TIM_TI1_ConfigInputStage
                0x08009a5a       0x5e ./Drivers/STM32F4xx_HAL_Driver/Src/stm32f4xx_hal_tim.o
 .text.TIM_TI2_ConfigInputStage
                0x08009ab8       0x60 ./Drivers/STM32F4xx_HAL_Driver/Src/stm32f4xx_hal_tim.o
 .text.TIM_ITRx_SetConfig
                0x08009b18       0x36 ./Drivers/STM32F4xx_HAL_Driver/Src/stm32f4xx_hal_tim.o
 .text.TIM_ETR_SetConfig
                0x08009b4e       0x40 ./Drivers/STM32F4xx_HAL_Driver/Src/stm32f4xx_hal_tim.o
                0x08009b4e                TIM_ETR_SetConfig
 *fill*         0x08009b8e        0x2 
 .text.HAL_TIMEx_MasterConfigSynchronization
                0x08009b90       0xdc ./Drivers/STM32F4xx_HAL_Driver/Src/stm32f4xx_hal_tim_ex.o
                0x08009b90                HAL_TIMEx_MasterConfigSynchronization
 .text.HAL_TIMEx_CommutCallback
                0x08009c6c       0x14 ./Drivers/STM32F4xx_HAL_Driver/Src/stm32f4xx_hal_tim_ex.o
                0x08009c6c                HAL_TIMEx_CommutCallback
 .text.HAL_TIMEx_BreakCallback
                0x08009c80       0x14 ./Drivers/STM32F4xx_HAL_Driver/Src/stm32f4xx_hal_tim_ex.o
                0x08009c80                HAL_TIMEx_BreakCallback
 .text.USB_CoreInit
                0x08009c94       0xc8 ./Drivers/STM32F4xx_HAL_Driver/Src/stm32f4xx_ll_usb.o
                0x08009c94                USB_CoreInit
 .text.USB_SetTurnaroundTime
                0x08009d5c      0x144 ./Drivers/STM32F4xx_HAL_Driver/Src/stm32f4xx_ll_usb.o
                0x08009d5c                USB_SetTurnaroundTime
 .text.USB_EnableGlobalInt
                0x08009ea0       0x22 ./Drivers/STM32F4xx_HAL_Driver/Src/stm32f4xx_ll_usb.o
                0x08009ea0                USB_EnableGlobalInt
 .text.USB_DisableGlobalInt
                0x08009ec2       0x22 ./Drivers/STM32F4xx_HAL_Driver/Src/stm32f4xx_ll_usb.o
                0x08009ec2                USB_DisableGlobalInt
 .text.USB_SetCurrentMode
                0x08009ee4       0x98 ./Drivers/STM32F4xx_HAL_Driver/Src/stm32f4xx_ll_usb.o
                0x08009ee4                USB_SetCurrentMode
 .text.USB_DevInit
                0x08009f7c      0x2c8 ./Drivers/STM32F4xx_HAL_Driver/Src/stm32f4xx_ll_usb.o
                0x08009f7c                USB_DevInit
 .text.USB_FlushTxFifo
                0x0800a244       0x64 ./Drivers/STM32F4xx_HAL_Driver/Src/stm32f4xx_ll_usb.o
                0x0800a244                USB_FlushTxFifo
 .text.USB_FlushRxFifo
                0x0800a2a8       0x5c ./Drivers/STM32F4xx_HAL_Driver/Src/stm32f4xx_ll_usb.o
                0x0800a2a8                USB_FlushRxFifo
 .text.USB_SetDevSpeed
                0x0800a304       0x32 ./Drivers/STM32F4xx_HAL_Driver/Src/stm32f4xx_ll_usb.o
                0x0800a304                USB_SetDevSpeed
 .text.USB_GetDevSpeed
                0x0800a336       0x4a ./Drivers/STM32F4xx_HAL_Driver/Src/stm32f4xx_ll_usb.o
                0x0800a336                USB_GetDevSpeed
 .text.USB_ActivateEndpoint
                0x0800a380      0x10e ./Drivers/STM32F4xx_HAL_Driver/Src/stm32f4xx_ll_usb.o
                0x0800a380                USB_ActivateEndpoint
 *fill*         0x0800a48e        0x2 
 .text.USB_DeactivateEndpoint
                0x0800a490      0x1b8 ./Drivers/STM32F4xx_HAL_Driver/Src/stm32f4xx_ll_usb.o
                0x0800a490                USB_DeactivateEndpoint
 .text.USB_EPStartXfer
                0x0800a648      0x53c ./Drivers/STM32F4xx_HAL_Driver/Src/stm32f4xx_ll_usb.o
                0x0800a648                USB_EPStartXfer
 .text.USB_EPStopXfer
                0x0800ab84      0x154 ./Drivers/STM32F4xx_HAL_Driver/Src/stm32f4xx_ll_usb.o
                0x0800ab84                USB_EPStopXfer
 .text.USB_WritePacket
                0x0800acd8       0x7c ./Drivers/STM32F4xx_HAL_Driver/Src/stm32f4xx_ll_usb.o
                0x0800acd8                USB_WritePacket
 .text.USB_ReadPacket
                0x0800ad54       0xb0 ./Drivers/STM32F4xx_HAL_Driver/Src/stm32f4xx_ll_usb.o
                0x0800ad54                USB_ReadPacket
 .text.USB_EPSetStall
                0x0800ae04       0xdc ./Drivers/STM32F4xx_HAL_Driver/Src/stm32f4xx_ll_usb.o
                0x0800ae04                USB_EPSetStall
 .text.USB_EPClearStall
                0x0800aee0       0xcc ./Drivers/STM32F4xx_HAL_Driver/Src/stm32f4xx_ll_usb.o
                0x0800aee0                USB_EPClearStall
 .text.USB_SetDevAddress
                0x0800afac       0x4c ./Drivers/STM32F4xx_HAL_Driver/Src/stm32f4xx_ll_usb.o
                0x0800afac                USB_SetDevAddress
 .text.USB_DevConnect
                0x0800aff8       0x42 ./Drivers/STM32F4xx_HAL_Driver/Src/stm32f4xx_ll_usb.o
                0x0800aff8                USB_DevConnect
 .text.USB_DevDisconnect
                0x0800b03a       0x42 ./Drivers/STM32F4xx_HAL_Driver/Src/stm32f4xx_ll_usb.o
                0x0800b03a                USB_DevDisconnect
 .text.USB_ReadInterrupts
                0x0800b07c       0x26 ./Drivers/STM32F4xx_HAL_Driver/Src/stm32f4xx_ll_usb.o
                0x0800b07c                USB_ReadInterrupts
 .text.USB_ReadDevAllOutEpInterrupt
                0x0800b0a2       0x34 ./Drivers/STM32F4xx_HAL_Driver/Src/stm32f4xx_ll_usb.o
                0x0800b0a2                USB_ReadDevAllOutEpInterrupt
 .text.USB_ReadDevAllInEpInterrupt
                0x0800b0d6       0x34 ./Drivers/STM32F4xx_HAL_Driver/Src/stm32f4xx_ll_usb.o
                0x0800b0d6                USB_ReadDevAllInEpInterrupt
 .text.USB_ReadDevOutEPInterrupt
                0x0800b10a       0x3c ./Drivers/STM32F4xx_HAL_Driver/Src/stm32f4xx_ll_usb.o
                0x0800b10a                USB_ReadDevOutEPInterrupt
 .text.USB_ReadDevInEPInterrupt
                0x0800b146       0x5c ./Drivers/STM32F4xx_HAL_Driver/Src/stm32f4xx_ll_usb.o
                0x0800b146                USB_ReadDevInEPInterrupt
 .text.USB_GetMode
                0x0800b1a2       0x1c ./Drivers/STM32F4xx_HAL_Driver/Src/stm32f4xx_ll_usb.o
                0x0800b1a2                USB_GetMode
 .text.USB_ActivateSetup
                0x0800b1be       0x46 ./Drivers/STM32F4xx_HAL_Driver/Src/stm32f4xx_ll_usb.o
                0x0800b1be                USB_ActivateSetup
 .text.USB_EP0_OutStart
                0x0800b204       0xbc ./Drivers/STM32F4xx_HAL_Driver/Src/stm32f4xx_ll_usb.o
                0x0800b204                USB_EP0_OutStart
 .text.USB_CoreReset
                0x0800b2c0       0x70 ./Drivers/STM32F4xx_HAL_Driver/Src/stm32f4xx_ll_usb.o
 .text.USBD_CDC_Init
                0x0800b330      0x1f0 ./Middlewares/ST/STM32_USB_Device_Library/Class/CDC/Src/usbd_cdc.o
 .text.USBD_CDC_DeInit
                0x0800b520      0x104 ./Middlewares/ST/STM32_USB_Device_Library/Class/CDC/Src/usbd_cdc.o
 .text.USBD_CDC_Setup
                0x0800b624      0x1b8 ./Middlewares/ST/STM32_USB_Device_Library/Class/CDC/Src/usbd_cdc.o
 .text.USBD_CDC_DataIn
                0x0800b7dc       0xfe ./Middlewares/ST/STM32_USB_Device_Library/Class/CDC/Src/usbd_cdc.o
 .text.USBD_CDC_DataOut
                0x0800b8da       0x70 ./Middlewares/ST/STM32_USB_Device_Library/Class/CDC/Src/usbd_cdc.o
 .text.USBD_CDC_EP0_RxReady
                0x0800b94a       0x74 ./Middlewares/ST/STM32_USB_Device_Library/Class/CDC/Src/usbd_cdc.o
 *fill*         0x0800b9be        0x2 
 .text.USBD_CDC_GetFSCfgDesc
                0x0800b9c0       0x70 ./Middlewares/ST/STM32_USB_Device_Library/Class/CDC/Src/usbd_cdc.o
 .text.USBD_CDC_GetHSCfgDesc
                0x0800ba30       0x70 ./Middlewares/ST/STM32_USB_Device_Library/Class/CDC/Src/usbd_cdc.o
 .text.USBD_CDC_GetOtherSpeedCfgDesc
                0x0800baa0       0x70 ./Middlewares/ST/STM32_USB_Device_Library/Class/CDC/Src/usbd_cdc.o
 .text.USBD_CDC_GetDeviceQualifierDescriptor
                0x0800bb10       0x20 ./Middlewares/ST/STM32_USB_Device_Library/Class/CDC/Src/usbd_cdc.o
                0x0800bb10                USBD_CDC_GetDeviceQualifierDescriptor
 .text.USBD_CDC_RegisterInterface
                0x0800bb30       0x34 ./Middlewares/ST/STM32_USB_Device_Library/Class/CDC/Src/usbd_cdc.o
                0x0800bb30                USBD_CDC_RegisterInterface
 .text.USBD_CDC_SetTxBuffer
                0x0800bb64       0x44 ./Middlewares/ST/STM32_USB_Device_Library/Class/CDC/Src/usbd_cdc.o
                0x0800bb64                USBD_CDC_SetTxBuffer
 .text.USBD_CDC_SetRxBuffer
                0x0800bba8       0x3a ./Middlewares/ST/STM32_USB_Device_Library/Class/CDC/Src/usbd_cdc.o
                0x0800bba8                USBD_CDC_SetRxBuffer
 *fill*         0x0800bbe2        0x2 
 .text.USBD_CDC_TransmitPacket
                0x0800bbe4       0x80 ./Middlewares/ST/STM32_USB_Device_Library/Class/CDC/Src/usbd_cdc.o
                0x0800bbe4                USBD_CDC_TransmitPacket
 .text.USBD_CDC_ReceivePacket
                0x0800bc64       0x6c ./Middlewares/ST/STM32_USB_Device_Library/Class/CDC/Src/usbd_cdc.o
                0x0800bc64                USBD_CDC_ReceivePacket
 .text.USBD_Init
                0x0800bcd0       0x60 ./Middlewares/ST/STM32_USB_Device_Library/Core/Src/usbd_core.o
                0x0800bcd0                USBD_Init
 .text.USBD_RegisterClass
                0x0800bd30       0x6c ./Middlewares/ST/STM32_USB_Device_Library/Core/Src/usbd_core.o
                0x0800bd30                USBD_RegisterClass
 .text.USBD_Start
                0x0800bd9c       0x18 ./Middlewares/ST/STM32_USB_Device_Library/Core/Src/usbd_core.o
                0x0800bd9c                USBD_Start
 .text.USBD_RunTestMode
                0x0800bdb4       0x16 ./Middlewares/ST/STM32_USB_Device_Library/Core/Src/usbd_core.o
                0x0800bdb4                USBD_RunTestMode
 .text.USBD_SetClassConfig
                0x0800bdca       0x38 ./Middlewares/ST/STM32_USB_Device_Library/Core/Src/usbd_core.o
                0x0800bdca                USBD_SetClassConfig
 .text.USBD_ClrClassConfig
                0x0800be02       0x34 ./Middlewares/ST/STM32_USB_Device_Library/Core/Src/usbd_core.o
                0x0800be02                USBD_ClrClassConfig
 .text.USBD_LL_SetupStage
                0x0800be36       0xaa ./Middlewares/ST/STM32_USB_Device_Library/Core/Src/usbd_core.o
                0x0800be36                USBD_LL_SetupStage
 .text.USBD_LL_DataOutStage
                0x0800bee0      0x178 ./Middlewares/ST/STM32_USB_Device_Library/Core/Src/usbd_core.o
                0x0800bee0                USBD_LL_DataOutStage
 .text.USBD_LL_DataInStage
                0x0800c058      0x176 ./Middlewares/ST/STM32_USB_Device_Library/Core/Src/usbd_core.o
                0x0800c058                USBD_LL_DataInStage
 .text.USBD_LL_Reset
                0x0800c1ce       0xa6 ./Middlewares/ST/STM32_USB_Device_Library/Core/Src/usbd_core.o
                0x0800c1ce                USBD_LL_Reset
 .text.USBD_LL_SetSpeed
                0x0800c274       0x20 ./Middlewares/ST/STM32_USB_Device_Library/Core/Src/usbd_core.o
                0x0800c274                USBD_LL_SetSpeed
 .text.USBD_LL_Suspend
                0x0800c294       0x38 ./Middlewares/ST/STM32_USB_Device_Library/Core/Src/usbd_core.o
                0x0800c294                USBD_LL_Suspend
 .text.USBD_LL_Resume
                0x0800c2cc       0x30 ./Middlewares/ST/STM32_USB_Device_Library/Core/Src/usbd_core.o
                0x0800c2cc                USBD_LL_Resume
 .text.USBD_LL_SOF
                0x0800c2fc       0x40 ./Middlewares/ST/STM32_USB_Device_Library/Core/Src/usbd_core.o
                0x0800c2fc                USBD_LL_SOF
 .text.USBD_LL_IsoINIncomplete
                0x0800c33c       0x64 ./Middlewares/ST/STM32_USB_Device_Library/Core/Src/usbd_core.o
                0x0800c33c                USBD_LL_IsoINIncomplete
 .text.USBD_LL_IsoOUTIncomplete
                0x0800c3a0       0x64 ./Middlewares/ST/STM32_USB_Device_Library/Core/Src/usbd_core.o
                0x0800c3a0                USBD_LL_IsoOUTIncomplete
 .text.USBD_LL_DevConnected
                0x0800c404       0x16 ./Middlewares/ST/STM32_USB_Device_Library/Core/Src/usbd_core.o
                0x0800c404                USBD_LL_DevConnected
 .text.USBD_LL_DevDisconnected
                0x0800c41a       0x46 ./Middlewares/ST/STM32_USB_Device_Library/Core/Src/usbd_core.o
                0x0800c41a                USBD_LL_DevDisconnected
 .text.USBD_CoreFindIF
                0x0800c460       0x1a ./Middlewares/ST/STM32_USB_Device_Library/Core/Src/usbd_core.o
                0x0800c460                USBD_CoreFindIF
 .text.USBD_CoreFindEP
                0x0800c47a       0x1a ./Middlewares/ST/STM32_USB_Device_Library/Core/Src/usbd_core.o
                0x0800c47a                USBD_CoreFindEP
 .text.USBD_GetEpDesc
                0x0800c494       0x70 ./Middlewares/ST/STM32_USB_Device_Library/Core/Src/usbd_core.o
                0x0800c494                USBD_GetEpDesc
 .text.USBD_GetNextDesc
                0x0800c504       0x38 ./Middlewares/ST/STM32_USB_Device_Library/Core/Src/usbd_core.o
                0x0800c504                USBD_GetNextDesc
 .text.SWAPBYTE
                0x0800c53c       0x3e ./Middlewares/ST/STM32_USB_Device_Library/Core/Src/usbd_ctlreq.o
 *fill*         0x0800c57a        0x2 
 .text.USBD_StdDevReq
                0x0800c57c       0xe4 ./Middlewares/ST/STM32_USB_Device_Library/Core/Src/usbd_ctlreq.o
                0x0800c57c                USBD_StdDevReq
 .text.USBD_StdItfReq
                0x0800c660       0xd8 ./Middlewares/ST/STM32_USB_Device_Library/Core/Src/usbd_ctlreq.o
                0x0800c660                USBD_StdItfReq
 .text.USBD_StdEPReq
                0x0800c738      0x33e ./Middlewares/ST/STM32_USB_Device_Library/Core/Src/usbd_ctlreq.o
                0x0800c738                USBD_StdEPReq
 *fill*         0x0800ca76        0x2 
 .text.USBD_GetDescriptor
                0x0800ca78      0x2d4 ./Middlewares/ST/STM32_USB_Device_Library/Core/Src/usbd_ctlreq.o
 .text.USBD_SetAddress
                0x0800cd4c       0x88 ./Middlewares/ST/STM32_USB_Device_Library/Core/Src/usbd_ctlreq.o
 .text.USBD_SetConfig
                0x0800cdd4      0x154 ./Middlewares/ST/STM32_USB_Device_Library/Core/Src/usbd_ctlreq.o
 .text.USBD_GetConfig
                0x0800cf28       0x6c ./Middlewares/ST/STM32_USB_Device_Library/Core/Src/usbd_ctlreq.o
 .text.USBD_GetStatus
                0x0800cf94       0x68 ./Middlewares/ST/STM32_USB_Device_Library/Core/Src/usbd_ctlreq.o
 .text.USBD_SetFeature
                0x0800cffc       0x52 ./Middlewares/ST/STM32_USB_Device_Library/Core/Src/usbd_ctlreq.o
 .text.USBD_ClrFeature
                0x0800d04e       0x44 ./Middlewares/ST/STM32_USB_Device_Library/Core/Src/usbd_ctlreq.o
 .text.USBD_ParseSetupRequest
                0x0800d092       0x74 ./Middlewares/ST/STM32_USB_Device_Library/Core/Src/usbd_ctlreq.o
                0x0800d092                USBD_ParseSetupRequest
 .text.USBD_CtlError
                0x0800d106       0x22 ./Middlewares/ST/STM32_USB_Device_Library/Core/Src/usbd_ctlreq.o
                0x0800d106                USBD_CtlError
 .text.USBD_GetString
                0x0800d128       0xa4 ./Middlewares/ST/STM32_USB_Device_Library/Core/Src/usbd_ctlreq.o
                0x0800d128                USBD_GetString
 .text.USBD_GetLen
                0x0800d1cc       0x34 ./Middlewares/ST/STM32_USB_Device_Library/Core/Src/usbd_ctlreq.o
 .text.USBD_CtlSendData
                0x0800d200       0x3c ./Middlewares/ST/STM32_USB_Device_Library/Core/Src/usbd_ioreq.o
                0x0800d200                USBD_CtlSendData
 .text.USBD_CtlContinueSendData
                0x0800d23c       0x22 ./Middlewares/ST/STM32_USB_Device_Library/Core/Src/usbd_ioreq.o
                0x0800d23c                USBD_CtlContinueSendData
 .text.USBD_CtlPrepareRx
                0x0800d25e       0x42 ./Middlewares/ST/STM32_USB_Device_Library/Core/Src/usbd_ioreq.o
                0x0800d25e                USBD_CtlPrepareRx
 .text.USBD_CtlContinueRx
                0x0800d2a0       0x22 ./Middlewares/ST/STM32_USB_Device_Library/Core/Src/usbd_ioreq.o
                0x0800d2a0                USBD_CtlContinueRx
 .text.USBD_CtlSendStatus
                0x0800d2c2       0x26 ./Middlewares/ST/STM32_USB_Device_Library/Core/Src/usbd_ioreq.o
                0x0800d2c2                USBD_CtlSendStatus
 .text.USBD_CtlReceiveStatus
                0x0800d2e8       0x26 ./Middlewares/ST/STM32_USB_Device_Library/Core/Src/usbd_ioreq.o
                0x0800d2e8                USBD_CtlReceiveStatus
 *fill*         0x0800d30e        0x2 
 .text.MX_USB_DEVICE_Init
                0x0800d310       0x60 ./USB_DEVICE/App/usb_device.o
                0x0800d310                MX_USB_DEVICE_Init
 .text.CDC_Init_FS
                0x0800d370       0x28 ./USB_DEVICE/App/usbd_cdc_if.o
 .text.CDC_DeInit_FS
                0x0800d398       0x10 ./USB_DEVICE/App/usbd_cdc_if.o
 .text.CDC_Control_FS
                0x0800d3a8      0x15c ./USB_DEVICE/App/usbd_cdc_if.o
 .text.CDC_Receive_FS
                0x0800d504       0x40 ./USB_DEVICE/App/usbd_cdc_if.o
 .text.CDC_Transmit_FS
                0x0800d544       0x4c ./USB_DEVICE/App/usbd_cdc_if.o
                0x0800d544                CDC_Transmit_FS
 .text.CDC_TransmitCplt_FS
                0x0800d590       0x22 ./USB_DEVICE/App/usbd_cdc_if.o
 *fill*         0x0800d5b2        0x2 
 .text.CDC_Attach_Rx
                0x0800d5b4       0x20 ./USB_DEVICE/App/usbd_cdc_if.o
                0x0800d5b4                CDC_Attach_Rx
 .text.USBD_FS_DeviceDescriptor
                0x0800d5d4       0x24 ./USB_DEVICE/App/usbd_desc.o
                0x0800d5d4                USBD_FS_DeviceDescriptor
 .text.USBD_FS_LangIDStrDescriptor
                0x0800d5f8       0x24 ./USB_DEVICE/App/usbd_desc.o
                0x0800d5f8                USBD_FS_LangIDStrDescriptor
 .text.USBD_FS_ProductStrDescriptor
                0x0800d61c       0x3c ./USB_DEVICE/App/usbd_desc.o
                0x0800d61c                USBD_FS_ProductStrDescriptor
 .text.USBD_FS_ManufacturerStrDescriptor
                0x0800d658       0x28 ./USB_DEVICE/App/usbd_desc.o
                0x0800d658                USBD_FS_ManufacturerStrDescriptor
 .text.USBD_FS_SerialStrDescriptor
                0x0800d680       0x24 ./USB_DEVICE/App/usbd_desc.o
                0x0800d680                USBD_FS_SerialStrDescriptor
 .text.USBD_FS_ConfigStrDescriptor
                0x0800d6a4       0x3c ./USB_DEVICE/App/usbd_desc.o
                0x0800d6a4                USBD_FS_ConfigStrDescriptor
 .text.USBD_FS_InterfaceStrDescriptor
                0x0800d6e0       0x3c ./USB_DEVICE/App/usbd_desc.o
                0x0800d6e0                USBD_FS_InterfaceStrDescriptor
 .text.Get_SerialNum
                0x0800d71c       0x58 ./USB_DEVICE/App/usbd_desc.o
 .text.IntToUnicode
                0x0800d774       0x7e ./USB_DEVICE/App/usbd_desc.o
 *fill*         0x0800d7f2        0x2 
 .text.HAL_PCD_MspInit
                0x0800d7f4       0xa8 ./USB_DEVICE/Target/usbd_conf.o
                0x0800d7f4                HAL_PCD_MspInit
 .text.HAL_PCD_SetupStageCallback
                0x0800d89c       0x24 ./USB_DEVICE/Target/usbd_conf.o
                0x0800d89c                HAL_PCD_SetupStageCallback
 .text.HAL_PCD_DataOutStageCallback
                0x0800d8c0       0x36 ./USB_DEVICE/Target/usbd_conf.o
                0x0800d8c0                HAL_PCD_DataOutStageCallback
 .text.HAL_PCD_DataInStageCallback
                0x0800d8f6       0x34 ./USB_DEVICE/Target/usbd_conf.o
                0x0800d8f6                HAL_PCD_DataInStageCallback
 .text.HAL_PCD_SOFCallback
                0x0800d92a       0x1c ./USB_DEVICE/Target/usbd_conf.o
                0x0800d92a                HAL_PCD_SOFCallback
 .text.HAL_PCD_ResetCallback
                0x0800d946       0x3c ./USB_DEVICE/Target/usbd_conf.o
                0x0800d946                HAL_PCD_ResetCallback
 *fill*         0x0800d982        0x2 
 .text.HAL_PCD_SuspendCallback
                0x0800d984       0x4c ./USB_DEVICE/Target/usbd_conf.o
                0x0800d984                HAL_PCD_SuspendCallback
 .text.HAL_PCD_ResumeCallback
                0x0800d9d0       0x1c ./USB_DEVICE/Target/usbd_conf.o
                0x0800d9d0                HAL_PCD_ResumeCallback
 .text.HAL_PCD_ISOOUTIncompleteCallback
                0x0800d9ec       0x24 ./USB_DEVICE/Target/usbd_conf.o
                0x0800d9ec                HAL_PCD_ISOOUTIncompleteCallback
 .text.HAL_PCD_ISOINIncompleteCallback
                0x0800da10       0x24 ./USB_DEVICE/Target/usbd_conf.o
                0x0800da10                HAL_PCD_ISOINIncompleteCallback
 .text.HAL_PCD_ConnectCallback
                0x0800da34       0x1c ./USB_DEVICE/Target/usbd_conf.o
                0x0800da34                HAL_PCD_ConnectCallback
 .text.HAL_PCD_DisconnectCallback
                0x0800da50       0x1c ./USB_DEVICE/Target/usbd_conf.o
                0x0800da50                HAL_PCD_DisconnectCallback
 .text.USBD_LL_Init
                0x0800da6c       0x98 ./USB_DEVICE/Target/usbd_conf.o
                0x0800da6c                USBD_LL_Init
 .text.USBD_LL_Start
                0x0800db04       0x36 ./USB_DEVICE/Target/usbd_conf.o
                0x0800db04                USBD_LL_Start
 .text.USBD_LL_OpenEP
                0x0800db3a       0x4c ./USB_DEVICE/Target/usbd_conf.o
                0x0800db3a                USBD_LL_OpenEP
 .text.USBD_LL_CloseEP
                0x0800db86       0x3e ./USB_DEVICE/Target/usbd_conf.o
                0x0800db86                USBD_LL_CloseEP
 .text.USBD_LL_StallEP
                0x0800dbc4       0x3e ./USB_DEVICE/Target/usbd_conf.o
                0x0800dbc4                USBD_LL_StallEP
 .text.USBD_LL_ClearStallEP
                0x0800dc02       0x3e ./USB_DEVICE/Target/usbd_conf.o
                0x0800dc02                USBD_LL_ClearStallEP
 .text.USBD_LL_IsStallEP
                0x0800dc40       0x58 ./USB_DEVICE/Target/usbd_conf.o
                0x0800dc40                USBD_LL_IsStallEP
 .text.USBD_LL_SetUSBAddress
                0x0800dc98       0x3e ./USB_DEVICE/Target/usbd_conf.o
                0x0800dc98                USBD_LL_SetUSBAddress
 .text.USBD_LL_Transmit
                0x0800dcd6       0x42 ./USB_DEVICE/Target/usbd_conf.o
                0x0800dcd6                USBD_LL_Transmit
 .text.USBD_LL_PrepareReceive
                0x0800dd18       0x42 ./USB_DEVICE/Target/usbd_conf.o
                0x0800dd18                USBD_LL_PrepareReceive
 .text.USBD_LL_GetRxDataSize
                0x0800dd5a       0x26 ./USB_DEVICE/Target/usbd_conf.o
                0x0800dd5a                USBD_LL_GetRxDataSize
 .text.USBD_static_malloc
                0x0800dd80       0x1c ./USB_DEVICE/Target/usbd_conf.o
                0x0800dd80                USBD_static_malloc
 .text.USBD_static_free
                0x0800dd9c       0x14 ./USB_DEVICE/Target/usbd_conf.o
                0x0800dd9c                USBD_static_free
 .text.USBD_Get_USB_Status
                0x0800ddb0       0x58 ./USB_DEVICE/Target/usbd_conf.o
                0x0800ddb0                USBD_Get_USB_Status
 .text.snprintf
                0x0800de08       0x6c C:/ST/STM32CubeIDE_1.18.1/STM32CubeIDE/plugins/com.st.stm32cube.ide.mcu.externaltools.gnu-tools-for-stm32.13.3.rel1.win32_1.0.0.202411081344/tools/bin/../lib/gcc/arm-none-eabi/13.3.1/../../../../arm-none-eabi/lib/thumb/v7e-m+fp/hard\libc_nano.a(libc_a-snprintf.o)
                0x0800de08                sniprintf
                0x0800de08                snprintf
 .text.memmove  0x0800de74       0x34 C:/ST/STM32CubeIDE_1.18.1/STM32CubeIDE/plugins/com.st.stm32cube.ide.mcu.externaltools.gnu-tools-for-stm32.13.3.rel1.win32_1.0.0.202411081344/tools/bin/../lib/gcc/arm-none-eabi/13.3.1/../../../../arm-none-eabi/lib/thumb/v7e-m+fp/hard\libc_nano.a(libc_a-memmove.o)
                0x0800de74                memmove
 .text.memset   0x0800dea8       0x10 C:/ST/STM32CubeIDE_1.18.1/STM32CubeIDE/plugins/com.st.stm32cube.ide.mcu.externaltools.gnu-tools-for-stm32.13.3.rel1.win32_1.0.0.202411081344/tools/bin/../lib/gcc/arm-none-eabi/13.3.1/../../../../arm-none-eabi/lib/thumb/v7e-m+fp/hard\libc_nano.a(libc_a-memset.o)
                0x0800dea8                memset
 .text.__errno  0x0800deb8        0xc C:/ST/STM32CubeIDE_1.18.1/STM32CubeIDE/plugins/com.st.stm32cube.ide.mcu.externaltools.gnu-tools-for-stm32.13.3.rel1.win32_1.0.0.202411081344/tools/bin/../lib/gcc/arm-none-eabi/13.3.1/../../../../arm-none-eabi/lib/thumb/v7e-m+fp/hard\libc_nano.a(libc_a-errno.o)
                0x0800deb8                __errno
 .text.__libc_init_array
                0x0800dec4       0x48 C:/ST/STM32CubeIDE_1.18.1/STM32CubeIDE/plugins/com.st.stm32cube.ide.mcu.externaltools.gnu-tools-for-stm32.13.3.rel1.win32_1.0.0.202411081344/tools/bin/../lib/gcc/arm-none-eabi/13.3.1/../../../../arm-none-eabi/lib/thumb/v7e-m+fp/hard\libc_nano.a(libc_a-init.o)
                0x0800dec4                __libc_init_array
 .text.__retarget_lock_acquire_recursive
                0x0800df0c        0x2 C:/ST/STM32CubeIDE_1.18.1/STM32CubeIDE/plugins/com.st.stm32cube.ide.mcu.externaltools.gnu-tools-for-stm32.13.3.rel1.win32_1.0.0.202411081344/tools/bin/../lib/gcc/arm-none-eabi/13.3.1/../../../../arm-none-eabi/lib/thumb/v7e-m+fp/hard\libc_nano.a(libc_a-lock.o)
                0x0800df0c                __retarget_lock_acquire_recursive
 .text.__retarget_lock_release_recursive
                0x0800df0e        0x2 C:/ST/STM32CubeIDE_1.18.1/STM32CubeIDE/plugins/com.st.stm32cube.ide.mcu.externaltools.gnu-tools-for-stm32.13.3.rel1.win32_1.0.0.202411081344/tools/bin/../lib/gcc/arm-none-eabi/13.3.1/../../../../arm-none-eabi/lib/thumb/v7e-m+fp/hard\libc_nano.a(libc_a-lock.o)
                0x0800df0e                __retarget_lock_release_recursive
 .text.memcpy   0x0800df10       0x1c C:/ST/STM32CubeIDE_1.18.1/STM32CubeIDE/plugins/com.st.stm32cube.ide.mcu.externaltools.gnu-tools-for-stm32.13.3.rel1.win32_1.0.0.202411081344/tools/bin/../lib/gcc/arm-none-eabi/13.3.1/../../../../arm-none-eabi/lib/thumb/v7e-m+fp/hard\libc_nano.a(libc_a-memcpy-stub.o)
                0x0800df10                memcpy
 .text._free_r  0x0800df2c       0x94 C:/ST/STM32CubeIDE_1.18.1/STM32CubeIDE/plugins/com.st.stm32cube.ide.mcu.externaltools.gnu-tools-for-stm32.13.3.rel1.win32_1.0.0.202411081344/tools/bin/../lib/gcc/arm-none-eabi/13.3.1/../../../../arm-none-eabi/lib/thumb/v7e-m+fp/hard\libc_nano.a(libc_a-freer.o)
                0x0800df2c                _free_r
 .text.sbrk_aligned
                0x0800dfc0       0x44 C:/ST/STM32CubeIDE_1.18.1/STM32CubeIDE/plugins/com.st.stm32cube.ide.mcu.externaltools.gnu-tools-for-stm32.13.3.rel1.win32_1.0.0.202411081344/tools/bin/../lib/gcc/arm-none-eabi/13.3.1/../../../../arm-none-eabi/lib/thumb/v7e-m+fp/hard\libc_nano.a(libc_a-mallocr.o)
 .text._malloc_r
                0x0800e004      0x100 C:/ST/STM32CubeIDE_1.18.1/STM32CubeIDE/plugins/com.st.stm32cube.ide.mcu.externaltools.gnu-tools-for-stm32.13.3.rel1.win32_1.0.0.202411081344/tools/bin/../lib/gcc/arm-none-eabi/13.3.1/../../../../arm-none-eabi/lib/thumb/v7e-m+fp/hard\libc_nano.a(libc_a-mallocr.o)
                0x0800e004                _malloc_r
 .text.__malloc_lock
                0x0800e104        0xc C:/ST/STM32CubeIDE_1.18.1/STM32CubeIDE/plugins/com.st.stm32cube.ide.mcu.externaltools.gnu-tools-for-stm32.13.3.rel1.win32_1.0.0.202411081344/tools/bin/../lib/gcc/arm-none-eabi/13.3.1/../../../../arm-none-eabi/lib/thumb/v7e-m+fp/hard\libc_nano.a(libc_a-mlock.o)
                0x0800e104                __malloc_lock
 .text.__malloc_unlock
                0x0800e110        0xc C:/ST/STM32CubeIDE_1.18.1/STM32CubeIDE/plugins/com.st.stm32cube.ide.mcu.externaltools.gnu-tools-for-stm32.13.3.rel1.win32_1.0.0.202411081344/tools/bin/../lib/gcc/arm-none-eabi/13.3.1/../../../../arm-none-eabi/lib/thumb/v7e-m+fp/hard\libc_nano.a(libc_a-mlock.o)
                0x0800e110                __malloc_unlock
 .text.__ssputs_r
                0x0800e11c       0xb6 C:/ST/STM32CubeIDE_1.18.1/STM32CubeIDE/plugins/com.st.stm32cube.ide.mcu.externaltools.gnu-tools-for-stm32.13.3.rel1.win32_1.0.0.202411081344/tools/bin/../lib/gcc/arm-none-eabi/13.3.1/../../../../arm-none-eabi/lib/thumb/v7e-m+fp/hard\libc_nano.a(libc_a-nano-svfprintf.o)
                0x0800e11c                __ssputs_r
 *fill*         0x0800e1d2        0x2 
 .text._svfprintf_r
                0x0800e1d4      0x1f8 C:/ST/STM32CubeIDE_1.18.1/STM32CubeIDE/plugins/com.st.stm32cube.ide.mcu.externaltools.gnu-tools-for-stm32.13.3.rel1.win32_1.0.0.202411081344/tools/bin/../lib/gcc/arm-none-eabi/13.3.1/../../../../arm-none-eabi/lib/thumb/v7e-m+fp/hard\libc_nano.a(libc_a-nano-svfprintf.o)
                0x0800e1d4                _svfiprintf_r
                0x0800e1d4                _svfprintf_r
 .text._printf_common
                0x0800e3cc       0xda C:/ST/STM32CubeIDE_1.18.1/STM32CubeIDE/plugins/com.st.stm32cube.ide.mcu.externaltools.gnu-tools-for-stm32.13.3.rel1.win32_1.0.0.202411081344/tools/bin/../lib/gcc/arm-none-eabi/13.3.1/../../../../arm-none-eabi/lib/thumb/v7e-m+fp/hard\libc_nano.a(libc_a-nano-vfprintf_i.o)
                0x0800e3cc                _printf_common
 *fill*         0x0800e4a6        0x2 
 .text._printf_i
                0x0800e4a8      0x23c C:/ST/STM32CubeIDE_1.18.1/STM32CubeIDE/plugins/com.st.stm32cube.ide.mcu.externaltools.gnu-tools-for-stm32.13.3.rel1.win32_1.0.0.202411081344/tools/bin/../lib/gcc/arm-none-eabi/13.3.1/../../../../arm-none-eabi/lib/thumb/v7e-m+fp/hard\libc_nano.a(libc_a-nano-vfprintf_i.o)
                0x0800e4a8                _printf_i
 .text._sbrk_r  0x0800e6e4       0x20 C:/ST/STM32CubeIDE_1.18.1/STM32CubeIDE/plugins/com.st.stm32cube.ide.mcu.externaltools.gnu-tools-for-stm32.13.3.rel1.win32_1.0.0.202411081344/tools/bin/../lib/gcc/arm-none-eabi/13.3.1/../../../../arm-none-eabi/lib/thumb/v7e-m+fp/hard\libc_nano.a(libc_a-sbrkr.o)
                0x0800e6e4                _sbrk_r
 .text._realloc_r
                0x0800e704       0x5c C:/ST/STM32CubeIDE_1.18.1/STM32CubeIDE/plugins/com.st.stm32cube.ide.mcu.externaltools.gnu-tools-for-stm32.13.3.rel1.win32_1.0.0.202411081344/tools/bin/../lib/gcc/arm-none-eabi/13.3.1/../../../../arm-none-eabi/lib/thumb/v7e-m+fp/hard\libc_nano.a(libc_a-reallocr.o)
                0x0800e704                _realloc_r
 .text._malloc_usable_size_r
                0x0800e760       0x10 C:/ST/STM32CubeIDE_1.18.1/STM32CubeIDE/plugins/com.st.stm32cube.ide.mcu.externaltools.gnu-tools-for-stm32.13.3.rel1.win32_1.0.0.202411081344/tools/bin/../lib/gcc/arm-none-eabi/13.3.1/../../../../arm-none-eabi/lib/thumb/v7e-m+fp/hard\libc_nano.a(libc_a-msizer.o)
                0x0800e760                _malloc_usable_size_r
 *(.glue_7)
 .glue_7        0x0800e770        0x0 linker stubs
 *(.glue_7t)
 .glue_7t       0x0800e770        0x0 linker stubs
 *(.eh_frame)
 .eh_frame      0x0800e770        0x0 C:/ST/STM32CubeIDE_1.18.1/STM32CubeIDE/plugins/com.st.stm32cube.ide.mcu.externaltools.gnu-tools-for-stm32.13.3.rel1.win32_1.0.0.202411081344/tools/bin/../lib/gcc/arm-none-eabi/13.3.1/thumb/v7e-m+fp/hard/crtbegin.o
 *(.init)
 .init          0x0800e770        0x4 C:/ST/STM32CubeIDE_1.18.1/STM32CubeIDE/plugins/com.st.stm32cube.ide.mcu.externaltools.gnu-tools-for-stm32.13.3.rel1.win32_1.0.0.202411081344/tools/bin/../lib/gcc/arm-none-eabi/13.3.1/thumb/v7e-m+fp/hard/crti.o
                0x0800e770                _init
 .init          0x0800e774        0x8 C:/ST/STM32CubeIDE_1.18.1/STM32CubeIDE/plugins/com.st.stm32cube.ide.mcu.externaltools.gnu-tools-for-stm32.13.3.rel1.win32_1.0.0.202411081344/tools/bin/../lib/gcc/arm-none-eabi/13.3.1/thumb/v7e-m+fp/hard/crtn.o
 *(.fini)
 .fini          0x0800e77c        0x4 C:/ST/STM32CubeIDE_1.18.1/STM32CubeIDE/plugins/com.st.stm32cube.ide.mcu.externaltools.gnu-tools-for-stm32.13.3.rel1.win32_1.0.0.202411081344/tools/bin/../lib/gcc/arm-none-eabi/13.3.1/thumb/v7e-m+fp/hard/crti.o
                0x0800e77c                _fini
 .fini          0x0800e780        0x8 C:/ST/STM32CubeIDE_1.18.1/STM32CubeIDE/plugins/com.st.stm32cube.ide.mcu.externaltools.gnu-tools-for-stm32.13.3.rel1.win32_1.0.0.202411081344/tools/bin/../lib/gcc/arm-none-eabi/13.3.1/thumb/v7e-m+fp/hard/crtn.o
                0x0800e788                        . = ALIGN (0x4)
                0x0800e788                        _etext = .

.vfp11_veneer   0x0800e788        0x0
 .vfp11_veneer  0x0800e788        0x0 linker stubs

.v4_bx          0x0800e788        0x0
 .v4_bx         0x0800e788        0x0 linker stubs

.iplt           0x0800e788        0x0
 .iplt          0x0800e788        0x0 C:/ST/STM32CubeIDE_1.18.1/STM32CubeIDE/plugins/com.st.stm32cube.ide.mcu.externaltools.gnu-tools-for-stm32.13.3.rel1.win32_1.0.0.202411081344/tools/bin/../lib/gcc/arm-none-eabi/13.3.1/thumb/v7e-m+fp/hard/crtbegin.o

.rodata         0x0800e788      0xad8
                0x0800e788                        . = ALIGN (0x4)
 *(.rodata)
 .rodata        0x0800e788       0x2e ./Core/Src/main.o
 *fill*         0x0800e7b6        0x2 
 .rodata        0x0800e7b8       0x46 ./USB_DEVICE/App/usbd_desc.o
 *(.rodata*)
 *fill*         0x0800e7fe        0x2 
 .rodata.Font6x8
                0x0800e800      0x5f0 ./Core/Src/fonts.o
 .rodata.Font_6x8
                0x0800edf0        0xc ./Core/Src/fonts.o
                0x0800edf0                Font_6x8
 .rodata.chat_gpt_128x64
                0x0800edfc      0x400 ./Core/Src/main.o
                0x0800edfc                chat_gpt_128x64
 .rodata.firmware
                0x0800f1fc        0xd ./Core/Src/main.o
                0x0800f1fc                firmware
 *fill*         0x0800f209        0x3 
 .rodata.AHBPrescTable
                0x0800f20c       0x10 ./Core/Src/system_stm32f4xx.o
                0x0800f20c                AHBPrescTable
 .rodata.APBPrescTable
                0x0800f21c        0x8 ./Core/Src/system_stm32f4xx.o
                0x0800f21c                APBPrescTable
 .rodata.flagBitshiftOffset.0
                0x0800f224        0x8 ./Drivers/STM32F4xx_HAL_Driver/Src/stm32f4xx_hal_dma.o
 .rodata._svfprintf_r.str1.1
                0x0800f22c       0x33 C:/ST/STM32CubeIDE_1.18.1/STM32CubeIDE/plugins/com.st.stm32cube.ide.mcu.externaltools.gnu-tools-for-stm32.13.3.rel1.win32_1.0.0.202411081344/tools/bin/../lib/gcc/arm-none-eabi/13.3.1/../../../../arm-none-eabi/lib/thumb/v7e-m+fp/hard\libc_nano.a(libc_a-nano-svfprintf.o)
                                 0x11 (size before relaxing)
 .rodata._printf_i.str1.1
                0x0800f25f       0x22 C:/ST/STM32CubeIDE_1.18.1/STM32CubeIDE/plugins/com.st.stm32cube.ide.mcu.externaltools.gnu-tools-for-stm32.13.3.rel1.win32_1.0.0.202411081344/tools/bin/../lib/gcc/arm-none-eabi/13.3.1/../../../../arm-none-eabi/lib/thumb/v7e-m+fp/hard\libc_nano.a(libc_a-nano-vfprintf_i.o)
                0x0800f284                        . = ALIGN (0x4)
 *fill*         0x0800f25f        0x1 

.ARM.extab      0x0800f260        0x0
                0x0800f260                        . = ALIGN (0x4)
 *(.ARM.extab* .gnu.linkonce.armextab.*)
                0x0800f260                        . = ALIGN (0x4)

.ARM            0x0800f260        0x8
                0x0800f260                        . = ALIGN (0x4)
                0x0800f260                        __exidx_start = .
 *(.ARM.exidx*)
 .ARM.exidx     0x0800f260        0x8 C:/ST/STM32CubeIDE_1.18.1/STM32CubeIDE/plugins/com.st.stm32cube.ide.mcu.externaltools.gnu-tools-for-stm32.13.3.rel1.win32_1.0.0.202411081344/tools/bin/../lib/gcc/arm-none-eabi/13.3.1/../../../../arm-none-eabi/lib/thumb/v7e-m+fp/hard\libc_nano.a(libc_a-memchr.o)
 .ARM.exidx     0x0800f268        0x0 C:/ST/STM32CubeIDE_1.18.1/STM32CubeIDE/plugins/com.st.stm32cube.ide.mcu.externaltools.gnu-tools-for-stm32.13.3.rel1.win32_1.0.0.202411081344/tools/bin/../lib/gcc/arm-none-eabi/13.3.1/thumb/v7e-m+fp/hard\libgcc.a(_udivmoddi4.o)
                                  0x8 (size before relaxing)
                0x0800f268                        __exidx_end = .
                0x0800f268                        . = ALIGN (0x4)

.preinit_array  0x0800f268        0x0
                0x0800f268                        . = ALIGN (0x4)
                0x0800f268                        PROVIDE (__preinit_array_start = .)
 *(.preinit_array*)
                0x0800f268                        PROVIDE (__preinit_array_end = .)
                0x0800f268                        . = ALIGN (0x4)

.init_array     0x0800f268        0x4
                0x0800f268                        . = ALIGN (0x4)
                0x0800f268                        PROVIDE (__init_array_start = .)
 *(SORT_BY_NAME(.init_array.*))
 *(.init_array*)
 .init_array    0x0800f268        0x4 C:/ST/STM32CubeIDE_1.18.1/STM32CubeIDE/plugins/com.st.stm32cube.ide.mcu.externaltools.gnu-tools-for-stm32.13.3.rel1.win32_1.0.0.202411081344/tools/bin/../lib/gcc/arm-none-eabi/13.3.1/thumb/v7e-m+fp/hard/crtbegin.o
                0x0800f26c                        PROVIDE (__init_array_end = .)
                0x0800f26c                        . = ALIGN (0x4)

.fini_array     0x0800f26c        0x4
                0x0800f26c                        . = ALIGN (0x4)
                [!provide]                        PROVIDE (__fini_array_start = .)
 *(SORT_BY_NAME(.fini_array.*))
 *(.fini_array*)
 .fini_array    0x0800f26c        0x4 C:/ST/STM32CubeIDE_1.18.1/STM32CubeIDE/plugins/com.st.stm32cube.ide.mcu.externaltools.gnu-tools-for-stm32.13.3.rel1.win32_1.0.0.202411081344/tools/bin/../lib/gcc/arm-none-eabi/13.3.1/thumb/v7e-m+fp/hard/crtbegin.o
                [!provide]                        PROVIDE (__fini_array_end = .)
                0x0800f270                        . = ALIGN (0x4)
                0x0800f270                        _sidata = LOADADDR (.data)

.rel.dyn        0x0800f270        0x0
 .rel.iplt      0x0800f270        0x0 C:/ST/STM32CubeIDE_1.18.1/STM32CubeIDE/plugins/com.st.stm32cube.ide.mcu.externaltools.gnu-tools-for-stm32.13.3.rel1.win32_1.0.0.202411081344/tools/bin/../lib/gcc/arm-none-eabi/13.3.1/thumb/v7e-m+fp/hard/crtbegin.o

.data           0x20000000      0x180 load address 0x0800f270
                0x20000000                        . = ALIGN (0x4)
                0x20000000                        _sdata = .
 *(.data)
 *(.data*)
 .data.heartBeatMask
                0x20000000       0x28 ./Core/Src/main.o
                0x20000000                heartBeatMask
 .data.tmo100ms
                0x20000028        0x1 ./Core/Src/main.o
                0x20000028                tmo100ms
 .data.tmo20ms  0x20000029        0x1 ./Core/Src/main.o
                0x20000029                tmo20ms
 .data.init.0   0x2000002a        0x1 ./Core/Src/main.o
 .data.state.2  0x2000002b        0x1 ./Core/Src/ssd1306.o
 .data.SystemCoreClock
                0x2000002c        0x4 ./Core/Src/system_stm32f4xx.o
                0x2000002c                SystemCoreClock
 .data.uwTickPrio
                0x20000030        0x4 ./Drivers/STM32F4xx_HAL_Driver/Src/stm32f4xx_hal.o
                0x20000030                uwTickPrio
 .data.uwTickFreq
                0x20000034        0x1 ./Drivers/STM32F4xx_HAL_Driver/Src/stm32f4xx_hal.o
                0x20000034                uwTickFreq
 *fill*         0x20000035        0x3 
 .data.USBD_CDC_DeviceQualifierDesc
                0x20000038        0xa ./Middlewares/ST/STM32_USB_Device_Library/Class/CDC/Src/usbd_cdc.o
 *fill*         0x20000042        0x2 
 .data.USBD_CDC
                0x20000044       0x38 ./Middlewares/ST/STM32_USB_Device_Library/Class/CDC/Src/usbd_cdc.o
                0x20000044                USBD_CDC
 .data.USBD_CDC_CfgDesc
                0x2000007c       0x43 ./Middlewares/ST/STM32_USB_Device_Library/Class/CDC/Src/usbd_cdc.o
 .data.CDCInEpAdd
                0x200000bf        0x1 ./Middlewares/ST/STM32_USB_Device_Library/Class/CDC/Src/usbd_cdc.o
 .data.CDCOutEpAdd
                0x200000c0        0x1 ./Middlewares/ST/STM32_USB_Device_Library/Class/CDC/Src/usbd_cdc.o
 .data.CDCCmdEpAdd
                0x200000c1        0x1 ./Middlewares/ST/STM32_USB_Device_Library/Class/CDC/Src/usbd_cdc.o
 *fill*         0x200000c2        0x2 
 .data.LineCoding
                0x200000c4        0x8 ./USB_DEVICE/App/usbd_cdc_if.o
                0x200000c4                LineCoding
 .data.USBD_Interface_fops_FS
                0x200000cc       0x14 ./USB_DEVICE/App/usbd_cdc_if.o
                0x200000cc                USBD_Interface_fops_FS
 .data.FS_Desc  0x200000e0       0x1c ./USB_DEVICE/App/usbd_desc.o
                0x200000e0                FS_Desc
 .data.USBD_FS_DeviceDesc
                0x200000fc       0x12 ./USB_DEVICE/App/usbd_desc.o
                0x200000fc                USBD_FS_DeviceDesc
 *fill*         0x2000010e        0x2 
 .data.USBD_LangIDDesc
                0x20000110        0x4 ./USB_DEVICE/App/usbd_desc.o
                0x20000110                USBD_LangIDDesc
 .data.USBD_StringSerial
                0x20000114       0x1a ./USB_DEVICE/App/usbd_desc.o
                0x20000114                USBD_StringSerial
 *fill*         0x2000012e        0x2 
 .data._impure_ptr
                0x20000130        0x4 C:/ST/STM32CubeIDE_1.18.1/STM32CubeIDE/plugins/com.st.stm32cube.ide.mcu.externaltools.gnu-tools-for-stm32.13.3.rel1.win32_1.0.0.202411081344/tools/bin/../lib/gcc/arm-none-eabi/13.3.1/../../../../arm-none-eabi/lib/thumb/v7e-m+fp/hard\libc_nano.a(libc_a-impure.o)
                0x20000130                _impure_ptr
 .data._impure_data
                0x20000134       0x4c C:/ST/STM32CubeIDE_1.18.1/STM32CubeIDE/plugins/com.st.stm32cube.ide.mcu.externaltools.gnu-tools-for-stm32.13.3.rel1.win32_1.0.0.202411081344/tools/bin/../lib/gcc/arm-none-eabi/13.3.1/../../../../arm-none-eabi/lib/thumb/v7e-m+fp/hard\libc_nano.a(libc_a-impure.o)
                0x20000134                _impure_data
 *(.RamFunc)
 *(.RamFunc*)
                0x20000180                        . = ALIGN (0x4)
                0x20000180                        _edata = .

.igot.plt       0x20000180        0x0 load address 0x0800f3f0
 .igot.plt      0x20000180        0x0 C:/ST/STM32CubeIDE_1.18.1/STM32CubeIDE/plugins/com.st.stm32cube.ide.mcu.externaltools.gnu-tools-for-stm32.13.3.rel1.win32_1.0.0.202411081344/tools/bin/../lib/gcc/arm-none-eabi/13.3.1/thumb/v7e-m+fp/hard/crtbegin.o
                0x20000180                        . = ALIGN (0x4)

.bss            0x20000180     0x19dc load address 0x0800f3f0
                0x20000180                        _sbss = .
                0x20000180                        __bss_start__ = _sbss
 *(.bss)
 .bss           0x20000180       0x1c C:/ST/STM32CubeIDE_1.18.1/STM32CubeIDE/plugins/com.st.stm32cube.ide.mcu.externaltools.gnu-tools-for-stm32.13.3.rel1.win32_1.0.0.202411081344/tools/bin/../lib/gcc/arm-none-eabi/13.3.1/thumb/v7e-m+fp/hard/crtbegin.o
 *(.bss*)
 .bss.hadc1     0x2000019c       0x48 ./Core/Src/main.o
                0x2000019c                hadc1
 .bss.hdma_adc1
                0x200001e4       0x60 ./Core/Src/main.o
                0x200001e4                hdma_adc1
 .bss.hi2c1     0x20000244       0x54 ./Core/Src/main.o
                0x20000244                hi2c1
 .bss.hdma_i2c1_rx
                0x20000298       0x60 ./Core/Src/main.o
                0x20000298                hdma_i2c1_rx
 .bss.hdma_i2c1_tx
                0x200002f8       0x60 ./Core/Src/main.o
                0x200002f8                hdma_i2c1_tx
 .bss.htim1     0x20000358       0x48 ./Core/Src/main.o
                0x20000358                htim1
 .bss.time10ms  0x200003a0        0x1 ./Core/Src/main.o
                0x200003a0                time10ms
 *fill*         0x200003a1        0x3 
 .bss.adcData   0x200003a4       0x10 ./Core/Src/main.o
                0x200003a4                adcData
 .bss.adcDataTx
                0x200003b4       0x10 ./Core/Src/main.o
                0x200003b4                adcDataTx
 .bss.USBTx     0x200003c4        0xc ./Core/Src/main.o
                0x200003c4                USBTx
 .bss.USBRx     0x200003d0        0xc ./Core/Src/main.o
                0x200003d0                USBRx
 .bss.buffUSBTx
                0x200003dc      0x100 ./Core/Src/main.o
                0x200003dc                buffUSBTx
 .bss.buffUSBRx
                0x200004dc      0x100 ./Core/Src/main.o
                0x200004dc                buffUSBRx
 .bss.myWord    0x200005dc        0x4 ./Core/Src/main.o
                0x200005dc                myWord
 .bss.myFlags   0x200005e0        0x1 ./Core/Src/main.o
                0x200005e0                myFlags
 .bss.ssd1306_TxCplt
                0x200005e1        0x1 ./Core/Src/main.o
                0x200005e1                ssd1306_TxCplt
 .bss.mpu6050_RxCplt
                0x200005e2        0x1 ./Core/Src/main.o
                0x200005e2                mpu6050_RxCplt
 *fill*         0x200005e3        0x1 
 .bss.ax_real   0x200005e4        0x2 ./Core/Src/main.o
                0x200005e4                ax_real
 .bss.ay_real   0x200005e6        0x2 ./Core/Src/main.o
                0x200005e6                ay_real
 .bss.az_real   0x200005e8        0x2 ./Core/Src/main.o
                0x200005e8                az_real
 .bss.gx_real   0x200005ea        0x2 ./Core/Src/main.o
                0x200005ea                gx_real
 .bss.gy_real   0x200005ec        0x2 ./Core/Src/main.o
                0x200005ec                gy_real
 .bss.gz_real   0x200005ee        0x2 ./Core/Src/main.o
                0x200005ee                gz_real
 .bss.times.1   0x200005f0        0x1 ./Core/Src/main.o
 *fill*         0x200005f1        0x3 
 .bss.ax        0x200005f4        0x4 ./Core/Src/mpu6050.o
                0x200005f4                ax
 .bss.ay        0x200005f8        0x4 ./Core/Src/mpu6050.o
                0x200005f8                ay
 .bss.az        0x200005fc        0x4 ./Core/Src/mpu6050.o
                0x200005fc                az
 .bss.gx        0x20000600        0x4 ./Core/Src/mpu6050.o
                0x20000600                gx
 .bss.gy        0x20000604        0x4 ./Core/Src/mpu6050.o
                0x20000604                gy
 .bss.gz        0x20000608        0x4 ./Core/Src/mpu6050.o
                0x20000608                gz
 .bss.SSD1306_TxCplt
                0x2000060c        0x4 ./Core/Src/ssd1306.o
 .bss.memWrite  0x20000610        0x4 ./Core/Src/ssd1306.o
 .bss.memWriteDMA
                0x20000614        0x4 ./Core/Src/ssd1306.o
 .bss.SSD1306_Buffer
                0x20000618      0x400 ./Core/Src/ssd1306.o
 .bss.SSD1306   0x20000a18        0x6 ./Core/Src/ssd1306.o
 .bss.current_page.1
                0x20000a1e        0x1 ./Core/Src/ssd1306.o
 *fill*         0x20000a1f        0x1 
 .bss.__sbrk_heap_end
                0x20000a20        0x4 ./Core/Src/sysmem.o
 .bss.header.0  0x20000a24        0x1 ./Core/Src/unerPrtcl.o
 *fill*         0x20000a25        0x3 
 .bss.uwTick    0x20000a28        0x4 ./Drivers/STM32F4xx_HAL_Driver/Src/stm32f4xx_hal.o
                0x20000a28                uwTick
 .bss.cfgidx.0  0x20000a2c        0x1 ./Middlewares/ST/STM32_USB_Device_Library/Core/Src/usbd_ctlreq.o
 *fill*         0x20000a2d        0x3 
 .bss.hUsbDeviceFS
                0x20000a30      0x2dc ./USB_DEVICE/App/usb_device.o
                0x20000a30                hUsbDeviceFS
 .bss.UserRxBufferFS
                0x20000d0c      0x200 ./USB_DEVICE/App/usbd_cdc_if.o
                0x20000d0c                UserRxBufferFS
 .bss.UserTxBufferFS
                0x20000f0c      0x200 ./USB_DEVICE/App/usbd_cdc_if.o
                0x20000f0c                UserTxBufferFS
 .bss.MyPtrRx   0x2000110c        0x4 ./USB_DEVICE/App/usbd_cdc_if.o
 .bss.USBD_StrDesc
                0x20001110      0x200 ./USB_DEVICE/App/usbd_desc.o
                0x20001110                USBD_StrDesc
 .bss.hpcd_USB_OTG_FS
                0x20001310      0x4e4 ./USB_DEVICE/Target/usbd_conf.o
                0x20001310                hpcd_USB_OTG_FS
 .bss.mem.0     0x200017f4      0x220 ./USB_DEVICE/Target/usbd_conf.o
 .bss.__sf      0x20001a14      0x138 C:/ST/STM32CubeIDE_1.18.1/STM32CubeIDE/plugins/com.st.stm32cube.ide.mcu.externaltools.gnu-tools-for-stm32.13.3.rel1.win32_1.0.0.202411081344/tools/bin/../lib/gcc/arm-none-eabi/13.3.1/../../../../arm-none-eabi/lib/thumb/v7e-m+fp/hard\libc_nano.a(libc_a-findfp.o)
                0x20001a14                __sf
 .bss.errno     0x20001b4c        0x4 C:/ST/STM32CubeIDE_1.18.1/STM32CubeIDE/plugins/com.st.stm32cube.ide.mcu.externaltools.gnu-tools-for-stm32.13.3.rel1.win32_1.0.0.202411081344/tools/bin/../lib/gcc/arm-none-eabi/13.3.1/../../../../arm-none-eabi/lib/thumb/v7e-m+fp/hard\libc_nano.a(libc_a-reent.o)
                0x20001b4c                errno
 .bss.__lock___malloc_recursive_mutex
                0x20001b50        0x1 C:/ST/STM32CubeIDE_1.18.1/STM32CubeIDE/plugins/com.st.stm32cube.ide.mcu.externaltools.gnu-tools-for-stm32.13.3.rel1.win32_1.0.0.202411081344/tools/bin/../lib/gcc/arm-none-eabi/13.3.1/../../../../arm-none-eabi/lib/thumb/v7e-m+fp/hard\libc_nano.a(libc_a-lock.o)
                0x20001b50                __lock___malloc_recursive_mutex
 *fill*         0x20001b51        0x3 
 .bss.__malloc_sbrk_start
                0x20001b54        0x4 C:/ST/STM32CubeIDE_1.18.1/STM32CubeIDE/plugins/com.st.stm32cube.ide.mcu.externaltools.gnu-tools-for-stm32.13.3.rel1.win32_1.0.0.202411081344/tools/bin/../lib/gcc/arm-none-eabi/13.3.1/../../../../arm-none-eabi/lib/thumb/v7e-m+fp/hard\libc_nano.a(libc_a-mallocr.o)
                0x20001b54                __malloc_sbrk_start
 .bss.__malloc_free_list
                0x20001b58        0x4 C:/ST/STM32CubeIDE_1.18.1/STM32CubeIDE/plugins/com.st.stm32cube.ide.mcu.externaltools.gnu-tools-for-stm32.13.3.rel1.win32_1.0.0.202411081344/tools/bin/../lib/gcc/arm-none-eabi/13.3.1/../../../../arm-none-eabi/lib/thumb/v7e-m+fp/hard\libc_nano.a(libc_a-mallocr.o)
                0x20001b58                __malloc_free_list
 *(COMMON)
                0x20001b5c                        . = ALIGN (0x4)
                0x20001b5c                        _ebss = .
                0x20001b5c                        __bss_end__ = _ebss

._user_heap_stack
                0x20001b5c      0x604 load address 0x0800f3f0
                0x20001b60                        . = ALIGN (0x8)
 *fill*         0x20001b5c        0x4 
                [!provide]                        PROVIDE (end = .)
                0x20001b60                        PROVIDE (_end = .)
                0x20001d60                        . = (. + _Min_Heap_Size)
 *fill*         0x20001b60      0x200 
                0x20002160                        . = (. + _Min_Stack_Size)
 *fill*         0x20001d60      0x400 
                0x20002160                        . = ALIGN (0x8)

/DISCARD/
 libc.a(*)
 libm.a(*)
 libgcc.a(*)

.ARM.attributes
                0x00000000       0x30
 *(.ARM.attributes)
 .ARM.attributes
                0x00000000       0x22 C:/ST/STM32CubeIDE_1.18.1/STM32CubeIDE/plugins/com.st.stm32cube.ide.mcu.externaltools.gnu-tools-for-stm32.13.3.rel1.win32_1.0.0.202411081344/tools/bin/../lib/gcc/arm-none-eabi/13.3.1/thumb/v7e-m+fp/hard/crti.o
 .ARM.attributes
                0x00000022       0x34 C:/ST/STM32CubeIDE_1.18.1/STM32CubeIDE/plugins/com.st.stm32cube.ide.mcu.externaltools.gnu-tools-for-stm32.13.3.rel1.win32_1.0.0.202411081344/tools/bin/../lib/gcc/arm-none-eabi/13.3.1/thumb/v7e-m+fp/hard/crtbegin.o
 .ARM.attributes
                0x00000056       0x34 ./Core/Src/fonts.o
 .ARM.attributes
                0x0000008a       0x34 ./Core/Src/main.o
 .ARM.attributes
                0x000000be       0x34 ./Core/Src/mpu6050.o
 .ARM.attributes
                0x000000f2       0x34 ./Core/Src/ssd1306.o
 .ARM.attributes
                0x00000126       0x34 ./Core/Src/stm32f4xx_hal_msp.o
 .ARM.attributes
                0x0000015a       0x34 ./Core/Src/stm32f4xx_it.o
 .ARM.attributes
                0x0000018e       0x34 ./Core/Src/sysmem.o
 .ARM.attributes