Archive member included to satisfy reference by file (symbol)

C:/ST/STM32CubeIDE_1.18.1/STM32CubeIDE/plugins/com.st.stm32cube.ide.mcu.externaltools.gnu-tools-for-stm32.13.3.rel1.win32_1.0.0.202411081344/tools/bin/../lib/gcc/arm-none-eabi/13.3.1/../../../../arm-none-eabi/lib/thumb/v7e-m+fp/hard\libc_nano.a(libc_a-exit.o)
                              C:/ST/STM32CubeIDE_1.18.1/STM32CubeIDE/plugins/com.st.stm32cube.ide.mcu.externaltools.gnu-tools-for-stm32.13.3.rel1.win32_1.0.0.202411081344/tools/bin/../lib/gcc/arm-none-eabi/13.3.1/../../../../arm-none-eabi/lib/thumb/v7e-m+fp/hard/crt0.o (exit)
C:/ST/STM32CubeIDE_1.18.1/STM32CubeIDE/plugins/com.st.stm32cube.ide.mcu.externaltools.gnu-tools-for-stm32.13.3.rel1.win32_1.0.0.202411081344/tools/bin/../lib/gcc/arm-none-eabi/13.3.1/../../../../arm-none-eabi/lib/thumb/v7e-m+fp/hard\libc_nano.a(libc_a-findfp.o)
                              C:/ST/STM32CubeIDE_1.18.1/STM32CubeIDE/plugins/com.st.stm32cube.ide.mcu.externaltools.gnu-tools-for-stm32.13.3.rel1.win32_1.0.0.202411081344/tools/bin/../lib/gcc/arm-none-eabi/13.3.1/../../../../arm-none-eabi/lib/thumb/v7e-m+fp/hard\libc_nano.a(libc_a-exit.o) (__stdio_exit_handler)
C:/ST/STM32CubeIDE_1.18.1/STM32CubeIDE/plugins/com.st.stm32cube.ide.mcu.externaltools.gnu-tools-for-stm32.13.3.rel1.win32_1.0.0.202411081344/tools/bin/../lib/gcc/arm-none-eabi/13.3.1/../../../../arm-none-eabi/lib/thumb/v7e-m+fp/hard\libc_nano.a(libc_a-fwalk.o)
                              C:/ST/STM32CubeIDE_1.18.1/STM32CubeIDE/plugins/com.st.stm32cube.ide.mcu.externaltools.gnu-tools-for-stm32.13.3.rel1.win32_1.0.0.202411081344/tools/bin/../lib/gcc/arm-none-eabi/13.3.1/../../../../arm-none-eabi/lib/thumb/v7e-m+fp/hard\libc_nano.a(libc_a-findfp.o) (_fwalk_sglue)
C:/ST/STM32CubeIDE_1.18.1/STM32CubeIDE/plugins/com.st.stm32cube.ide.mcu.externaltools.gnu-tools-for-stm32.13.3.rel1.win32_1.0.0.202411081344/tools/bin/../lib/gcc/arm-none-eabi/13.3.1/../../../../arm-none-eabi/lib/thumb/v7e-m+fp/hard\libc_nano.a(libc_a-snprintf.o)
                              ./Core/Src/main.o (snprintf)
C:/ST/STM32CubeIDE_1.18.1/STM32CubeIDE/plugins/com.st.stm32cube.ide.mcu.externaltools.gnu-tools-for-stm32.13.3.rel1.win32_1.0.0.202411081344/tools/bin/../lib/gcc/arm-none-eabi/13.3.1/../../../../arm-none-eabi/lib/thumb/v7e-m+fp/hard\libc_nano.a(libc_a-stdio.o)
                              C:/ST/STM32CubeIDE_1.18.1/STM32CubeIDE/plugins/com.st.stm32cube.ide.mcu.externaltools.gnu-tools-for-stm32.13.3.rel1.win32_1.0.0.202411081344/tools/bin/../lib/gcc/arm-none-eabi/13.3.1/../../../../arm-none-eabi/lib/thumb/v7e-m+fp/hard\libc_nano.a(libc_a-findfp.o) (__sread)
C:/ST/STM32CubeIDE_1.18.1/STM32CubeIDE/plugins/com.st.stm32cube.ide.mcu.externaltools.gnu-tools-for-stm32.13.3.rel1.win32_1.0.0.202411081344/tools/bin/../lib/gcc/arm-none-eabi/13.3.1/../../../../arm-none-eabi/lib/thumb/v7e-m+fp/hard\libc_nano.a(libc_a-memmove.o)
                              ./Core/Src/ssd1306_tests.o (memmove)
C:/ST/STM32CubeIDE_1.18.1/STM32CubeIDE/plugins/com.st.stm32cube.ide.mcu.externaltools.gnu-tools-for-stm32.13.3.rel1.win32_1.0.0.202411081344/tools/bin/../lib/gcc/arm-none-eabi/13.3.1/../../../../arm-none-eabi/lib/thumb/v7e-m+fp/hard\libc_nano.a(libc_a-memset.o)
                              C:/ST/STM32CubeIDE_1.18.1/STM32CubeIDE/plugins/com.st.stm32cube.ide.mcu.externaltools.gnu-tools-for-stm32.13.3.rel1.win32_1.0.0.202411081344/tools/bin/../lib/gcc/arm-none-eabi/13.3.1/../../../../arm-none-eabi/lib/thumb/v7e-m+fp/hard/crt0.o (memset)
C:/ST/STM32CubeIDE_1.18.1/STM32CubeIDE/plugins/com.st.stm32cube.ide.mcu.externaltools.gnu-tools-for-stm32.13.3.rel1.win32_1.0.0.202411081344/tools/bin/../lib/gcc/arm-none-eabi/13.3.1/../../../../arm-none-eabi/lib/thumb/v7e-m+fp/hard\libc_nano.a(libc_a-closer.o)
                              C:/ST/STM32CubeIDE_1.18.1/STM32CubeIDE/plugins/com.st.stm32cube.ide.mcu.externaltools.gnu-tools-for-stm32.13.3.rel1.win32_1.0.0.202411081344/tools/bin/../lib/gcc/arm-none-eabi/13.3.1/../../../../arm-none-eabi/lib/thumb/v7e-m+fp/hard\libc_nano.a(libc_a-stdio.o) (_close_r)
C:/ST/STM32CubeIDE_1.18.1/STM32CubeIDE/plugins/com.st.stm32cube.ide.mcu.externaltools.gnu-tools-for-stm32.13.3.rel1.win32_1.0.0.202411081344/tools/bin/../lib/gcc/arm-none-eabi/13.3.1/../../../../arm-none-eabi/lib/thumb/v7e-m+fp/hard\libc_nano.a(libc_a-reent.o)
                              C:/ST/STM32CubeIDE_1.18.1/STM32CubeIDE/plugins/com.st.stm32cube.ide.mcu.externaltools.gnu-tools-for-stm32.13.3.rel1.win32_1.0.0.202411081344/tools/bin/../lib/gcc/arm-none-eabi/13.3.1/../../../../arm-none-eabi/lib/thumb/v7e-m+fp/hard\libc_nano.a(libc_a-closer.o) (errno)
C:/ST/STM32CubeIDE_1.18.1/STM32CubeIDE/plugins/com.st.stm32cube.ide.mcu.externaltools.gnu-tools-for-stm32.13.3.rel1.win32_1.0.0.202411081344/tools/bin/../lib/gcc/arm-none-eabi/13.3.1/../../../../arm-none-eabi/lib/thumb/v7e-m+fp/hard\libc_nano.a(libc_a-impure.o)
[...]
Memory Configuration

Name             Origin             Length             Attributes
RAM              0x20000000         0x00020000         xrw
FLASH            0x08000000         0x00080000         xr
*default*        0x00000000         0xffffffff

Linker script and memory map

LOAD C:/ST/STM32CubeIDE_1.18.1/STM32CubeIDE/plugins/com.st.stm32cube.ide.mcu.externaltools.gnu-tools-for-stm32.13.3.rel1.win32_1.0.0.202411081344/tools/bin/../lib/gcc/arm-none-eabi/13.3.1/thumb/v7e-m+fp/hard/crti.o
LOAD C:/ST/STM32CubeIDE_1.18.1/STM32CubeIDE/plugins/com.st.stm32cube.ide.mcu.externaltools.gnu-tools-for-stm32.13.3.rel1.win32_1.0.0.202411081344/tools/bin/../lib/gcc/arm-none-eabi/13.3.1/thumb/v7e-m+fp/hard/crtbegin.o
LOAD C:/ST/STM32CubeIDE_1.18.1/STM32CubeIDE/plugins/com.st.stm32cube.ide.mcu.externaltools.gnu-tools-for-stm32.13.3.rel1.win32_1.0.0.202411081344/tools/bin/../lib/gcc/arm-none-eabi/13.3.1/../../../../arm-none-eabi/lib/thumb/v7e-m+fp/hard/crt0.o
LOAD ./Core/Src/fonts.o
LOAD ./Core/Src/main.o
LOAD ./Core/Src/mpu6050.o
LOAD ./Core/Src/ssd1306.o
LOAD ./Core/Src/ssd1306_tests.o
LOAD ./Core/Src/stm32f4xx_hal_msp.o
LOAD ./Core/Src/stm32f4xx_it.o
LOAD ./Core/Src/syscalls.o
LOAD ./Core/Src/sysmem.o
LOAD ./Core/Src/system_stm32f4xx.o
LOAD ./Core/Src/unerPrtcl.o
LOAD ./Core/Startup/startup_stm32f411ceux.o
LOAD ./Drivers/STM32F4xx_HAL_Driver/Src/stm32f4xx_hal.o
LOAD ./Drivers/STM32F4xx_HAL_Driver/Src/stm32f4xx_hal_adc.o
LOAD ./Drivers/STM32F4xx_HAL_Driver/Src/stm32f4xx_hal_adc_ex.o
LOAD ./Drivers/STM32F4xx_HAL_Driver/Src/stm32f4xx_hal_cortex.o
LOAD ./Drivers/STM32F4xx_HAL_Driver/Src/stm32f4xx_hal_dma.o
LOAD ./Drivers/STM32F4xx_HAL_Driver/Src/stm32f4xx_hal_dma_ex.o
LOAD ./Drivers/STM32F4xx_HAL_Driver/Src/stm32f4xx_hal_exti.o
LOAD ./Drivers/STM32F4xx_HAL_Driver/Src/stm32f4xx_hal_flash.o
LOAD ./Drivers/STM32F4xx_HAL_Driver/Src/stm32f4xx_hal_flash_ex.o
LOAD ./Drivers/STM32F4xx_HAL_Driver/Src/stm32f4xx_hal_flash_ramfunc.o
LOAD ./Drivers/STM32F4xx_HAL_Driver/Src/stm32f4xx_hal_gpio.o
LOAD ./Drivers/STM32F4xx_HAL_Driver/Src/stm32f4xx_hal_i2c.o
LOAD ./Drivers/STM32F4xx_HAL_Driver/Src/stm32f4xx_hal_i2c_ex.o
LOAD ./Drivers/STM32F4xx_HAL_Driver/Src/stm32f4xx_hal_pcd.o
LOAD ./Drivers/STM32F4xx_HAL_Driver/Src/stm32f4xx_hal_pcd_ex.o
LOAD ./Drivers/STM32F4xx_HAL_Driver/Src/stm32f4xx_hal_pwr.o
LOAD ./Drivers/STM32F4xx_HAL_Driver/Src/stm32f4xx_hal_pwr_ex.o
LOAD ./Drivers/STM32F4xx_HAL_Driver/Src/stm32f4xx_hal_rcc.o
LOAD ./Drivers/STM32F4xx_HAL_Driver/Src/stm32f4xx_hal_rcc_ex.o
LOAD ./Drivers/STM32F4xx_HAL_Driver/Src/stm32f4xx_hal_tim.o
LOAD ./Drivers/STM32F4xx_HAL_Driver/Src/stm32f4xx_hal_tim_ex.o
LOAD ./Drivers/STM32F4xx_HAL_Driver/Src/stm32f4xx_ll_adc.o
LOAD ./Drivers/STM32F4xx_HAL_Driver/Src/stm32f4xx_ll_usb.o
LOAD ./Middlewares/ST/STM32_USB_Device_Library/Class/CDC/Src/usbd_cdc.o
LOAD ./Middlewares/ST/STM32_USB_Device_Library/Core/Src/usbd_core.o
LOAD ./Middlewares/ST/STM32_USB_Device_Library/Core/Src/usbd_ctlreq.o
LOAD ./Middlewares/ST/STM32_USB_Device_Library/Core/Src/usbd_ioreq.o
LOAD ./USB_DEVICE/App/usb_device.o
LOAD ./USB_DEVICE/App/usbd_cdc_if.o
LOAD ./USB_DEVICE/App/usbd_desc.o
LOAD ./USB_DEVICE/Target/usbd_conf.o
START GROUP
LOAD C:/ST/STM32CubeIDE_1.18.1/STM32CubeIDE/plugins/com.st.stm32cube.ide.mcu.externaltools.gnu-tools-for-stm32.13.3.rel1.win32_1.0.0.202411081344/tools/bin/../lib/gcc/arm-none-eabi/13.3.1/../../../../arm-none-eabi/lib/thumb/v7e-m+fp/hard\libc_nano.a
LOAD C:/ST/STM32CubeIDE_1.18.1/STM32CubeIDE/plugins/com.st.stm32cube.ide.mcu.externaltools.gnu-tools-for-stm32.13.3.rel1.win32_1.0.0.202411081344/tools/bin/../lib/gcc/arm-none-eabi/13.3.1/../../../../arm-none-eabi/lib/thumb/v7e-m+fp/hard\libm.a
END GROUP
START GROUP
LOAD C:/ST/STM32CubeIDE_1.18.1/STM32CubeIDE/plugins/com.st.stm32cube.ide.mcu.externaltools.gnu-tools-for-stm32.13.3.rel1.win32_1.0.0.202411081344/tools/bin/../lib/gcc/arm-none-eabi/13.3.1/thumb/v7e-m+fp/hard\libgcc.a
LOAD C:/ST/STM32CubeIDE_1.18.1/STM32CubeIDE/plugins/com.st.stm32cube.ide.mcu.externaltools.gnu-tools-for-stm32.13.3.rel1.win32_1.0.0.202411081344/tools/bin/../lib/gcc/arm-none-eabi/13.3.1/../../../../arm-none-eabi/lib/thumb/v7e-m+fp/hard\libc_nano.a
END GROUP
START GROUP
LOAD C:/ST/STM32CubeIDE_1.18.1/STM32CubeIDE/plugins/com.st.stm32cube.ide.mcu.externaltools.gnu-tools-for-stm32.13.3.rel1.win32_1.0.0.202411081344/tools/bin/../lib/gcc/arm-none-eabi/13.3.1/thumb/v7e-m+fp/hard\libgcc.a
LOAD C:/ST/STM32CubeIDE_1.18.1/STM32CubeIDE/plugins/com.st.stm32cube.ide.mcu.externaltools.gnu-tools-for-stm32.13.3.rel1.win32_1.0.0.202411081344/tools/bin/../lib/gcc/arm-none-eabi/13.3.1/../../../../arm-none-eabi/lib/thumb/v7e-m+fp/hard\libc_nano.a
LOAD C:/ST/STM32CubeIDE_1.18.1/STM32CubeIDE/plugins/com.st.stm32cube.ide.mcu.externaltools.gnu-tools-for-stm32.13.3.rel1.win32_1.0.0.202411081344/tools/bin/../lib/gcc/arm-none-eabi/13.3.1/../../../../arm-none-eabi/lib/thumb/v7e-m+fp/hard\libnosys.a
END GROUP
START GROUP
LOAD C:/ST/STM32CubeIDE_1.18.1/STM32CubeIDE/plugins/com.st.stm32cube.ide.mcu.externaltools.gnu-tools-for-stm32.13.3.rel1.win32_1.0.0.202411081344/tools/bin/../lib/gcc/arm-none-eabi/13.3.1/thumb/v7e-m+fp/hard\libgcc.a
LOAD C:/ST/STM32CubeIDE_1.18.1/STM32CubeIDE/plugins/com.st.stm32cube.ide.mcu.externaltools.gnu-tools-for-stm32.13.3.rel1.win32_1.0.0.202411081344/tools/bin/../lib/gcc/arm-none-eabi/13.3.1/../../../../arm-none-eabi/lib/thumb/v7e-m+fp/hard\libc_nano.a
LOAD C:/ST/STM32CubeIDE_1.18.1/STM32CubeIDE/plugins/com.st.stm32cube.ide.mcu.externaltools.gnu-tools-for-stm32.13.3.rel1.win32_1.0.0.202411081344/tools/bin/../lib/gcc/arm-none-eabi/13.3.1/../../../../arm-none-eabi/lib/thumb/v7e-m+fp/hard\libnosys.a
END GROUP
LOAD C:/ST/STM32CubeIDE_1.18.1/STM32CubeIDE/plugins/com.st.stm32cube.ide.mcu.externaltools.gnu-tools-for-stm32.13.3.rel1.win32_1.0.0.202411081344/tools/bin/../lib/gcc/arm-none-eabi/13.3.1/thumb/v7e-m+fp/hard/crtend.o
LOAD C:/ST/STM32CubeIDE_1.18.1/STM32CubeIDE/plugins/com.st.stm32cube.ide.mcu.externaltools.gnu-tools-for-stm32.13.3.rel1.win32_1.0.0.202411081344/tools/bin/../lib/gcc/arm-none-eabi/13.3.1/thumb/v7e-m+fp/hard/crtn.o
                0x20020000                        _estack = (ORIGIN (RAM) + LENGTH (RAM))
                0x00000200                        _Min_Heap_Size = 0x200
                0x00000400                        _Min_Stack_Size = 0x400

.isr_vector     0x08000000      0x198
                0x08000000                        . = ALIGN (0x4)
 *(.isr_vector)
 .isr_vector    0x08000000      0x198 ./Core/Startup/startup_stm32f411ceux.o
                0x08000000                g_pfnVectors
                0x08000198                        . = ALIGN (0x4)

.text           0x08000198     0xd9ac
                0x08000198                        . = ALIGN (0x4)
 *(.text)
 .text          0x08000198       0x40 C:/ST/STM32CubeIDE_1.18.1/STM32CubeIDE/plugins/com.st.stm32cube.ide.mcu.externaltools.gnu-tools-for-stm32.13.3.rel1.win32_1.0.0.202411081344/tools/bin/../lib/gcc/arm-none-eabi/13.3.1/thumb/v7e-m+fp/hard/crtbegin.o
 .text          0x080001d8      0x378 C:/ST/STM32CubeIDE_1.18.1/STM32CubeIDE/plugins/com.st.stm32cube.ide.mcu.externaltools.gnu-tools-for-stm32.13.3.rel1.win32_1.0.0.202411081344/tools/bin/../lib/gcc/arm-none-eabi/13.3.1/thumb/v7e-m+fp/hard\libgcc.a(_arm_addsubdf3.o)
                0x080001d8                __aeabi_drsub
                0x080001e0                __aeabi_dsub
                0x080001e0                __subdf3
                0x080001e4                __aeabi_dadd
                0x080001e4                __adddf3
                0x0800045c                __floatunsidf
                0x0800045c                __aeabi_ui2d
                0x0800047c                __floatsidf
                0x0800047c                __aeabi_i2d
                0x080004a0                __aeabi_f2d
                0x080004a0                __extendsfdf2
                0x080004e4                __floatundidf
                0x080004e4                __aeabi_ul2d
                0x080004f4                __floatdidf
                0x080004f4                __aeabi_l2d
 .text          0x08000550      0x424 C:/ST/STM32CubeIDE_1.18.1/STM32CubeIDE/plugins/com.st.stm32cube.ide.mcu.externaltools.gnu-tools-for-stm32.13.3.rel1.win32_1.0.0.202411081344/tools/bin/../lib/gcc/arm-none-eabi/13.3.1/thumb/v7e-m+fp/hard\libgcc.a(_arm_muldivdf3.o)
                0x08000550                __aeabi_dmul
                0x08000550                __muldf3
                0x080007a4                __divdf3
                0x080007a4                __aeabi_ddiv
 .text          0x08000974       0x50 C:/ST/STM32CubeIDE_1.18.1/STM32CubeIDE/plugins/com.st.stm32cube.ide.mcu.externaltools.gnu-tools-for-stm32.13.3.rel1.win32_1.0.0.202411081344/tools/bin/../lib/gcc/arm-none-eabi/13.3.1/thumb/v7e-m+fp/hard\libgcc.a(_arm_fixdfsi.o)
                0x08000974                __aeabi_d2iz
                0x08000974                __fixdfsi
 .text          0x080009c4       0x30 C:/ST/STM32CubeIDE_1.18.1/STM32CubeIDE/plugins/com.st.stm32cube.ide.mcu.externaltools.gnu-tools-for-stm32.13.3.rel1.win32_1.0.0.202411081344/tools/bin/../lib/gcc/arm-none-eabi/13.3.1/thumb/v7e-m+fp/hard\libgcc.a(_aeabi_uldivmod.o)
                0x080009c4                __aeabi_uldivmod
 .text          0x080009f4      0x2f8 C:/ST/STM32CubeIDE_1.18.1/STM32CubeIDE/plugins/com.st.stm32cube.ide.mcu.externaltools.gnu-tools-for-stm32.13.3.rel1.win32_1.0.0.202411081344/tools/bin/../lib/gcc/arm-none-eabi/13.3.1/thumb/v7e-m+fp/hard\libgcc.a(_udivmoddi4.o)
                0x080009f4                __udivmoddi4
 .text          0x08000cec        0x4 C:/ST/STM32CubeIDE_1.18.1/STM32CubeIDE/plugins/com.st.stm32cube.ide.mcu.externaltools.gnu-tools-for-stm32.13.3.rel1.win32_1.0.0.202411081344/tools/bin/../lib/gcc/arm-none-eabi/13.3.1/thumb/v7e-m+fp/hard\libgcc.a(_dvmd_tls.o)
                0x08000cec                __aeabi_idiv0
                0x08000cec                __aeabi_ldiv0
 *(.text*)
 .text.HAL_ADC_ConvCpltCallback
                0x08000cf0       0x40 ./Core/Src/main.o
                0x08000cf0                HAL_ADC_ConvCpltCallback
 .text.HAL_I2C_MemTxCpltCallback
                0x08000d30       0x20 ./Core/Src/main.o
                0x08000d30                HAL_I2C_MemTxCpltCallback
 .text.HAL_I2C_MemRxCpltCallback
                0x08000d50       0x20 ./Core/Src/main.o
                0x08000d50                HAL_I2C_MemRxCpltCallback
 .text.HAL_TIM_PeriodElapsedCallback
                0x08000d70       0x88 ./Core/Src/main.o
                0x08000d70                HAL_TIM_PeriodElapsedCallback
 .text.USBRxData
                0x08000df8       0x5c ./Core/Src/main.o
                0x08000df8                USBRxData
 .text.USBTask  0x08000e54       0x98 ./Core/Src/main.o
                0x08000e54                USBTask
 .text.decodeCommand
                0x08000eec      0x2c8 ./Core/Src/main.o
                0x08000eec                decodeCommand
 .text.do10ms   0x080011b4       0x78 ./Core/Src/main.o
                0x080011b4                do10ms
 .text.heartBeatTask
                0x0800122c       0x50 ./Core/Src/main.o
                0x0800122c                heartBeatTask
 .text.displayMemWrite
                0x0800127c       0x44 ./Core/Src/main.o
                0x0800127c                displayMemWrite
 .text.displayMemWriteDMA
                0x080012c0       0x40 ./Core/Src/main.o
                0x080012c0                displayMemWriteDMA
 .text.mpuMemWrite
                0x08001300       0x44 ./Core/Src/main.o
                0x08001300                mpuMemWrite
 .text.mpuMemReadDMA
                0x08001344       0x40 ./Core/Src/main.o
                0x08001344                mpuMemReadDMA
 .text.mpuTask  0x08001384       0x60 ./Core/Src/main.o
                0x08001384                mpuTask
 .text.main     0x080013e4       0xe0 ./Core/Src/main.o
                0x080013e4                main
 .text.SystemClock_Config
                0x080014c4       0xd0 ./Core/Src/main.o
                0x080014c4                SystemClock_Config
 .text.MX_ADC1_Init
                0x08001594      0x168 ./Core/Src/main.o
 .text.MX_I2C1_Init
                0x080016fc       0x5c ./Core/Src/main.o
 .text.MX_TIM1_Init
                0x08001758       0xcc ./Core/Src/main.o
 .text.MX_TIM2_Init
                0x08001824       0xc8 ./Core/Src/main.o
 .text.MX_TIM3_Init
                0x080018ec       0xc8 ./Core/Src/main.o
 .text.MX_DMA_Init
                0x080019b4       0x7c ./Core/Src/main.o
 .text.MX_GPIO_Init
                0x08001a30       0xc0 ./Core/Src/main.o
 .text.Error_Handler
                0x08001af0        0xc ./Core/Src/main.o
                0x08001af0                Error_Handler
 .text.mpu6050_ADC_ConfCpltCallback
                0x08001afc       0x20 ./Core/Src/mpu6050.o
                0x08001afc                mpu6050_ADC_ConfCpltCallback
 .text.mpu6050_Attach_MemWrite
                0x08001b1c       0x20 ./Core/Src/mpu6050.o
                0x08001b1c                mpu6050_Attach_MemWrite
 .text.mpu6050_Attach_MemReadDMA
                0x08001b3c       0x20 ./Core/Src/mpu6050.o
                0x08001b3c                mpu6050_Attach_MemReadDMA
 .text.mpu6050_WriteData
                0x08001b5c       0x28 ./Core/Src/mpu6050.o
                0x08001b5c                mpu6050_WriteData
 .text.mpu6050_ReadDataDMA
                0x08001b84       0x2c ./Core/Src/mpu6050.o
                0x08001b84                mpu6050_ReadDataDMA
 .text.MPU6050_Init
                0x08001bb0       0x38 ./Core/Src/mpu6050.o
                0x08001bb0                MPU6050_Init
 .text.mpu6050_Read
                0x08001be8      0x368 ./Core/Src/mpu6050.o
                0x08001be8                mpu6050_Read
 .text.mpu6050_GetData
                0x08001f50       0x94 ./Core/Src/mpu6050.o
                0x08001f50                mpu6050_GetData
 .text.ssd1306_Reset
                0x08001fe4        0xe ./Core/Src/ssd1306.o
                0x08001fe4                ssd1306_Reset
 *fill*         0x08001ff2        0x2 
 .text.ssd1306_WriteCommand
                0x08001ff4       0x24 ./Core/Src/ssd1306.o
                0x08001ff4                ssd1306_WriteCommand
 .text.ssd1306_WriteData
                0x08002018       0x28 ./Core/Src/ssd1306.o
                0x08002018                ssd1306_WriteData
 .text.ssd1306_Attach_MemWriteDMA
                0x08002040       0x20 ./Core/Src/ssd1306.o
                0x08002040                ssd1306_Attach_MemWriteDMA
 .text.ssd1306_Attach_MemWrite
                0x08002060       0x20 ./Core/Src/ssd1306.o
                0x08002060                ssd1306_Attach_MemWrite
 .text.ssd1306_ADC_ConfCpltCallback
                0x08002080       0x20 ./Core/Src/ssd1306.o
                0x08002080                ssd1306_ADC_ConfCpltCallback
 .text.ssd1306_Init
                0x080020a0       0xd4 ./Core/Src/ssd1306.o
                0x080020a0                ssd1306_Init
 .text.ssd1306_Fill
                0x08002174       0x30 ./Core/Src/ssd1306.o
                0x08002174                ssd1306_Fill
 .text.ssd1306_UpdateScreen
                0x080021a4       0x50 ./Core/Src/ssd1306.o
                0x080021a4                ssd1306_UpdateScreen
 .text.ssd1306_SetContrast
                0x080021f4       0x26 ./Core/Src/ssd1306.o
                0x080021f4                ssd1306_SetContrast
 *fill*         0x0800221a        0x2 
 .text.ssd1306_SetDisplayOn
                0x0800221c       0x3c ./Core/Src/ssd1306.o
                0x0800221c                ssd1306_SetDisplayOn
 .text.HAL_MspInit
                0x08002258       0x50 ./Core/Src/stm32f4xx_hal_msp.o
                0x08002258                HAL_MspInit
 .text.HAL_ADC_MspInit
                0x080022a8       0xfc ./Core/Src/stm32f4xx_hal_msp.o
                0x080022a8                HAL_ADC_MspInit
 .text.HAL_I2C_MspInit
                0x080023a4      0x178 ./Core/Src/stm32f4xx_hal_msp.o
                0x080023a4                HAL_I2C_MspInit
 .text.HAL_TIM_Base_MspInit
                0x0800251c       0xf4 ./Core/Src/stm32f4xx_hal_msp.o
                0x0800251c                HAL_TIM_Base_MspInit
 .text.NMI_Handler
                0x08002610        0x8 ./Core/Src/stm32f4xx_it.o
                0x08002610                NMI_Handler
 .text.HardFault_Handler
                0x08002618        0x8 ./Core/Src/stm32f4xx_it.o
                0x08002618                HardFault_Handler
 .text.MemManage_Handler
                0x08002620        0x8 ./Core/Src/stm32f4xx_it.o
                0x08002620                MemManage_Handler
 .text.BusFault_Handler
                0x08002628        0x8 ./Core/Src/stm32f4xx_it.o
                0x08002628                BusFault_Handler
 .text.UsageFault_Handler
                0x08002630        0x8 ./Core/Src/stm32f4xx_it.o
                0x08002630                UsageFault_Handler
 .text.SVC_Handler
                0x08002638        0xe ./Core/Src/stm32f4xx_it.o
                0x08002638                SVC_Handler
 .text.DebugMon_Handler
                0x08002646        0xe ./Core/Src/stm32f4xx_it.o
                0x08002646                DebugMon_Handler
 .text.PendSV_Handler
                0x08002654        0xe ./Core/Src/stm32f4xx_it.o
                0x08002654                PendSV_Handler
 .text.SysTick_Handler
                0x08002662        0xc ./Core/Src/stm32f4xx_it.o
                0x08002662                SysTick_Handler
 *fill*         0x0800266e        0x2 
 .text.DMA1_Stream0_IRQHandler
                0x08002670       0x14 ./Core/Src/stm32f4xx_it.o
                0x08002670                DMA1_Stream0_IRQHandler
 .text.DMA1_Stream1_IRQHandler
                0x08002684       0x14 ./Core/Src/stm32f4xx_it.o
                0x08002684                DMA1_Stream1_IRQHandler
 .text.ADC_IRQHandler
                0x08002698       0x14 ./Core/Src/stm32f4xx_it.o
                0x08002698                ADC_IRQHandler
 .text.TIM1_BRK_TIM9_IRQHandler
                0x080026ac       0x14 ./Core/Src/stm32f4xx_it.o
                0x080026ac                TIM1_BRK_TIM9_IRQHandler
 .text.TIM1_UP_TIM10_IRQHandler
                0x080026c0       0x14 ./Core/Src/stm32f4xx_it.o
                0x080026c0                TIM1_UP_TIM10_IRQHandler
 .text.TIM1_TRG_COM_TIM11_IRQHandler
                0x080026d4       0x14 ./Core/Src/stm32f4xx_it.o
                0x080026d4                TIM1_TRG_COM_TIM11_IRQHandler
 .text.TIM1_CC_IRQHandler
                0x080026e8       0x14 ./Core/Src/stm32f4xx_it.o
                0x080026e8                TIM1_CC_IRQHandler
 .text.TIM2_IRQHandler
                0x080026fc       0x14 ./Core/Src/stm32f4xx_it.o
                0x080026fc                TIM2_IRQHandler
 .text.TIM3_IRQHandler
                0x08002710       0x14 ./Core/Src/stm32f4xx_it.o
                0x08002710                TIM3_IRQHandler
 .text.I2C1_EV_IRQHandler
                0x08002724       0x14 ./Core/Src/stm32f4xx_it.o
                0x08002724                I2C1_EV_IRQHandler
 .text.I2C1_ER_IRQHandler
                0x08002738       0x14 ./Core/Src/stm32f4xx_it.o
                0x08002738                I2C1_ER_IRQHandler
 .text.DMA2_Stream0_IRQHandler
                0x0800274c       0x14 ./Core/Src/stm32f4xx_it.o
                0x0800274c                DMA2_Stream0_IRQHandler
 .text.OTG_FS_IRQHandler
                0x08002760       0x14 ./Core/Src/stm32f4xx_it.o
                0x08002760                OTG_FS_IRQHandler
 .text.SystemInit
                0x08002774       0x24 ./Core/Src/system_stm32f4xx.o
                0x08002774                SystemInit
 .text.unerPrtcl_PutHeaderOnTx
                0x08002798      0x15e ./Core/Src/unerPrtcl.o
                0x08002798                unerPrtcl_PutHeaderOnTx
 .text.unerPrtcl_PutByteOnTx
                0x080028f6       0x5c ./Core/Src/unerPrtcl.o
                0x080028f6                unerPrtcl_PutByteOnTx
 .text.unerPrtcl_PutStrOntx
                0x08002952       0x88 ./Core/Src/unerPrtcl.o
                0x08002952                unerPrtcl_PutStrOntx
 *fill*         0x080029da        0x2 
 .text.unerPrtcl_DecodeHeader
                0x080029dc      0x1fc ./Core/Src/unerPrtcl.o
                0x080029dc                unerPrtcl_DecodeHeader
 .text.unerPrtcl_Init
                0x08002bd8       0x6e ./Core/Src/unerPrtcl.o
                0x08002bd8                unerPrtcl_Init
 *fill*         0x08002c46        0x2 
 .text.Reset_Handler
                0x08002c48       0x50 ./Core/Startup/startup_stm32f411ceux.o
                0x08002c48                Reset_Handler
 .text.Default_Handler
                0x08002c98        0x2 ./Core/Startup/startup_stm32f411ceux.o
                0x08002c98                RTC_Alarm_IRQHandler
                0x08002c98                EXTI2_IRQHandler
                0x08002c98                SPI4_IRQHandler
                0x08002c98                DMA2_Stream5_IRQHandler
                0x08002c98                DMA1_Stream5_IRQHandler
                0x08002c98                PVD_IRQHandler
                0x08002c98                SDIO_IRQHandler
                0x08002c98                TAMP_STAMP_IRQHandler
                0x08002c98                EXTI3_IRQHandler
                0x08002c98                I2C3_ER_IRQHandler
                0x08002c98                EXTI0_IRQHandler
                0x08002c98                I2C2_EV_IRQHandler
                0x08002c98                DMA1_Stream2_IRQHandler
                0x08002c98                FPU_IRQHandler
                0x08002c98                DMA2_Stream2_IRQHandler
                0x08002c98                SPI1_IRQHandler
                0x08002c98                DMA2_Stream3_IRQHandler
                0x08002c98                USART6_IRQHandler
                0x08002c98                TIM4_IRQHandler
                0x08002c98                DMA1_Stream6_IRQHandler
                0x08002c98                RCC_IRQHandler
                0x08002c98                Default_Handler
                0x08002c98                EXTI15_10_IRQHandler
                0x08002c98                DMA1_Stream7_IRQHandler
                0x08002c98                SPI5_IRQHandler
                0x08002c98                TIM5_IRQHandler
                0x08002c98                DMA2_Stream7_IRQHandler
                0x08002c98                I2C3_EV_IRQHandler
                0x08002c98                EXTI9_5_IRQHandler
                0x08002c98                RTC_WKUP_IRQHandler
                0x08002c98                SPI2_IRQHandler
                0x08002c98                EXTI4_IRQHandler
                0x08002c98                WWDG_IRQHandler
                0x08002c98                OTG_FS_WKUP_IRQHandler
                0x08002c98                EXTI1_IRQHandler
                0x08002c98                USART2_IRQHandler
                0x08002c98                I2C2_ER_IRQHandler
                0x08002c98                DMA2_Stream1_IRQHandler
                0x08002c98                FLASH_IRQHandler
                0x08002c98                DMA2_Stream4_IRQHandler
                0x08002c98                USART1_IRQHandler
                0x08002c98                SPI3_IRQHandler
                0x08002c98                DMA1_Stream4_IRQHandler
                0x08002c98                DMA2_Stream6_IRQHandler
                0x08002c98                DMA1_Stream3_IRQHandler
 *fill*         0x08002c9a        0x2 
 .text.HAL_Init
                0x08002c9c       0x44 ./Drivers/STM32F4xx_HAL_Driver/Src/stm32f4xx_hal.o
                0x08002c9c                HAL_Init
 .text.HAL_InitTick
                0x08002ce0       0x60 ./Drivers/STM32F4xx_HAL_Driver/Src/stm32f4xx_hal.o
                0x08002ce0                HAL_InitTick
 .text.HAL_IncTick
                0x08002d40       0x28 ./Drivers/STM32F4xx_HAL_Driver/Src/stm32f4xx_hal.o
                0x08002d40                HAL_IncTick
 .text.HAL_GetTick
                0x08002d68       0x18 ./Drivers/STM32F4xx_HAL_Driver/Src/stm32f4xx_hal.o
                0x08002d68                HAL_GetTick
 .text.HAL_Delay
                0x08002d80       0x48 ./Drivers/STM32F4xx_HAL_Driver/Src/stm32f4xx_hal.o
                0x08002d80                HAL_Delay
 .text.HAL_ADC_Init
                0x08002dc8       0x86 ./Drivers/STM32F4xx_HAL_Driver/Src/stm32f4xx_hal_adc.o
                0x08002dc8                HAL_ADC_Init
 .text.HAL_ADC_IRQHandler
                0x08002e4e      0x220 ./Drivers/STM32F4xx_HAL_Driver/Src/stm32f4xx_hal_adc.o
                0x08002e4e                HAL_ADC_IRQHandler
 *fill*         0x0800306e        0x2 
 .text.HAL_ADC_Start_DMA
                0x08003070      0x1e8 ./Drivers/STM32F4xx_HAL_Driver/Src/stm32f4xx_hal_adc.o
                0x08003070                HAL_ADC_Start_DMA
 .text.HAL_ADC_ConvHalfCpltCallback
                0x08003258       0x14 ./Drivers/STM32F4xx_HAL_Driver/Src/stm32f4xx_hal_adc.o
                0x08003258                HAL_ADC_ConvHalfCpltCallback
 .text.HAL_ADC_LevelOutOfWindowCallback
                0x0800326c       0x14 ./Drivers/STM32F4xx_HAL_Driver/Src/stm32f4xx_hal_adc.o
                0x0800326c                HAL_ADC_LevelOutOfWindowCallback
 .text.HAL_ADC_ErrorCallback
                0x08003280       0x14 ./Drivers/STM32F4xx_HAL_Driver/Src/stm32f4xx_hal_adc.o
                0x08003280                HAL_ADC_ErrorCallback
 .text.HAL_ADC_ConfigChannel
                0x08003294      0x264 ./Drivers/STM32F4xx_HAL_Driver/Src/stm32f4xx_hal_adc.o
                0x08003294                HAL_ADC_ConfigChannel
 .text.ADC_Init
                0x080034f8      0x1f8 ./Drivers/STM32F4xx_HAL_Driver/Src/stm32f4xx_hal_adc.o
 .text.ADC_DMAConvCplt
                0x080036f0       0xba ./Drivers/STM32F4xx_HAL_Driver/Src/stm32f4xx_hal_adc.o
 .text.ADC_DMAHalfConvCplt
                0x080037aa       0x1c ./Drivers/STM32F4xx_HAL_Driver/Src/stm32f4xx_hal_adc.o
 .text.ADC_DMAError
                0x080037c6       0x2e ./Drivers/STM32F4xx_HAL_Driver/Src/stm32f4xx_hal_adc.o
 .text.HAL_ADCEx_InjectedConvCpltCallback
                0x080037f4       0x14 ./Drivers/STM32F4xx_HAL_Driver/Src/stm32f4xx_hal_adc_ex.o
                0x080037f4                HAL_ADCEx_InjectedConvCpltCallback
 .text.__NVIC_SetPriorityGrouping
                0x08003808       0x48 ./Drivers/STM32F4xx_HAL_Driver/Src/stm32f4xx_hal_cortex.o
 .text.__NVIC_GetPriorityGrouping
                0x08003850       0x1c ./Drivers/STM32F4xx_HAL_Driver/Src/stm32f4xx_hal_cortex.o
 .text.__NVIC_EnableIRQ
                0x0800386c       0x3c ./Drivers/STM32F4xx_HAL_Driver/Src/stm32f4xx_hal_cortex.o
 .text.__NVIC_SetPriority
                0x080038a8       0x54 ./Drivers/STM32F4xx_HAL_Driver/Src/stm32f4xx_hal_cortex.o
 .text.NVIC_EncodePriority
                0x080038fc       0x66 ./Drivers/STM32F4xx_HAL_Driver/Src/stm32f4xx_hal_cortex.o
 *fill*         0x08003962        0x2 
 .text.SysTick_Config
                0x08003964       0x44 ./Drivers/STM32F4xx_HAL_Driver/Src/stm32f4xx_hal_cortex.o
 .text.HAL_NVIC_SetPriorityGrouping
                0x080039a8       0x16 ./Drivers/STM32F4xx_HAL_Driver/Src/stm32f4xx_hal_cortex.o
                0x080039a8                HAL_NVIC_SetPriorityGrouping
 .text.HAL_NVIC_SetPriority
                0x080039be       0x38 ./Drivers/STM32F4xx_HAL_Driver/Src/stm32f4xx_hal_cortex.o
                0x080039be                HAL_NVIC_SetPriority
 .text.HAL_NVIC_EnableIRQ
                0x080039f6       0x1c ./Drivers/STM32F4xx_HAL_Driver/Src/stm32f4xx_hal_cortex.o
                0x080039f6                HAL_NVIC_EnableIRQ
 .text.HAL_SYSTICK_Config
                0x08003a12       0x18 ./Drivers/STM32F4xx_HAL_Driver/Src/stm32f4xx_hal_cortex.o
                0x08003a12                HAL_SYSTICK_Config
 *fill*         0x08003a2a        0x2 
 .text.HAL_DMA_Init
                0x08003a2c      0x15c ./Drivers/STM32F4xx_HAL_Driver/Src/stm32f4xx_hal_dma.o
                0x08003a2c                HAL_DMA_Init
 .text.HAL_DMA_Start_IT
                0x08003b88       0xb0 ./Drivers/STM32F4xx_HAL_Driver/Src/stm32f4xx_hal_dma.o
                0x08003b88                HAL_DMA_Start_IT
 .text.HAL_DMA_Abort_IT
                0x08003c38       0x44 ./Drivers/STM32F4xx_HAL_Driver/Src/stm32f4xx_hal_dma.o
                0x08003c38                HAL_DMA_Abort_IT
 .text.HAL_DMA_IRQHandler
                0x08003c7c      0x314 ./Drivers/STM32F4xx_HAL_Driver/Src/stm32f4xx_hal_dma.o
                0x08003c7c                HAL_DMA_IRQHandler
 .text.HAL_DMA_GetState
                0x08003f90       0x1c ./Drivers/STM32F4xx_HAL_Driver/Src/stm32f4xx_hal_dma.o
                0x08003f90                HAL_DMA_GetState
 .text.HAL_DMA_GetError
                0x08003fac       0x18 ./Drivers/STM32F4xx_HAL_Driver/Src/stm32f4xx_hal_dma.o
                0x08003fac                HAL_DMA_GetError
 .text.DMA_SetConfig
                0x08003fc4       0x5c ./Drivers/STM32F4xx_HAL_Driver/Src/stm32f4xx_hal_dma.o
 .text.DMA_CalcBaseAndBitshift
                0x08004020       0x6c ./Drivers/STM32F4xx_HAL_Driver/Src/stm32f4xx_hal_dma.o
 .text.DMA_CheckFifoParam
                0x0800408c       0xf8 ./Drivers/STM32F4xx_HAL_Driver/Src/stm32f4xx_hal_dma.o
 .text.HAL_GPIO_Init
                0x08004184      0x308 ./Drivers/STM32F4xx_HAL_Driver/Src/stm32f4xx_hal_gpio.o
                0x08004184                HAL_GPIO_Init
 .text.HAL_GPIO_WritePin
                0x0800448c       0x32 ./Drivers/STM32F4xx_HAL_Driver/Src/stm32f4xx_hal_gpio.o
                0x0800448c                HAL_GPIO_WritePin
 .text.HAL_GPIO_TogglePin
                0x080044be       0x34 ./Drivers/STM32F4xx_HAL_Driver/Src/stm32f4xx_hal_gpio.o
                0x080044be                HAL_GPIO_TogglePin
 *fill*         0x080044f2        0x2 
 .text.HAL_I2C_Init
                0x080044f4      0x288 ./Drivers/STM32F4xx_HAL_Driver/Src/stm32f4xx_hal_i2c.o
                0x080044f4                HAL_I2C_Init
 .text.I2C_Flush_DR
                0x0800477c       0x2a ./Drivers/STM32F4xx_HAL_Driver/Src/stm32f4xx_hal_i2c.o
 *fill*         0x080047a6        0x2 
 .text.HAL_I2C_Mem_Write
                0x080047a8      0x1f4 ./Drivers/STM32F4xx_HAL_Driver/Src/stm32f4xx_hal_i2c.o
                0x080047a8                HAL_I2C_Mem_Write
 .text.HAL_I2C_Mem_Write_DMA
                0x0800499c      0x2bc ./Drivers/STM32F4xx_HAL_Driver/Src/stm32f4xx_hal_i2c.o
                0x0800499c                HAL_I2C_Mem_Write_DMA
 .text.HAL_I2C_Mem_Read_DMA
                0x08004c58      0x320 ./Drivers/STM32F4xx_HAL_Driver/Src/stm32f4xx_hal_i2c.o
                0x08004c58                HAL_I2C_Mem_Read_DMA
 .text.HAL_I2C_EV_IRQHandler
                0x08004f78      0x2e2 ./Drivers/STM32F4xx_HAL_Driver/Src/stm32f4xx_hal_i2c.o
                0x08004f78                HAL_I2C_EV_IRQHandler
 .text.HAL_I2C_ER_IRQHandler
                0x0800525a      0x14e ./Drivers/STM32F4xx_HAL_Driver/Src/stm32f4xx_hal_i2c.o
                0x0800525a                HAL_I2C_ER_IRQHandler
 .text.HAL_I2C_MasterTxCpltCallback
                0x080053a8       0x14 ./Drivers/STM32F4xx_HAL_Driver/Src/stm32f4xx_hal_i2c.o
                0x080053a8                HAL_I2C_MasterTxCpltCallback
 .text.HAL_I2C_MasterRxCpltCallback
                0x080053bc       0x14 ./Drivers/STM32F4xx_HAL_Driver/Src/stm32f4xx_hal_i2c.o
                0x080053bc                HAL_I2C_MasterRxCpltCallback
 .text.HAL_I2C_SlaveTxCpltCallback
                0x080053d0       0x14 ./Drivers/STM32F4xx_HAL_Driver/Src/stm32f4xx_hal_i2c.o
                0x080053d0                HAL_I2C_SlaveTxCpltCallback
 .text.HAL_I2C_SlaveRxCpltCallback
                0x080053e4       0x14 ./Drivers/STM32F4xx_HAL_Driver/Src/stm32f4xx_hal_i2c.o
                0x080053e4                HAL_I2C_SlaveRxCpltCallback
 .text.HAL_I2C_AddrCallback
                0x080053f8       0x1c ./Drivers/STM32F4xx_HAL_Driver/Src/stm32f4xx_hal_i2c.o
                0x080053f8                HAL_I2C_AddrCallback
 .text.HAL_I2C_ListenCpltCallback
                0x08005414       0x14 ./Drivers/STM32F4xx_HAL_Driver/Src/stm32f4xx_hal_i2c.o
                0x08005414                HAL_I2C_ListenCpltCallback
 .text.HAL_I2C_ErrorCallback
                0x08005428       0x14 ./Drivers/STM32F4xx_HAL_Driver/Src/stm32f4xx_hal_i2c.o
                0x08005428                HAL_I2C_ErrorCallback
 .text.HAL_I2C_AbortCpltCallback
                0x0800543c       0x14 ./Drivers/STM32F4xx_HAL_Driver/Src/stm32f4xx_hal_i2c.o
                0x0800543c                HAL_I2C_AbortCpltCallback
 .text.I2C_MasterTransmit_TXE
                0x08005450      0x138 ./Drivers/STM32F4xx_HAL_Driver/Src/stm32f4xx_hal_i2c.o
 .text.I2C_MasterTransmit_BTF
                0x08005588       0xec ./Drivers/STM32F4xx_HAL_Driver/Src/stm32f4xx_hal_i2c.o
 .text.I2C_MemoryTransmit_TXE_BTF
                0x08005674      0x130 ./Drivers/STM32F4xx_HAL_Driver/Src/stm32f4xx_hal_i2c.o
 .text.I2C_MasterReceive_RXNE
                0x080057a4      0x190 ./Drivers/STM32F4xx_HAL_Driver/Src/stm32f4xx_hal_i2c.o
 .text.I2C_MasterReceive_BTF
                0x08005934      0x1e2 ./Drivers/STM32F4xx_HAL_Driver/Src/stm32f4xx_hal_i2c.o
 .text.I2C_Master_SB
                0x08005b16      0x10c ./Drivers/STM32F4xx_HAL_Driver/Src/stm32f4xx_hal_i2c.o
 .text.I2C_Master_ADD10
                0x08005c22       0x54 ./Drivers/STM32F4xx_HAL_Driver/Src/stm32f4xx_hal_i2c.o
 .text.I2C_Master_ADDR
                0x08005c76      0x322 ./Drivers/STM32F4xx_HAL_Driver/Src/stm32f4xx_hal_i2c.o
 .text.I2C_SlaveTransmit_TXE
                0x08005f98       0x7a ./Drivers/STM32F4xx_HAL_Driver/Src/stm32f4xx_hal_i2c.o
 .text.I2C_SlaveTransmit_BTF
                0x08006012       0x42 ./Drivers/STM32F4xx_HAL_Driver/Src/stm32f4xx_hal_i2c.o
 .text.I2C_SlaveReceive_RXNE
                0x08006054       0x7c ./Drivers/STM32F4xx_HAL_Driver/Src/stm32f4xx_hal_i2c.o
 .text.I2C_SlaveReceive_BTF
                0x080060d0       0x44 ./Drivers/STM32F4xx_HAL_Driver/Src/stm32f4xx_hal_i2c.o
 .text.I2C_Slave_ADDR
                0x08006114       0x94 ./Drivers/STM32F4xx_HAL_Driver/Src/stm32f4xx_hal_i2c.o
 .text.I2C_Slave_STOPF
                0x080061a8      0x260 ./Drivers/STM32F4xx_HAL_Driver/Src/stm32f4xx_hal_i2c.o
 .text.I2C_Slave_AF
                0x08006408       0xe8 ./Drivers/STM32F4xx_HAL_Driver/Src/stm32f4xx_hal_i2c.o
 .text.I2C_ITError
                0x080064f0      0x264 ./Drivers/STM32F4xx_HAL_Driver/Src/stm32f4xx_hal_i2c.o
 .text.I2C_RequestMemoryWrite
                0x08006754      0x12c ./Drivers/STM32F4xx_HAL_Driver/Src/stm32f4xx_hal_i2c.o
 .text.I2C_RequestMemoryRead
                0x08006880      0x1d0 ./Drivers/STM32F4xx_HAL_Driver/Src/stm32f4xx_hal_i2c.o
 .text.I2C_DMAXferCplt
                0x08006a50      0x1be ./Drivers/STM32F4xx_HAL_Driver/Src/stm32f4xx_hal_i2c.o
 .text.I2C_DMAError
                0x08006c0e       0x7a ./Drivers/STM32F4xx_HAL_Driver/Src/stm32f4xx_hal_i2c.o
 .text.I2C_DMAAbort
                0x08006c88      0x150 ./Drivers/STM32F4xx_HAL_Driver/Src/stm32f4xx_hal_i2c.o
 .text.I2C_WaitOnFlagUntilTimeout
                0x08006dd8       0xf4 ./Drivers/STM32F4xx_HAL_Driver/Src/stm32f4xx_hal_i2c.o
 .text.I2C_WaitOnMasterAddressFlagUntilTimeout
                0x08006ecc      0x140 ./Drivers/STM32F4xx_HAL_Driver/Src/stm32f4xx_hal_i2c.o
 .text.I2C_WaitOnTXEFlagUntilTimeout
                0x0800700c       0x90 ./Drivers/STM32F4xx_HAL_Driver/Src/stm32f4xx_hal_i2c.o
 .text.I2C_WaitOnBTFFlagUntilTimeout
                0x0800709c       0x90 ./Drivers/STM32F4xx_HAL_Driver/Src/stm32f4xx_hal_i2c.o
 .text.I2C_WaitOnSTOPRequestThroughIT
                0x0800712c       0x64 ./Drivers/STM32F4xx_HAL_Driver/Src/stm32f4xx_hal_i2c.o
 .text.I2C_IsAcknowledgeFailed
                0x08007190       0x5e ./Drivers/STM32F4xx_HAL_Driver/Src/stm32f4xx_hal_i2c.o
 .text.I2C_ConvertOtherXferOptions
                0x080071ee       0x36 ./Drivers/STM32F4xx_HAL_Driver/Src/stm32f4xx_hal_i2c.o
 .text.HAL_PCD_Init
                0x08007224      0x21e ./Drivers/STM32F4xx_HAL_Driver/Src/stm32f4xx_hal_pcd.o
                0x08007224                HAL_PCD_Init
 .text.HAL_PCD_Start
                0x08007442       0x6a ./Drivers/STM32F4xx_HAL_Driver/Src/stm32f4xx_hal_pcd.o
                0x08007442                HAL_PCD_Start
 .text.HAL_PCD_IRQHandler
                0x080074ac      0x942 ./Drivers/STM32F4xx_HAL_Driver/Src/stm32f4xx_hal_pcd.o
                0x080074ac                HAL_PCD_IRQHandler
 .text.HAL_PCD_SetAddress
                0x08007dee       0x48 ./Drivers/STM32F4xx_HAL_Driver/Src/stm32f4xx_hal_pcd.o
                0x08007dee                HAL_PCD_SetAddress
 .text.HAL_PCD_EP_Open
                0x08007e36       0xd4 ./Drivers/STM32F4xx_HAL_Driver/Src/stm32f4xx_hal_pcd.o
                0x08007e36                HAL_PCD_EP_Open
 .text.HAL_PCD_EP_Close
                0x08007f0a       0x94 ./Drivers/STM32F4xx_HAL_Driver/Src/stm32f4xx_hal_pcd.o
                0x08007f0a                HAL_PCD_EP_Close
 .text.HAL_PCD_EP_Receive
                0x08007f9e       0x76 ./Drivers/STM32F4xx_HAL_Driver/Src/stm32f4xx_hal_pcd.o
                0x08007f9e                HAL_PCD_EP_Receive
 .text.HAL_PCD_EP_GetRxCount
                0x08008014       0x30 ./Drivers/STM32F4xx_HAL_Driver/Src/stm32f4xx_hal_pcd.o
                0x08008014                HAL_PCD_EP_GetRxCount
 .text.HAL_PCD_EP_Transmit
                0x08008044       0x74 ./Drivers/STM32F4xx_HAL_Driver/Src/stm32f4xx_hal_pcd.o
                0x08008044                HAL_PCD_EP_Transmit
 .text.HAL_PCD_EP_SetStall
                0x080080b8       0xc6 ./Drivers/STM32F4xx_HAL_Driver/Src/stm32f4xx_hal_pcd.o
                0x080080b8                HAL_PCD_EP_SetStall
 .text.HAL_PCD_EP_ClrStall
                0x0800817e       0xac ./Drivers/STM32F4xx_HAL_Driver/Src/stm32f4xx_hal_pcd.o
                0x0800817e                HAL_PCD_EP_ClrStall
 .text.HAL_PCD_EP_Abort
                0x0800822a       0x62 ./Drivers/STM32F4xx_HAL_Driver/Src/stm32f4xx_hal_pcd.o
                0x0800822a                HAL_PCD_EP_Abort
 .text.PCD_WriteEmptyTxFifo
                0x0800828c      0x118 ./Drivers/STM32F4xx_HAL_Driver/Src/stm32f4xx_hal_pcd.o
 .text.PCD_EP_OutXfrComplete_int
                0x080083a4      0x1d0 ./Drivers/STM32F4xx_HAL_Driver/Src/stm32f4xx_hal_pcd.o
 .text.PCD_EP_OutSetupPacket_int
                0x08008574       0x8c ./Drivers/STM32F4xx_HAL_Driver/Src/stm32f4xx_hal_pcd.o
 .text.HAL_PCDEx_SetTxFiFo
                0x08008600       0x8e ./Drivers/STM32F4xx_HAL_Driver/Src/stm32f4xx_hal_pcd_ex.o
                0x08008600                HAL_PCDEx_SetTxFiFo
 .text.HAL_PCDEx_SetRxFiFo
                0x0800868e       0x22 ./Drivers/STM32F4xx_HAL_Driver/Src/stm32f4xx_hal_pcd_ex.o
                0x0800868e                HAL_PCDEx_SetRxFiFo
 .text.HAL_PCDEx_LPM_Callback
                0x080086b0       0x18 ./Drivers/STM32F4xx_HAL_Driver/Src/stm32f4xx_hal_pcd_ex.o
                0x080086b0                HAL_PCDEx_LPM_Callback
 .text.HAL_RCC_OscConfig
                0x080086c8      0x4f0 ./Drivers/STM32F4xx_HAL_Driver/Src/stm32f4xx_hal_rcc.o
                0x080086c8                HAL_RCC_OscConfig
 .text.HAL_RCC_ClockConfig
                0x08008bb8      0x1cc ./Drivers/STM32F4xx_HAL_Driver/Src/stm32f4xx_hal_rcc.o
                0x08008bb8                HAL_RCC_ClockConfig
 .text.HAL_RCC_GetSysClockFreq
                0x08008d84      0x18c ./Drivers/STM32F4xx_HAL_Driver/Src/stm32f4xx_hal_rcc.o
                0x08008d84                HAL_RCC_GetSysClockFreq
 .text.HAL_RCC_GetHCLKFreq
                0x08008f10       0x18 ./Drivers/STM32F4xx_HAL_Driver/Src/stm32f4xx_hal_rcc.o
                0x08008f10                HAL_RCC_GetHCLKFreq
 .text.HAL_RCC_GetPCLK1Freq
                0x08008f28       0x28 ./Drivers/STM32F4xx_HAL_Driver/Src/stm32f4xx_hal_rcc.o
                0x08008f28                HAL_RCC_GetPCLK1Freq
 .text.HAL_TIM_Base_Init
                0x08008f50       0x9e ./Drivers/STM32F4xx_HAL_Driver/Src/stm32f4xx_hal_tim.o
                0x08008f50                HAL_TIM_Base_Init
 *fill*         0x08008fee        0x2 
 .text.HAL_TIM_Base_Start_IT
                0x08008ff0       0xc4 ./Drivers/STM32F4xx_HAL_Driver/Src/stm32f4xx_hal_tim.o
                0x08008ff0                HAL_TIM_Base_Start_IT
 .text.HAL_TIM_IRQHandler
                0x080090b4      0x1e0 ./Drivers/STM32F4xx_HAL_Driver/Src/stm32f4xx_hal_tim.o
                0x080090b4                HAL_TIM_IRQHandler
 .text.HAL_TIM_ConfigClockSource
                0x08009294      0x18e ./Drivers/STM32F4xx_HAL_Driver/Src/stm32f4xx_hal_tim.o
                0x08009294                HAL_TIM_ConfigClockSource
 .text.HAL_TIM_SlaveConfigSynchro
                0x08009422       0x84 ./Drivers/STM32F4xx_HAL_Driver/Src/stm32f4xx_hal_tim.o
                0x08009422                HAL_TIM_SlaveConfigSynchro
 .text.HAL_TIM_OC_DelayElapsedCallback
                0x080094a6       0x14 ./Drivers/STM32F4xx_HAL_Driver/Src/stm32f4xx_hal_tim.o
                0x080094a6                HAL_TIM_OC_DelayElapsedCallback
 .text.HAL_TIM_IC_CaptureCallback
                0x080094ba       0x14 ./Drivers/STM32F4xx_HAL_Driver/Src/stm32f4xx_hal_tim.o
                0x080094ba                HAL_TIM_IC_CaptureCallback
 .text.HAL_TIM_PWM_PulseFinishedCallback
                0x080094ce       0x14 ./Drivers/STM32F4xx_HAL_Driver/Src/stm32f4xx_hal_tim.o
                0x080094ce                HAL_TIM_PWM_PulseFinishedCallback
 .text.HAL_TIM_TriggerCallback
                0x080094e2       0x14 ./Drivers/STM32F4xx_HAL_Driver/Src/stm32f4xx_hal_tim.o
                0x080094e2                HAL_TIM_TriggerCallback
 *fill*         0x080094f6        0x2 
 .text.TIM_Base_SetConfig
                0x080094f8      0x10c ./Drivers/STM32F4xx_HAL_Driver/Src/stm32f4xx_hal_tim.o
                0x080094f8                TIM_Base_SetConfig
 .text.TIM_SlaveTimer_SetConfig
                0x08009604      0x122 ./Drivers/STM32F4xx_HAL_Driver/Src/stm32f4xx_hal_tim.o
 .text.TIM_TI1_ConfigInputStage
                0x08009726       0x5e ./Drivers/STM32F4xx_HAL_Driver/Src/stm32f4xx_hal_tim.o
 .text.TIM_TI2_ConfigInputStage
                0x08009784       0x60 ./Drivers/STM32F4xx_HAL_Driver/Src/stm32f4xx_hal_tim.o
 .text.TIM_ITRx_SetConfig
                0x080097e4       0x36 ./Drivers/STM32F4xx_HAL_Driver/Src/stm32f4xx_hal_tim.o
 .text.TIM_ETR_SetConfig
                0x0800981a       0x40 ./Drivers/STM32F4xx_HAL_Driver/Src/stm32f4xx_hal_tim.o
                0x0800981a                TIM_ETR_SetConfig
 *fill*         0x0800985a        0x2 
 .text.HAL_TIMEx_MasterConfigSynchronization
                0x0800985c       0xdc ./Drivers/STM32F4xx_HAL_Driver/Src/stm32f4xx_hal_tim_ex.o
                0x0800985c                HAL_TIMEx_MasterConfigSynchronization
 .text.HAL_TIMEx_CommutCallback
                0x08009938       0x14 ./Drivers/STM32F4xx_HAL_Driver/Src/stm32f4xx_hal_tim_ex.o
                0x08009938                HAL_TIMEx_CommutCallback
 .text.HAL_TIMEx_BreakCallback
                0x0800994c       0x14 ./Drivers/STM32F4xx_HAL_Driver/Src/stm32f4xx_hal_tim_ex.o
                0x0800994c                HAL_TIMEx_BreakCallback
 .text.USB_CoreInit
                0x08009960       0xc8 ./Drivers/STM32F4xx_HAL_Driver/Src/stm32f4xx_ll_usb.o
                0x08009960                USB_CoreInit
 .text.USB_SetTurnaroundTime
                0x08009a28      0x144 ./Drivers/STM32F4xx_HAL_Driver/Src/stm32f4xx_ll_usb.o
                0x08009a28                USB_SetTurnaroundTime
 .text.USB_EnableGlobalInt
                0x08009b6c       0x22 ./Drivers/STM32F4xx_HAL_Driver/Src/stm32f4xx_ll_usb.o
                0x08009b6c                USB_EnableGlobalInt
 .text.USB_DisableGlobalInt
                0x08009b8e       0x22 ./Drivers/STM32F4xx_HAL_Driver/Src/stm32f4xx_ll_usb.o
                0x08009b8e                USB_DisableGlobalInt
 .text.USB_SetCurrentMode
                0x08009bb0       0x98 ./Drivers/STM32F4xx_HAL_Driver/Src/stm32f4xx_ll_usb.o
                0x08009bb0                USB_SetCurrentMode
 .text.USB_DevInit
                0x08009c48      0x2c8 ./Drivers/STM32F4xx_HAL_Driver/Src/stm32f4xx_ll_usb.o
                0x08009c48                USB_DevInit
 .text.USB_FlushTxFifo
                0x08009f10       0x64 ./Drivers/STM32F4xx_HAL_Driver/Src/stm32f4xx_ll_usb.o
                0x08009f10                USB_FlushTxFifo
 .text.USB_FlushRxFifo
                0x08009f74       0x5c ./Drivers/STM32F4xx_HAL_Driver/Src/stm32f4xx_ll_usb.o
                0x08009f74                USB_FlushRxFifo
 .text.USB_SetDevSpeed
                0x08009fd0       0x32 ./Drivers/STM32F4xx_HAL_Driver/Src/stm32f4xx_ll_usb.o
                0x08009fd0                USB_SetDevSpeed
 .text.USB_GetDevSpeed
                0x0800a002       0x4a ./Drivers/STM32F4xx_HAL_Driver/Src/stm32f4xx_ll_usb.o
                0x0800a002                USB_GetDevSpeed
 .text.USB_ActivateEndpoint
                0x0800a04c      0x10e ./Drivers/STM32F4xx_HAL_Driver/Src/stm32f4xx_ll_usb.o
                0x0800a04c                USB_ActivateEndpoint
 *fill*         0x0800a15a        0x2 
 .text.USB_DeactivateEndpoint
                0x0800a15c      0x1b8 ./Drivers/STM32F4xx_HAL_Driver/Src/stm32f4xx_ll_usb.o
                0x0800a15c                USB_DeactivateEndpoint
 .text.USB_EPStartXfer
                0x0800a314      0x53c ./Drivers/STM32F4xx_HAL_Driver/Src/stm32f4xx_ll_usb.o
                0x0800a314                USB_EPStartXfer
 .text.USB_EPStopXfer
                0x0800a850      0x154 ./Drivers/STM32F4xx_HAL_Driver/Src/stm32f4xx_ll_usb.o
                0x0800a850                USB_EPStopXfer
 .text.USB_WritePacket
                0x0800a9a4       0x7c ./Drivers/STM32F4xx_HAL_Driver/Src/stm32f4xx_ll_usb.o
                0x0800a9a4                USB_WritePacket
 .text.USB_ReadPacket
                0x0800aa20       0xb0 ./Drivers/STM32F4xx_HAL_Driver/Src/stm32f4xx_ll_usb.o
                0x0800aa20                USB_ReadPacket
 .text.USB_EPSetStall
                0x0800aad0       0xdc ./Drivers/STM32F4xx_HAL_Driver/Src/stm32f4xx_ll_usb.o
                0x0800aad0                USB_EPSetStall
 .text.USB_EPClearStall
                0x0800abac       0xcc ./Drivers/STM32F4xx_HAL_Driver/Src/stm32f4xx_ll_usb.o
                0x0800abac                USB_EPClearStall
 .text.USB_SetDevAddress
                0x0800ac78       0x4c ./Drivers/STM32F4xx_HAL_Driver/Src/stm32f4xx_ll_usb.o
                0x0800ac78                USB_SetDevAddress
 .text.USB_DevConnect
                0x0800acc4       0x42 ./Drivers/STM32F4xx_HAL_Driver/Src/stm32f4xx_ll_usb.o
                0x0800acc4                USB_DevConnect
 .text.USB_DevDisconnect
                0x0800ad06       0x42 ./Drivers/STM32F4xx_HAL_Driver/Src/stm32f4xx_ll_usb.o
                0x0800ad06                USB_DevDisconnect
 .text.USB_ReadInterrupts
                0x0800ad48       0x26 ./Drivers/STM32F4xx_HAL_Driver/Src/stm32f4xx_ll_usb.o
                0x0800ad48                USB_ReadInterrupts
 .text.USB_ReadDevAllOutEpInterrupt
                0x0800ad6e       0x34 ./Drivers/STM32F4xx_HAL_Driver/Src/stm32f4xx_ll_usb.o
                0x0800ad6e                USB_ReadDevAllOutEpInterrupt
 .text.USB_ReadDevAllInEpInterrupt
                0x0800ada2       0x34 ./Drivers/STM32F4xx_HAL_Driver/Src/stm32f4xx_ll_usb.o
                0x0800ada2                USB_ReadDevAllInEpInterrupt
 .text.USB_ReadDevOutEPInterrupt
                0x0800add6       0x3c ./Drivers/STM32F4xx_HAL_Driver/Src/stm32f4xx_ll_usb.o
                0x0800add6                USB_ReadDevOutEPInterrupt
 .text.USB_ReadDevInEPInterrupt
                0x0800ae12       0x5c ./Drivers/STM32F4xx_HAL_Driver/Src/stm32f4xx_ll_usb.o
                0x0800ae12                USB_ReadDevInEPInterrupt
 .text.USB_GetMode
                0x0800ae6e       0x1c ./Drivers/STM32F4xx_HAL_Driver/Src/stm32f4xx_ll_usb.o
                0x0800ae6e                USB_GetMode
 .text.USB_ActivateSetup
                0x0800ae8a       0x46 ./Drivers/STM32F4xx_HAL_Driver/Src/stm32f4xx_ll_usb.o
                0x0800ae8a                USB_ActivateSetup
 .text.USB_EP0_OutStart
                0x0800aed0       0xbc ./Drivers/STM32F4xx_HAL_Driver/Src/stm32f4xx_ll_usb.o
                0x0800aed0                USB_EP0_OutStart
 .text.USB_CoreReset
                0x0800af8c       0x70 ./Drivers/STM32F4xx_HAL_Driver/Src/stm32f4xx_ll_usb.o
 .text.USBD_CDC_Init
                0x0800affc      0x1f0 ./Middlewares/ST/STM32_USB_Device_Library/Class/CDC/Src/usbd_cdc.o
 .text.USBD_CDC_DeInit
                0x0800b1ec      0x104 ./Middlewares/ST/STM32_USB_Device_Library/Class/CDC/Src/usbd_cdc.o
 .text.USBD_CDC_Setup
                0x0800b2f0      0x1b8 ./Middlewares/ST/STM32_USB_Device_Library/Class/CDC/Src/usbd_cdc.o
 .text.USBD_CDC_DataIn
                0x0800b4a8       0xfe ./Middlewares/ST/STM32_USB_Device_Library/Class/CDC/Src/usbd_cdc.o
 .text.USBD_CDC_DataOut
                0x0800b5a6       0x70 ./Middlewares/ST/STM32_USB_Device_Library/Class/CDC/Src/usbd_cdc.o
 .text.USBD_CDC_EP0_RxReady
                0x0800b616       0x74 ./Middlewares/ST/STM32_USB_Device_Library/Class/CDC/Src/usbd_cdc.o
 *fill*         0x0800b68a        0x2 
 .text.USBD_CDC_GetFSCfgDesc
                0x0800b68c       0x70 ./Middlewares/ST/STM32_USB_Device_Library/Class/CDC/Src/usbd_cdc.o
 .text.USBD_CDC_GetHSCfgDesc
                0x0800b6fc       0x70 ./Middlewares/ST/STM32_USB_Device_Library/Class/CDC/Src/usbd_cdc.o
 .text.USBD_CDC_GetOtherSpeedCfgDesc
                0x0800b76c       0x70 ./Middlewares/ST/STM32_USB_Device_Library/Class/CDC/Src/usbd_cdc.o
 .text.USBD_CDC_GetDeviceQualifierDescriptor
                0x0800b7dc       0x20 ./Middlewares/ST/STM32_USB_Device_Library/Class/CDC/Src/usbd_cdc.o
                0x0800b7dc                USBD_CDC_GetDeviceQualifierDescriptor
 .text.USBD_CDC_RegisterInterface
                0x0800b7fc       0x34 ./Middlewares/ST/STM32_USB_Device_Library/Class/CDC/Src/usbd_cdc.o
                0x0800b7fc                USBD_CDC_RegisterInterface
 .text.USBD_CDC_SetTxBuffer
                0x0800b830       0x44 ./Middlewares/ST/STM32_USB_Device_Library/Class/CDC/Src/usbd_cdc.o
                0x0800b830                USBD_CDC_SetTxBuffer
 .text.USBD_CDC_SetRxBuffer
                0x0800b874       0x3a ./Middlewares/ST/STM32_USB_Device_Library/Class/CDC/Src/usbd_cdc.o
                0x0800b874                USBD_CDC_SetRxBuffer
 *fill*         0x0800b8ae        0x2 
 .text.USBD_CDC_TransmitPacket
                0x0800b8b0       0x80 ./Middlewares/ST/STM32_USB_Device_Library/Class/CDC/Src/usbd_cdc.o
                0x0800b8b0                USBD_CDC_TransmitPacket
 .text.USBD_CDC_ReceivePacket
                0x0800b930       0x6c ./Middlewares/ST/STM32_USB_Device_Library/Class/CDC/Src/usbd_cdc.o
                0x0800b930                USBD_CDC_ReceivePacket
 .text.USBD_Init
                0x0800b99c       0x60 ./Middlewares/ST/STM32_USB_Device_Library/Core/Src/usbd_core.o
                0x0800b99c                USBD_Init
 .text.USBD_RegisterClass
                0x0800b9fc       0x6c ./Middlewares/ST/STM32_USB_Device_Library/Core/Src/usbd_core.o
                0x0800b9fc                USBD_RegisterClass
 .text.USBD_Start
                0x0800ba68       0x18 ./Middlewares/ST/STM32_USB_Device_Library/Core/Src/usbd_core.o
                0x0800ba68                USBD_Start
 .text.USBD_RunTestMode
                0x0800ba80       0x16 ./Middlewares/ST/STM32_USB_Device_Library/Core/Src/usbd_core.o
                0x0800ba80                USBD_RunTestMode
 .text.USBD_SetClassConfig
                0x0800ba96       0x38 ./Middlewares/ST/STM32_USB_Device_Library/Core/Src/usbd_core.o
                0x0800ba96                USBD_SetClassConfig
 .text.USBD_ClrClassConfig
                0x0800bace       0x34 ./Middlewares/ST/STM32_USB_Device_Library/Core/Src/usbd_core.o
                0x0800bace                USBD_ClrClassConfig
 .text.USBD_LL_SetupStage
                0x0800bb02       0xaa ./Middlewares/ST/STM32_USB_Device_Library/Core/Src/usbd_core.o
                0x0800bb02                USBD_LL_SetupStage
 .text.USBD_LL_DataOutStage
                0x0800bbac      0x178 ./Middlewares/ST/STM32_USB_Device_Library/Core/Src/usbd_core.o
                0x0800bbac                USBD_LL_DataOutStage
 .text.USBD_LL_DataInStage
                0x0800bd24      0x176 ./Middlewares/ST/STM32_USB_Device_Library/Core/Src/usbd_core.o
                0x0800bd24                USBD_LL_DataInStage
 .text.USBD_LL_Reset
                0x0800be9a       0xa6 ./Middlewares/ST/STM32_USB_Device_Library/Core/Src/usbd_core.o
                0x0800be9a                USBD_LL_Reset
 .text.USBD_LL_SetSpeed
                0x0800bf40       0x20 ./Middlewares/ST/STM32_USB_Device_Library/Core/Src/usbd_core.o
                0x0800bf40                USBD_LL_SetSpeed
 .text.USBD_LL_Suspend
                0x0800bf60       0x38 ./Middlewares/ST/STM32_USB_Device_Library/Core/Src/usbd_core.o
                0x0800bf60                USBD_LL_Suspend
 .text.USBD_LL_Resume
                0x0800bf98       0x30 ./Middlewares/ST/STM32_USB_Device_Library/Core/Src/usbd_core.o
                0x0800bf98                USBD_LL_Resume
 .text.USBD_LL_SOF
                0x0800bfc8       0x40 ./Middlewares/ST/STM32_USB_Device_Library/Core/Src/usbd_core.o
                0x0800bfc8                USBD_LL_SOF
 .text.USBD_LL_IsoINIncomplete
                0x0800c008       0x64 ./Middlewares/ST/STM32_USB_Device_Library/Core/Src/usbd_core.o
                0x0800c008                USBD_LL_IsoINIncomplete
 .text.USBD_LL_IsoOUTIncomplete
                0x0800c06c       0x64 ./Middlewares/ST/STM32_USB_Device_Library/Core/Src/usbd_core.o
                0x0800c06c                USBD_LL_IsoOUTIncomplete
 .text.USBD_LL_DevConnected
                0x0800c0d0       0x16 ./Middlewares/ST/STM32_USB_Device_Library/Core/Src/usbd_core.o
                0x0800c0d0                USBD_LL_DevConnected
 .text.USBD_LL_DevDisconnected
                0x0800c0e6       0x46 ./Middlewares/ST/STM32_USB_Device_Library/Core/Src/usbd_core.o
                0x0800c0e6                USBD_LL_DevDisconnected
 .text.USBD_CoreFindIF
                0x0800c12c       0x1a ./Middlewares/ST/STM32_USB_Device_Library/Core/Src/usbd_core.o
                0x0800c12c                USBD_CoreFindIF
 .text.USBD_CoreFindEP
                0x0800c146       0x1a ./Middlewares/ST/STM32_USB_Device_Library/Core/Src/usbd_core.o
                0x0800c146                USBD_CoreFindEP
 .text.USBD_GetEpDesc
                0x0800c160       0x70 ./Middlewares/ST/STM32_USB_Device_Library/Core/Src/usbd_core.o
                0x0800c160                USBD_GetEpDesc
 .text.USBD_GetNextDesc
                0x0800c1d0       0x38 ./Middlewares/ST/STM32_USB_Device_Library/Core/Src/usbd_core.o
                0x0800c1d0                USBD_GetNextDesc
 .text.SWAPBYTE
                0x0800c208       0x3e ./Middlewares/ST/STM32_USB_Device_Library/Core/Src/usbd_ctlreq.o
 *fill*         0x0800c246        0x2 
 .text.USBD_StdDevReq
                0x0800c248       0xe4 ./Middlewares/ST/STM32_USB_Device_Library/Core/Src/usbd_ctlreq.o
                0x0800c248                USBD_StdDevReq
 .text.USBD_StdItfReq
                0x0800c32c       0xd8 ./Middlewares/ST/STM32_USB_Device_Library/Core/Src/usbd_ctlreq.o
                0x0800c32c                USBD_StdItfReq
 .text.USBD_StdEPReq
                0x0800c404      0x33e ./Middlewares/ST/STM32_USB_Device_Library/Core/Src/usbd_ctlreq.o
                0x0800c404                USBD_StdEPReq
 *fill*         0x0800c742        0x2 
 .text.USBD_GetDescriptor
                0x0800c744      0x2d4 ./Middlewares/ST/STM32_USB_Device_Library/Core/Src/usbd_ctlreq.o
 .text.USBD_SetAddress
                0x0800ca18       0x88 ./Middlewares/ST/STM32_USB_Device_Library/Core/Src/usbd_ctlreq.o
 .text.USBD_SetConfig
                0x0800caa0      0x154 ./Middlewares/ST/STM32_USB_Device_Library/Core/Src/usbd_ctlreq.o
 .text.USBD_GetConfig
                0x0800cbf4       0x6c ./Middlewares/ST/STM32_USB_Device_Library/Core/Src/usbd_ctlreq.o
 .text.USBD_GetStatus
                0x0800cc60       0x68 ./Middlewares/ST/STM32_USB_Device_Library/Core/Src/usbd_ctlreq.o
 .text.USBD_SetFeature
                0x0800ccc8       0x52 ./Middlewares/ST/STM32_USB_Device_Library/Core/Src/usbd_ctlreq.o
 .text.USBD_ClrFeature
                0x0800cd1a       0x44 ./Middlewares/ST/STM32_USB_Device_Library/Core/Src/usbd_ctlreq.o
 .text.USBD_ParseSetupRequest
                0x0800cd5e       0x74 ./Middlewares/ST/STM32_USB_Device_Library/Core/Src/usbd_ctlreq.o
                0x0800cd5e                USBD_ParseSetupRequest
 .text.USBD_CtlError
                0x0800cdd2       0x22 ./Middlewares/ST/STM32_USB_Device_Library/Core/Src/usbd_ctlreq.o
                0x0800cdd2                USBD_CtlError
 .text.USBD_GetString
                0x0800cdf4       0xa4 ./Middlewares/ST/STM32_USB_Device_Library/Core/Src/usbd_ctlreq.o
                0x0800cdf4                USBD_GetString
 .text.USBD_GetLen
                0x0800ce98       0x34 ./Middlewares/ST/STM32_USB_Device_Library/Core/Src/usbd_ctlreq.o
 .text.USBD_CtlSendData
                0x0800cecc       0x3c ./Middlewares/ST/STM32_USB_Device_Library/Core/Src/usbd_ioreq.o
                0x0800cecc                USBD_CtlSendData
 .text.USBD_CtlContinueSendData
                0x0800cf08       0x22 ./Middlewares/ST/STM32_USB_Device_Library/Core/Src/usbd_ioreq.o
                0x0800cf08                USBD_CtlContinueSendData
 .text.USBD_CtlPrepareRx
                0x0800cf2a       0x42 ./Middlewares/ST/STM32_USB_Device_Library/Core/Src/usbd_ioreq.o
                0x0800cf2a                USBD_CtlPrepareRx
 .text.USBD_CtlContinueRx
                0x0800cf6c       0x22 ./Middlewares/ST/STM32_USB_Device_Library/Core/Src/usbd_ioreq.o
                0x0800cf6c                USBD_CtlContinueRx
 .text.USBD_CtlSendStatus
                0x0800cf8e       0x26 ./Middlewares/ST/STM32_USB_Device_Library/Core/Src/usbd_ioreq.o
                0x0800cf8e                USBD_CtlSendStatus
 .text.USBD_CtlReceiveStatus
                0x0800cfb4       0x26 ./Middlewares/ST/STM32_USB_Device_Library/Core/Src/usbd_ioreq.o
                0x0800cfb4                USBD_CtlReceiveStatus
 *fill*         0x0800cfda        0x2 
 .text.MX_USB_DEVICE_Init
                0x0800cfdc       0x60 ./USB_DEVICE/App/usb_device.o
                0x0800cfdc                MX_USB_DEVICE_Init
 .text.CDC_Init_FS
                0x0800d03c       0x28 ./USB_DEVICE/App/usbd_cdc_if.o
 .text.CDC_DeInit_FS
                0x0800d064       0x10 ./USB_DEVICE/App/usbd_cdc_if.o
 .text.CDC_Control_FS
                0x0800d074      0x15c ./USB_DEVICE/App/usbd_cdc_if.o
 .text.CDC_Receive_FS
                0x0800d1d0       0x40 ./USB_DEVICE/App/usbd_cdc_if.o
 .text.CDC_Transmit_FS
                0x0800d210       0x4c ./USB_DEVICE/App/usbd_cdc_if.o
                0x0800d210                CDC_Transmit_FS
 .text.CDC_TransmitCplt_FS
                0x0800d25c       0x22 ./USB_DEVICE/App/usbd_cdc_if.o
 *fill*         0x0800d27e        0x2 
 .text.CDC_Attach_Rx
                0x0800d280       0x20 ./USB_DEVICE/App/usbd_cdc_if.o
                0x0800d280                CDC_Attach_Rx
 .text.USBD_FS_DeviceDescriptor
                0x0800d2a0       0x24 ./USB_DEVICE/App/usbd_desc.o
                0x0800d2a0                USBD_FS_DeviceDescriptor
 .text.USBD_FS_LangIDStrDescriptor
                0x0800d2c4       0x24 ./USB_DEVICE/App/usbd_desc.o
                0x0800d2c4                USBD_FS_LangIDStrDescriptor
 .text.USBD_FS_ProductStrDescriptor
                0x0800d2e8       0x3c ./USB_DEVICE/App/usbd_desc.o
                0x0800d2e8                USBD_FS_ProductStrDescriptor
 .text.USBD_FS_ManufacturerStrDescriptor
                0x0800d324       0x28 ./USB_DEVICE/App/usbd_desc.o
                0x0800d324                USBD_FS_ManufacturerStrDescriptor
 .text.USBD_FS_SerialStrDescriptor
                0x0800d34c       0x24 ./USB_DEVICE/App/usbd_desc.o
                0x0800d34c                USBD_FS_SerialStrDescriptor
 .text.USBD_FS_ConfigStrDescriptor
                0x0800d370       0x3c ./USB_DEVICE/App/usbd_desc.o
                0x0800d370                USBD_FS_ConfigStrDescriptor
 .text.USBD_FS_InterfaceStrDescriptor
                0x0800d3ac       0x3c ./USB_DEVICE/App/usbd_desc.o
                0x0800d3ac                USBD_FS_InterfaceStrDescriptor
 .text.Get_SerialNum
                0x0800d3e8       0x58 ./USB_DEVICE/App/usbd_desc.o
 .text.IntToUnicode
                0x0800d440       0x7e ./USB_DEVICE/App/usbd_desc.o
 *fill*         0x0800d4be        0x2 
 .text.HAL_PCD_MspInit
                0x0800d4c0       0xa8 ./USB_DEVICE/Target/usbd_conf.o
                0x0800d4c0                HAL_PCD_MspInit
 .text.HAL_PCD_SetupStageCallback
                0x0800d568       0x24 ./USB_DEVICE/Target/usbd_conf.o
                0x0800d568                HAL_PCD_SetupStageCallback
 .text.HAL_PCD_DataOutStageCallback
                0x0800d58c       0x36 ./USB_DEVICE/Target/usbd_conf.o
                0x0800d58c                HAL_PCD_DataOutStageCallback
 .text.HAL_PCD_DataInStageCallback
                0x0800d5c2       0x34 ./USB_DEVICE/Target/usbd_conf.o
                0x0800d5c2                HAL_PCD_DataInStageCallback
 .text.HAL_PCD_SOFCallback
                0x0800d5f6       0x1c ./USB_DEVICE/Target/usbd_conf.o
                0x0800d5f6                HAL_PCD_SOFCallback
 .text.HAL_PCD_ResetCallback
                0x0800d612       0x3c ./USB_DEVICE/Target/usbd_conf.o
                0x0800d612                HAL_PCD_ResetCallback
 *fill*         0x0800d64e        0x2 
 .text.HAL_PCD_SuspendCallback
                0x0800d650       0x4c ./USB_DEVICE/Target/usbd_conf.o
                0x0800d650                HAL_PCD_SuspendCallback
 .text.HAL_PCD_ResumeCallback
                0x0800d69c       0x1c ./USB_DEVICE/Target/usbd_conf.o
                0x0800d69c                HAL_PCD_ResumeCallback
 .text.HAL_PCD_ISOOUTIncompleteCallback
                0x0800d6b8       0x24 ./USB_DEVICE/Target/usbd_conf.o
                0x0800d6b8                HAL_PCD_ISOOUTIncompleteCallback
 .text.HAL_PCD_ISOINIncompleteCallback
                0x0800d6dc       0x24 ./USB_DEVICE/Target/usbd_conf.o
                0x0800d6dc                HAL_PCD_ISOINIncompleteCallback
 .text.HAL_PCD_ConnectCallback
                0x0800d700       0x1c ./USB_DEVICE/Target/usbd_conf.o
                0x0800d700                HAL_PCD_ConnectCallback
 .text.HAL_PCD_DisconnectCallback
                0x0800d71c       0x1c ./USB_DEVICE/Target/usbd_conf.o
                0x0800d71c                HAL_PCD_DisconnectCallback
 .text.USBD_LL_Init
                0x0800d738       0x98 ./USB_DEVICE/Target/usbd_conf.o
                0x0800d738                USBD_LL_Init
 .text.USBD_LL_Start
                0x0800d7d0       0x36 ./USB_DEVICE/Target/usbd_conf.o
                0x0800d7d0                USBD_LL_Start
 .text.USBD_LL_OpenEP
                0x0800d806       0x4c ./USB_DEVICE/Target/usbd_conf.o
                0x0800d806                USBD_LL_OpenEP
 .text.USBD_LL_CloseEP
                0x0800d852       0x3e ./USB_DEVICE/Target/usbd_conf.o
                0x0800d852                USBD_LL_CloseEP
 .text.USBD_LL_StallEP
                0x0800d890       0x3e ./USB_DEVICE/Target/usbd_conf.o
                0x0800d890                USBD_LL_StallEP
 .text.USBD_LL_ClearStallEP
                0x0800d8ce       0x3e ./USB_DEVICE/Target/usbd_conf.o
                0x0800d8ce                USBD_LL_ClearStallEP
 .text.USBD_LL_IsStallEP
                0x0800d90c       0x58 ./USB_DEVICE/Target/usbd_conf.o
                0x0800d90c                USBD_LL_IsStallEP
 .text.USBD_LL_SetUSBAddress
                0x0800d964       0x3e ./USB_DEVICE/Target/usbd_conf.o
                0x0800d964                USBD_LL_SetUSBAddress
 .text.USBD_LL_Transmit
                0x0800d9a2       0x42 ./USB_DEVICE/Target/usbd_conf.o
                0x0800d9a2                USBD_LL_Transmit
 .text.USBD_LL_PrepareReceive
                0x0800d9e4       0x42 ./USB_DEVICE/Target/usbd_conf.o
                0x0800d9e4                USBD_LL_PrepareReceive
 .text.USBD_LL_GetRxDataSize
                0x0800da26       0x26 ./USB_DEVICE/Target/usbd_conf.o
                0x0800da26                USBD_LL_GetRxDataSize
 .text.USBD_static_malloc
                0x0800da4c       0x1c ./USB_DEVICE/Target/usbd_conf.o
                0x0800da4c                USBD_static_malloc
 .text.USBD_static_free
                0x0800da68       0x14 ./USB_DEVICE/Target/usbd_conf.o
                0x0800da68                USBD_static_free
 .text.USBD_Get_USB_Status
                0x0800da7c       0x58 ./USB_DEVICE/Target/usbd_conf.o
                0x0800da7c                USBD_Get_USB_Status
 .text.memset   0x0800dad4       0x10 C:/ST/STM32CubeIDE_1.18.1/STM32CubeIDE/plugins/com.st.stm32cube.ide.mcu.externaltools.gnu-tools-for-stm32.13.3.rel1.win32_1.0.0.202411081344/tools/bin/../lib/gcc/arm-none-eabi/13.3.1/../../../../arm-none-eabi/lib/thumb/v7e-m+fp/hard\libc_nano.a(libc_a-memset.o)
                0x0800dad4                memset
 .text.__libc_init_array
                0x0800dae4       0x48 C:/ST/STM32CubeIDE_1.18.1/STM32CubeIDE/plugins/com.st.stm32cube.ide.mcu.externaltools.gnu-tools-for-stm32.13.3.rel1.win32_1.0.0.202411081344/tools/bin/../lib/gcc/arm-none-eabi/13.3.1/../../../../arm-none-eabi/lib/thumb/v7e-m+fp/hard\libc_nano.a(libc_a-init.o)
                0x0800dae4                __libc_init_array
 *(.glue_7)
 .glue_7        0x0800db2c        0x0 linker stubs
 *(.glue_7t)
 .glue_7t       0x0800db2c        0x0 linker stubs
 *(.eh_frame)
 .eh_frame      0x0800db2c        0x0 C:/ST/STM32CubeIDE_1.18.1/STM32CubeIDE/plugins/com.st.stm32cube.ide.mcu.externaltools.gnu-tools-for-stm32.13.3.rel1.win32_1.0.0.202411081344/tools/bin/../lib/gcc/arm-none-eabi/13.3.1/thumb/v7e-m+fp/hard/crtbegin.o
 *(.init)
 .init          0x0800db2c        0x4 C:/ST/STM32CubeIDE_1.18.1/STM32CubeIDE/plugins/com.st.stm32cube.ide.mcu.externaltools.gnu-tools-for-stm32.13.3.rel1.win32_1.0.0.202411081344/tools/bin/../lib/gcc/arm-none-eabi/13.3.1/thumb/v7e-m+fp/hard/crti.o
                0x0800db2c                _init
 .init          0x0800db30        0x8 C:/ST/STM32CubeIDE_1.18.1/STM32CubeIDE/plugins/com.st.stm32cube.ide.mcu.externaltools.gnu-tools-for-stm32.13.3.rel1.win32_1.0.0.202411081344/tools/bin/../lib/gcc/arm-none-eabi/13.3.1/thumb/v7e-m+fp/hard/crtn.o
 *(.fini)
 .fini          0x0800db38        0x4 C:/ST/STM32CubeIDE_1.18.1/STM32CubeIDE/plugins/com.st.stm32cube.ide.mcu.externaltools.gnu-tools-for-stm32.13.3.rel1.win32_1.0.0.202411081344/tools/bin/../lib/gcc/arm-none-eabi/13.3.1/thumb/v7e-m+fp/hard/crti.o
                0x0800db38                _fini
 .fini          0x0800db3c        0x8 C:/ST/STM32CubeIDE_1.18.1/STM32CubeIDE/plugins/com.st.stm32cube.ide.mcu.externaltools.gnu-tools-for-stm32.13.3.rel1.win32_1.0.0.202411081344/tools/bin/../lib/gcc/arm-none-eabi/13.3.1/thumb/v7e-m+fp/hard/crtn.o
                0x0800db44                        . = ALIGN (0x4)
                0x0800db44                        _etext = .

.vfp11_veneer   0x0800db44        0x0
 .vfp11_veneer  0x0800db44        0x0 linker stubs

.v4_bx          0x0800db44        0x0
 .v4_bx         0x0800db44        0x0 linker stubs

.iplt           0x0800db44        0x0
 .iplt          0x0800db44        0x0 C:/ST/STM32CubeIDE_1.18.1/STM32CubeIDE/plugins/com.st.stm32cube.ide.mcu.externaltools.gnu-tools-for-stm32.13.3.rel1.win32_1.0.0.202411081344/tools/bin/../lib/gcc/arm-none-eabi/13.3.1/thumb/v7e-m+fp/hard/crtbegin.o

.rodata         0x0800db44       0x78
                0x0800db44                        . = ALIGN (0x4)
 *(.rodata)
 .rodata        0x0800db44       0x46 ./USB_DEVICE/App/usbd_desc.o
 *(.rodata*)
 *fill*         0x0800db8a        0x2 
 .rodata.firmware
                0x0800db8c        0xd ./Core/Src/main.o
                0x0800db8c                firmware
 *fill*         0x0800db99        0x3 
 .rodata.AHBPrescTable
                0x0800db9c       0x10 ./Core/Src/system_stm32f4xx.o
                0x0800db9c                AHBPrescTable
 .rodata.APBPrescTable
                0x0800dbac        0x8 ./Core/Src/system_stm32f4xx.o
                0x0800dbac                APBPrescTable
 .rodata.flagBitshiftOffset.0
                0x0800dbb4        0x8 ./Drivers/STM32F4xx_HAL_Driver/Src/stm32f4xx_hal_dma.o
                0x0800dbbc                        . = ALIGN (0x4)

.ARM.extab      0x0800dbbc        0x0
                0x0800dbbc                        . = ALIGN (0x4)
 *(.ARM.extab* .gnu.linkonce.armextab.*)
                0x0800dbbc                        . = ALIGN (0x4)

.ARM            0x0800dbbc        0x8
                0x0800dbbc                        . = ALIGN (0x4)
                0x0800dbbc                        __exidx_start = .
 *(.ARM.exidx*)
 .ARM.exidx     0x0800dbbc        0x8 C:/ST/STM32CubeIDE_1.18.1/STM32CubeIDE/plugins/com.st.stm32cube.ide.mcu.externaltools.gnu-tools-for-stm32.13.3.rel1.win32_1.0.0.202411081344/tools/bin/../lib/gcc/arm-none-eabi/13.3.1/thumb/v7e-m+fp/hard\libgcc.a(_udivmoddi4.o)
                0x0800dbc4                        __exidx_end = .
                0x0800dbc4                        . = ALIGN (0x4)

.preinit_array  0x0800dbc4        0x0
                0x0800dbc4                        . = ALIGN (0x4)
                0x0800dbc4                        PROVIDE (__preinit_array_start = .)
 *(.preinit_array*)
                0x0800dbc4                        PROVIDE (__preinit_array_end = .)
                0x0800dbc4                        . = ALIGN (0x4)

.init_array     0x0800dbc4        0x4
                0x0800dbc4                        . = ALIGN (0x4)
                0x0800dbc4                        PROVIDE (__init_array_start = .)
 *(SORT_BY_NAME(.init_array.*))
 *(.init_array*)
 .init_array    0x0800dbc4        0x4 C:/ST/STM32CubeIDE_1.18.1/STM32CubeIDE/plugins/com.st.stm32cube.ide.mcu.externaltools.gnu-tools-for-stm32.13.3.rel1.win32_1.0.0.202411081344/tools/bin/../lib/gcc/arm-none-eabi/13.3.1/thumb/v7e-m+fp/hard/crtbegin.o
                0x0800dbc8                        PROVIDE (__init_array_end = .)
                0x0800dbc8                        . = ALIGN (0x4)

.fini_array     0x0800dbc8        0x4
                0x0800dbc8                        . = ALIGN (0x4)
                [!provide]                        PROVIDE (__fini_array_start = .)
 *(SORT_BY_NAME(.fini_array.*))
 *(.fini_array*)
 .fini_array    0x0800dbc8        0x4 C:/ST/STM32CubeIDE_1.18.1/STM32CubeIDE/plugins/com.st.stm32cube.ide.mcu.externaltools.gnu-tools-for-stm32.13.3.rel1.win32_1.0.0.202411081344/tools/bin/../lib/gcc/arm-none-eabi/13.3.1/thumb/v7e-m+fp/hard/crtbegin.o
                [!provide]                        PROVIDE (__fini_array_end = .)
                0x0800dbcc                        . = ALIGN (0x4)
                0x0800dbcc                        _sidata = LOADADDR (.data)

.rel.dyn        0x0800dbcc        0x0
 .rel.iplt      0x0800dbcc        0x0 C:/ST/STM32CubeIDE_1.18.1/STM32CubeIDE/plugins/com.st.stm32cube.ide.mcu.externaltools.gnu-tools-for-stm32.13.3.rel1.win32_1.0.0.202411081344/tools/bin/../lib/gcc/arm-none-eabi/13.3.1/thumb/v7e-m+fp/hard/crtbegin.o

.data           0x20000000      0x130 load address 0x0800dbcc
                0x20000000                        . = ALIGN (0x4)
                0x20000000                        _sdata = .
 *(.data)
 *(.data*)
 .data.heartBeatMask
                0x20000000       0x28 ./Core/Src/main.o
                0x20000000                heartBeatMask
 .data.tmo100ms
                0x20000028        0x1 ./Core/Src/main.o
                0x20000028                tmo100ms
 .data.tmo20ms  0x20000029        0x1 ./Core/Src/main.o
                0x20000029                tmo20ms
 .data.state.1  0x2000002a        0x1 ./Core/Src/mpu6050.o
 *fill*         0x2000002b        0x1 
 .data.SystemCoreClock
                0x2000002c        0x4 ./Core/Src/system_stm32f4xx.o
                0x2000002c                SystemCoreClock
 .data.uwTickPrio
                0x20000030        0x4 ./Drivers/STM32F4xx_HAL_Driver/Src/stm32f4xx_hal.o
                0x20000030                uwTickPrio
 .data.uwTickFreq
                0x20000034        0x1 ./Drivers/STM32F4xx_HAL_Driver/Src/stm32f4xx_hal.o
                0x20000034                uwTickFreq
 *fill*         0x20000035        0x3 
 .data.USBD_CDC_DeviceQualifierDesc
                0x20000038        0xa ./Middlewares/ST/STM32_USB_Device_Library/Class/CDC/Src/usbd_cdc.o
 *fill*         0x20000042        0x2 
 .data.USBD_CDC
                0x20000044       0x38 ./Middlewares/ST/STM32_USB_Device_Library/Class/CDC/Src/usbd_cdc.o
                0x20000044                USBD_CDC
 .data.USBD_CDC_CfgDesc
                0x2000007c       0x43 ./Middlewares/ST/STM32_USB_Device_Library/Class/CDC/Src/usbd_cdc.o
 .data.CDCInEpAdd
                0x200000bf        0x1 ./Middlewares/ST/STM32_USB_Device_Library/Class/CDC/Src/usbd_cdc.o
 .data.CDCOutEpAdd
                0x200000c0        0x1 ./Middlewares/ST/STM32_USB_Device_Library/Class/CDC/Src/usbd_cdc.o
 .data.CDCCmdEpAdd
                0x200000c1        0x1 ./Middlewares/ST/STM32_USB_Device_Library/Class/CDC/Src/usbd_cdc.o
 *fill*         0x200000c2        0x2 
 .data.LineCoding
                0x200000c4        0x8 ./USB_DEVICE/App/usbd_cdc_if.o
                0x200000c4                LineCoding
 .data.USBD_Interface_fops_FS
                0x200000cc       0x14 ./USB_DEVICE/App/usbd_cdc_if.o
                0x200000cc                USBD_Interface_fops_FS
 .data.FS_Desc  0x200000e0       0x1c ./USB_DEVICE/App/usbd_desc.o
                0x200000e0                FS_Desc
 .data.USBD_FS_DeviceDesc
                0x200000fc       0x12 ./USB_DEVICE/App/usbd_desc.o
                0x200000fc                USBD_FS_DeviceDesc
 *fill*         0x2000010e        0x2 
 .data.USBD_LangIDDesc
                0x20000110        0x4 ./USB_DEVICE/App/usbd_desc.o
                0x20000110                USBD_LangIDDesc
 .data.USBD_StringSerial
                0x20000114       0x1a ./USB_DEVICE/App/usbd_desc.o
                0x20000114                USBD_StringSerial
 *(.RamFunc)
 *(.RamFunc*)
                0x20000130                        . = ALIGN (0x4)
 *fill*         0x2000012e        0x2 
                0x20000130                        _edata = .

.igot.plt       0x20000130        0x0 load address 0x0800dcfc
 .igot.plt      0x20000130        0x0 C:/ST/STM32CubeIDE_1.18.1/STM32CubeIDE/plugins/com.st.stm32cube.ide.mcu.externaltools.gnu-tools-for-stm32.13.3.rel1.win32_1.0.0.202411081344/tools/bin/../lib/gcc/arm-none-eabi/13.3.1/thumb/v7e-m+fp/hard/crtbegin.o
                0x20000130                        . = ALIGN (0x4)

.bss            0x20000130     0x1944 load address 0x0800dcfc
                0x20000130                        _sbss = .
                0x20000130                        __bss_start__ = _sbss
 *(.bss)
 .bss           0x20000130       0x1c C:/ST/STM32CubeIDE_1.18.1/STM32CubeIDE/plugins/com.st.stm32cube.ide.mcu.externaltools.gnu-tools-for-stm32.13.3.rel1.win32_1.0.0.202411081344/tools/bin/../lib/gcc/arm-none-eabi/13.3.1/thumb/v7e-m+fp/hard/crtbegin.o
 *(.bss*)
 .bss.hadc1     0x2000014c       0x48 ./Core/Src/main.o
                0x2000014c                hadc1
 .bss.hdma_adc1
                0x20000194       0x60 ./Core/Src/main.o
                0x20000194                hdma_adc1
 .bss.hi2c1     0x200001f4       0x54 ./Core/Src/main.o
                0x200001f4                hi2c1
 .bss.hdma_i2c1_rx
                0x20000248       0x60 ./Core/Src/main.o
                0x20000248                hdma_i2c1_rx
 .bss.hdma_i2c1_tx
                0x200002a8       0x60 ./Core/Src/main.o
                0x200002a8                hdma_i2c1_tx
 .bss.htim1     0x20000308       0x48 ./Core/Src/main.o
                0x20000308                htim1
 .bss.htim2     0x20000350       0x48 ./Core/Src/main.o
                0x20000350                htim2
 .bss.htim3     0x20000398       0x48 ./Core/Src/main.o
                0x20000398                htim3
 .bss.time10ms  0x200003e0        0x1 ./Core/Src/main.o
                0x200003e0                time10ms
 *fill*         0x200003e1        0x3 
 .bss.adcData   0x200003e4       0x10 ./Core/Src/main.o
                0x200003e4                adcData
 .bss.adcDataTx
                0x200003f4       0x10 ./Core/Src/main.o
                0x200003f4                adcDataTx
 .bss.USBTx     0x20000404        0xc ./Core/Src/main.o
                0x20000404                USBTx
 .bss.USBRx     0x20000410        0xc ./Core/Src/main.o
                0x20000410                USBRx
 .bss.buffUSBTx
                0x2000041c      0x100 ./Core/Src/main.o
                0x2000041c                buffUSBTx
 .bss.buffUSBRx
                0x2000051c      0x100 ./Core/Src/main.o
                0x2000051c                buffUSBRx
 .bss.myWord    0x2000061c        0x4 ./Core/Src/main.o
                0x2000061c                myWord
 .bss.myFlags   0x20000620        0x1 ./Core/Src/main.o
                0x20000620                myFlags
 .bss.ssd1306_TxCplt
                0x20000621        0x1 ./Core/Src/main.o
                0x20000621                ssd1306_TxCplt
 .bss.mpu6050_RxCplt
                0x20000622        0x1 ./Core/Src/main.o
                0x20000622                mpu6050_RxCplt
 *fill*         0x20000623        0x1 
 .bss.ax        0x20000624        0x2 ./Core/Src/main.o
                0x20000624                ax
 .bss.ay        0x20000626        0x2 ./Core/Src/main.o
                0x20000626                ay
 .bss.az        0x20000628        0x2 ./Core/Src/main.o
                0x20000628                az
 .bss.gx        0x2000062a        0x2 ./Core/Src/main.o
                0x2000062a                gx
 .bss.gy        0x2000062c        0x2 ./Core/Src/main.o
                0x2000062c                gy
 .bss.gz        0x2000062e        0x2 ./Core/Src/main.o
                0x2000062e                gz
 .bss.times.1   0x20000630        0x1 ./Core/Src/main.o
 *fill*         0x20000631        0x3 
 .bss.mpu6050_RxCplt
                0x20000634        0x4 ./Core/Src/mpu6050.o
 .bss.memWrite  0x20000638        0x4 ./Core/Src/mpu6050.o
 .bss.memReadDMA
                0x2000063c        0x4 ./Core/Src/mpu6050.o
 .bss.ax_real   0x20000640        0x2 ./Core/Src/mpu6050.o
                0x20000640                ax_real
 .bss.ay_real   0x20000642        0x2 ./Core/Src/mpu6050.o
                0x20000642                ay_real
 .bss.az_real   0x20000644        0x2 ./Core/Src/mpu6050.o
                0x20000644                az_real
 .bss.gx_real   0x20000646        0x2 ./Core/Src/mpu6050.o
                0x20000646                gx_real
 .bss.gy_real   0x20000648        0x2 ./Core/Src/mpu6050.o
                0x20000648                gy_real
 .bss.gz_real   0x2000064a        0x2 ./Core/Src/mpu6050.o
                0x2000064a                gz_real
 .bss.ax        0x2000064c        0x4 ./Core/Src/mpu6050.o
 .bss.ay        0x20000650        0x4 ./Core/Src/mpu6050.o
 .bss.az        0x20000654        0x4 ./Core/Src/mpu6050.o
 .bss.gx        0x20000658        0x4 ./Core/Src/mpu6050.o
 .bss.gy        0x2000065c        0x4 ./Core/Src/mpu6050.o
 .bss.gz        0x20000660        0x4 ./Core/Src/mpu6050.o
 .bss.Rec_Data.0
                0x20000664        0xe ./Core/Src/mpu6050.o
 *fill*         0x20000672        0x2 
 .bss.SSD1306_TxCplt
                0x20000674        0x4 ./Core/Src/ssd1306.o
 .bss.memWrite  0x20000678        0x4 ./Core/Src/ssd1306.o
 .bss.memWriteDMA
                0x2000067c        0x4 ./Core/Src/ssd1306.o
 .bss.SSD1306_Buffer
                0x20000680      0x400 ./Core/Src/ssd1306.o
 .bss.SSD1306   0x20000a80        0x6 ./Core/Src/ssd1306.o
 .bss.header.0  0x20000a86        0x1 ./Core/Src/unerPrtcl.o
 *fill*         0x20000a87        0x1 
 .bss.uwTick    0x20000a88        0x4 ./Drivers/STM32F4xx_HAL_Driver/Src/stm32f4xx_hal.o
                0x20000a88                uwTick
 .bss.cfgidx.0  0x20000a8c        0x1 ./Middlewares/ST/STM32_USB_Device_Library/Core/Src/usbd_ctlreq.o
 *fill*         0x20000a8d        0x3 
 .bss.hUsbDeviceFS
                0x20000a90      0x2dc ./USB_DEVICE/App/usb_device.o
                0x20000a90                hUsbDeviceFS
 .bss.UserRxBufferFS
                0x20000d6c      0x200 ./USB_DEVICE/App/usbd_cdc_if.o
                0x20000d6c                UserRxBufferFS
 .bss.UserTxBufferFS
                0x20000f6c      0x200 ./USB_DEVICE/App/usbd_cdc_if.o
                0x20000f6c                UserTxBufferFS
 .bss.MyPtrRx   0x2000116c        0x4 ./USB_DEVICE/App/usbd_cdc_if.o
 .bss.USBD_StrDesc
                0x20001170      0x200 ./USB_DEVICE/App/usbd_desc.o
                0x20001170                USBD_StrDesc
 .bss.hpcd_USB_OTG_FS
                0x20001370      0x4e4 ./USB_DEVICE/Target/usbd_conf.o
                0x20001370                hpcd_USB_OTG_FS
 .bss.mem.0     0x20001854      0x220 ./USB_DEVICE/Target/usbd_conf.o
 *(COMMON)
                0x20001a74                        . = ALIGN (0x4)
                0x20001a74                        _ebss = .
                0x20001a74                        __bss_end__ = _ebss

._user_heap_stack
                0x20001a74      0x604 load address 0x0800dcfc
                0x20001a78                        . = ALIGN (0x8)
 *fill*         0x20001a74        0x4 
                [!provide]                        PROVIDE (end = .)
                0x20001a78                        PROVIDE (_end = .)
                0x20001c78                        . = (. + _Min_Heap_Size)
 *fill*         0x20001a78      0x200 
                0x20002078                        . = (. + _Min_Stack_Size)
 *fill*         0x20001c78      0x400 
                0x20002078                        . = ALIGN (0x8)

/DISCARD/
 libc.a(*)
 libm.a(*)
 libgcc.a(*)

.ARM.attributes
                0x00000000       0x30
 *(.ARM.attributes)
 .ARM.attributes
                0x00000000       0x22 C:/ST/STM32CubeIDE_1.18.1/STM32CubeIDE/plugins/com.st.stm32cube.ide.mcu.externaltools.gnu-tools-for-stm32.13.3.rel1.win32_1.0.0.202411081344/tools/bin/../lib/gcc/arm-none-eabi/13.3.1/thumb/v7e-m+fp/hard/crti.o
 .ARM.attributes
                0x00000022       0x34 C:/ST/STM32CubeIDE_1.18.1/STM32CubeIDE/plugins/com.st.stm32cube.ide.mcu.externaltools.gnu-tools-for-stm32.13.3.rel1.win32_1.0.0.202411081344/tools/bin/../lib/gcc/arm-none-eabi/13.3.1/thumb/v7e-m+fp/hard/crtbegin.o
 .ARM.attributes
                0x00000056       0x34 ./Core/Src/main.o
 .ARM.attributes
                0x0000008a       0x34 ./Core/Src/mpu6050.o
 .ARM.attributes
                0x000000be       0x34 ./Core/Src/ssd1306.o
 .ARM.attributes
                0x000000f2       0x34 ./Core/Src/stm32f4xx_hal_msp.o
 .ARM.attributes
                0x00000126       0x34 ./Core/Src/stm32f4xx_it.o
 .ARM.attributes
                0x0000015a       0x34 ./Core/Src/system_stm32f4xx.o
 .ARM.attributes
                0x0000018e       0x34 ./Core/Src/unerPrtcl.o
 .ARM.attributes
                0x000001c2       0x21 ./Core/Startup/startup_stm32f411ceux.o
 .ARM.attributes
                0x000001e3       0x34 ./Drivers/STM32F4xx_HAL_Driver/Src/stm32f4xx_hal.o
 .ARM.attributes
                0x00000217       0x34 ./Drivers/STM32F4xx_HAL_Driver/Src/stm32f4xx_hal_adc.o
 .ARM.attributes
                0x0000024b       0x34 ./Drivers/STM32F4xx_HAL_Driver/Src/stm32f4xx_hal_adc_ex.o
 .ARM.attributes
                0x0000027f       0x34 ./Drivers/STM32F4xx_HAL_Driver/Src/stm32f4xx_hal_cortex.o
 .ARM.attributes
                0x000002b3       0x34 ./Drivers/STM32F4xx_HAL_Driver/Src/stm32f4xx_hal_dma.o
 .ARM.attributes
                0x000002e7       0x34 ./Drivers/STM32F4xx_HAL_Driver/Src/stm32f4xx_hal_gpio.o
 .ARM.attributes
                0x0000031b       0x34 ./Drivers/STM32F4xx_HAL_Driver/Src/stm32f4xx_hal_i2c.o
 .ARM.attributes
                0x0000034f       0x34 ./Drivers/STM32F4xx_HAL_Driver/Src/stm32f4xx_hal_pcd.o
 .ARM.attributes
                0x00000383       0x34 ./Drivers/STM32F4xx_HAL_Driver/Src/stm32f4xx_hal_pcd_ex.o
 .ARM.attributes
                0x000003b7       0x34 ./Drivers/STM32F4xx_HAL_Driver/Src/stm32f4xx_hal_rcc.o
 .ARM.attributes
                0x000003eb       0x34 ./Drivers/STM32F4xx_HAL_Driver/Src/stm32f4xx_hal_tim.o
 .ARM.attributes
                0x0000041f       0x34 ./Drivers/STM32F4xx_HAL_Driver/Src/stm32f4xx_hal_tim_ex.o
 .ARM.attributes
                0x00000453       0x34 ./Drivers/STM32F4xx_HAL_Driver/Src/stm32f4xx_ll_usb.o
 .ARM.attributes
                0x00000487       0x34 ./Middlewares/ST/STM32_USB_Device_Library/Class/CDC/Src/usbd_cdc.o
 .ARM.attributes
                0x000004bb       0x34 ./Middlewares/ST/STM32_USB_Device_Library/Core/Src/usbd_core.o
 .ARM.attributes
                0x000004ef       0x34 ./Middlewares/ST/STM32_USB_Device_Library/Core/Src/usbd_ctlreq.o
 .ARM.attributes
                0x00000523       0x34 ./Middlewares/ST/STM32_USB_Device_Library/Core/Src/usbd_ioreq.o
 .ARM.attributes
                0x00000557       0x34 ./USB_DEVICE/App/usb_device.o
 .ARM.attributes
                0x0000058b       0x34 ./USB_DEVICE/App/usbd_cdc_if.o
 .ARM.attributes
                0x000005bf       0x34 ./USB_DEVICE/App/usbd_desc.o
 .ARM.attributes
                0x000005f3       0x34 ./USB_DEVICE/Target/usbd_conf.o
 .ARM.attributes
                0x00000627       0x34 C:/ST/STM32CubeIDE_1.18.1/STM32CubeIDE/plugins/com.st.stm32cube.ide.mcu.externaltools.gnu-tools-for-stm32.13.3.rel1.win32_1.0.0.202411081344/tools/bin/../lib/gcc/arm-none-eabi/13.3.1/../../../../arm-none-eabi/lib/thumb/v7e-m+fp/hard\libc_nano.a(libc_a-memset.o)
 .ARM.attributes
                0x0000065b       0x34 C:/ST/STM32CubeIDE_1.18.1/STM32CubeIDE/plugins/com.st.stm32cube.ide.mcu.externaltools.gnu-tools-for-stm32.13.3.rel1.win32_1.0.0.202411081344/tools/bin/../lib/gcc/arm-none-eabi/13.3.1/../../../../arm-none-eabi/lib/thumb/v7e-m+fp/hard\libc_nano.a(libc_a-init.o)
 .ARM.attributes
                0x0000068f       0x22 C:/ST/STM32CubeIDE_1.18.1/STM32CubeIDE/plugins/com.st.stm32cube.ide.mcu.externaltools.gnu-tools-for-stm32.13.3.rel1.win32_1.0.0.202411081344/tools/bin/../lib/gcc/arm-none-eabi/13.3.1/thumb/v7e-m+fp/hard\libgcc.a(_arm_addsubdf3.o)
 .ARM.attributes
                0x000006b1       0x22 C:/ST/STM32CubeIDE_1.18.1/STM32CubeIDE/plugins/com.st.stm32cube.ide.mcu.externaltools.gnu-tools-for-stm32.13.3.rel1.win32_1.0.0.202411081344/tools/bin/../lib/gcc/arm-none-eabi/13.3.1/thumb/v7e-m+fp/hard\libgcc.a(_arm_muldivdf3.o)
 .ARM.attributes
                0x000006d3       0x22 C:/ST/STM32CubeIDE_1.18.1/STM32CubeIDE/plugins/com.st.stm32cube.ide.mcu.externaltools.gnu-tools-for-stm32.13.3.rel1.win32_1.0.0.202411081344/tools/bin/../lib/gcc/arm-none-eabi/13.3.1/thumb/v7e-m+fp/hard\libgcc.a(_arm_fixdfsi.o)
 .ARM.attributes
                0x000006f5       0x22 C:/ST/STM32CubeIDE_1.18.1/STM32CubeIDE/plugins/com.st.stm32cube.ide.mcu.externaltools.gnu-tools-for-stm32.13.3.rel1.win32_1.0.0.202411081344/tools/bin/../lib/gcc/arm-none-eabi/13.3.1/thumb/v7e-m+fp/hard\libgcc.a(_aeabi_uldivmod.o)
 .ARM.attributes
                0x00000717       0x34 C:/ST/STM32CubeIDE_1.18.1/STM32CubeIDE/plugins/com.st.stm32cube.ide.mcu.externaltools.gnu-tools-for-stm32.13.3.rel1.win32_1.0.0.202411081344/tools/bin/../lib/gcc/arm-none-eabi/13.3.1/thumb/v7e-m+fp/hard\libgcc.a(_udivmoddi4.o)
 .ARM.attributes
                0x0000074b       0x22 C:/ST/STM32CubeIDE_1.18.1/STM32CubeIDE/plugins/com.st.stm32cube.ide.mcu.externaltools.gnu-tools-for-stm32.13.3.rel1.win32_1.0.0.202411081344/tools/bin/../lib/gcc/arm-none-eabi/13.3.1/thumb/v7e-m+fp/hard\libgcc.a(_dvmd_tls.o)
 .ARM.attributes
                0x0000076d       0x22 C:/ST/STM32CubeIDE_1.18.1/STM32CubeIDE/plugins/com.st.stm32cube.ide.mcu.externaltools.gnu-tools-for-stm32.13.3.rel1.win32_1.0.0.202411081344/tools/bin/../lib/gcc/arm-none-eabi/13.3.1/thumb/v7e-m+fp/hard/crtn.o
OUTPUT(firmware.elf elf32-littlearm)
LOAD linker stubs
LOAD C:/ST/STM32CubeIDE_1.18.1/STM32CubeIDE/plugins/com.st.stm32cube.ide.mcu.externaltools.gnu-tools-for-stm32.13.3.rel1.win32_1.0.0.202411081344/tools/bin/../lib/gcc/arm-none-eabi/13.3.1/../../../../arm-none-eabi/lib/thumb/v7e-m+fp/hard\libc.a
LOAD C:/ST/STM32CubeIDE_1.18.1/STM32CubeIDE/plugins/com.st.stm32cube.ide.mcu.externaltools.gnu-tools-for-stm32.13.3.rel1.win32_1.0.0.202411081344/tools/bin/../lib/gcc/arm-none-eabi/13.3.1/../../../../arm-none-eabi/lib/thumb/v7e-m+fp/hard\libm.a
LOAD C:/ST/STM32CubeIDE_1.18.1/STM32CubeIDE/plugins/com.st.stm32cube.ide.mcu.externaltools.gnu-tools-for-stm32.13.3.rel1.win32_1.0.0.202411081344/tools/bin/../lib/gcc/arm-none-eabi/13.3.1/thumb/v7e-m+fp/hard\libgcc.a

.debug_info     0x00000000    0x1a660
 .debug_info    0x00000000     0x2330 ./Core/Src/main.o
 .debug_info    0x00002330      0x399 ./Core/Src/mpu6050.o
 .debug_info    0x000026c9      0xe5e ./Core/Src/ssd1306.o
 .debug_info    0x00003527     0x12cc ./Core/Src/stm32f4xx_hal_msp.o
 .debug_info    0x000047f3     0x1216 ./Core/Src/stm32f4xx_it.o
 .debug_info    0x00005a09      0x53e ./Core/Src/system_stm32f4xx.o
 .debug_info    0x00005f47      0x343 ./Core/Src/unerPrtcl.o
 .debug_info    0x0000628a       0x30 ./Core/Startup/startup_stm32f411ceux.o
 .debug_info    0x000062ba      0x8c4 ./Drivers/STM32F4xx_HAL_Driver/Src/stm32f4xx_hal.o
 .debug_info    0x00006b7e      0xce0 ./Drivers/STM32F4xx_HAL_Driver/Src/stm32f4xx_hal_adc.o
 .debug_info    0x0000785e      0xb65 ./Drivers/STM32F4xx_HAL_Driver/Src/stm32f4xx_hal_adc_ex.o
 .debug_info    0x000083c3      0xcfc ./Drivers/STM32F4xx_HAL_Driver/Src/stm32f4xx_hal_cortex.o
 .debug_info    0x000090bf      0x8e6 ./Drivers/STM32F4xx_HAL_Driver/Src/stm32f4xx_hal_dma.o
 .debug_info    0x000099a5      0x6f9 ./Drivers/STM32F4xx_HAL_Driver/Src/stm32f4xx_hal_gpio.o
 .debug_info    0x0000a09e     0x2426 ./Drivers/STM32F4xx_HAL_Driver/Src/stm32f4xx_hal_i2c.o
 .debug_info    0x0000c4c4     0x1577 ./Drivers/STM32F4xx_HAL_Driver/Src/stm32f4xx_hal_pcd.o
 .debug_info    0x0000da3b      0x6ea ./Drivers/STM32F4xx_HAL_Driver/Src/stm32f4xx_hal_pcd_ex.o
 .debug_info    0x0000e125      0x904 ./Drivers/STM32F4xx_HAL_Driver/Src/stm32f4xx_hal_rcc.o
 .debug_info    0x0000ea29     0x2996 ./Drivers/STM32F4xx_HAL_Driver/Src/stm32f4xx_hal_tim.o
 .debug_info    0x000113bf     0x14d4 ./Drivers/STM32F4xx_HAL_Driver/Src/stm32f4xx_hal_tim_ex.o
 .debug_info    0x00012893     0x1993 ./Drivers/STM32F4xx_HAL_Driver/Src/stm32f4xx_ll_usb.o
 .debug_info    0x00014226     0x12b1 ./Middlewares/ST/STM32_USB_Device_Library/Class/CDC/Src/usbd_cdc.o
 .debug_info    0x000154d7      0xe12 ./Middlewares/ST/STM32_USB_Device_Library/Core/Src/usbd_core.o
 .debug_info    0x000162e9      0xaeb ./Middlewares/ST/STM32_USB_Device_Library/Core/Src/usbd_ctlreq.o
 .debug_info    0x00016dd4      0x762 ./Middlewares/ST/STM32_USB_Device_Library/Core/Src/usbd_ioreq.o
 .debug_info    0x00017536      0x70e ./USB_DEVICE/App/usb_device.o
 .debug_info    0x00017c44      0x9b1 ./USB_DEVICE/App/usbd_cdc_if.o
 .debug_info    0x000185f5      0x458 ./USB_DEVICE/App/usbd_desc.o
 .debug_info    0x00018a4d     0x1c13 ./USB_DEVICE/Target/usbd_conf.o

.debug_abbrev   0x00000000     0x41c1
 .debug_abbrev  0x00000000      0x455 ./Core/Src/main.o
 .debug_abbrev  0x00000455      0x125 ./Core/Src/mpu6050.o
 .debug_abbrev  0x0000057a      0x2f7 ./Core/Src/ssd1306.o
 .debug_abbrev  0x00000871      0x259 ./Core/Src/stm32f4xx_hal_msp.o
 .debug_abbrev  0x00000aca      0x203 ./Core/Src/stm32f4xx_it.o
 .debug_abbrev  0x00000ccd      0x11a ./Core/Src/system_stm32f4xx.o
 .debug_abbrev  0x00000de7      0x15d ./Core/Src/unerPrtcl.o
 .debug_abbrev  0x00000f44       0x24 ./Core/Startup/startup_stm32f411ceux.o
 .debug_abbrev  0x00000f68      0x24b ./Drivers/STM32F4xx_HAL_Driver/Src/stm32f4xx_hal.o
 .debug_abbrev  0x000011b3      0x20e ./Drivers/STM32F4xx_HAL_Driver/Src/stm32f4xx_hal_adc.o
 .debug_abbrev  0x000013c1      0x22c ./Drivers/STM32F4xx_HAL_Driver/Src/stm32f4xx_hal_adc_ex.o
 .debug_abbrev  0x000015ed      0x31d ./Drivers/STM32F4xx_HAL_Driver/Src/stm32f4xx_hal_cortex.o
 .debug_abbrev  0x0000190a      0x221 ./Drivers/STM32F4xx_HAL_Driver/Src/stm32f4xx_hal_dma.o
 .debug_abbrev  0x00001b2b      0x1d3 ./Drivers/STM32F4xx_HAL_Driver/Src/stm32f4xx_hal_gpio.o
 .debug_abbrev  0x00001cfe      0x2bc ./Drivers/STM32F4xx_HAL_Driver/Src/stm32f4xx_hal_i2c.o
 .debug_abbrev  0x00001fba      0x2b6 ./Drivers/STM32F4xx_HAL_Driver/Src/stm32f4xx_hal_pcd.o
 .debug_abbrev  0x00002270      0x1da ./Drivers/STM32F4xx_HAL_Driver/Src/stm32f4xx_hal_pcd_ex.o
 .debug_abbrev  0x0000244a      0x2b6 ./Drivers/STM32F4xx_HAL_Driver/Src/stm32f4xx_hal_rcc.o
 .debug_abbrev  0x00002700      0x28b ./Drivers/STM32F4xx_HAL_Driver/Src/stm32f4xx_hal_tim.o
 .debug_abbrev  0x0000298b      0x296 ./Drivers/STM32F4xx_HAL_Driver/Src/stm32f4xx_hal_tim_ex.o
 .debug_abbrev  0x00002c21      0x2b3 ./Drivers/STM32F4xx_HAL_Driver/Src/stm32f4xx_ll_usb.o
 .debug_abbrev  0x00002ed4      0x2d2 ./Middlewares/ST/STM32_USB_Device_Library/Class/CDC/Src/usbd_cdc.o
 .debug_abbrev  0x000031a6      0x27c ./Middlewares/ST/STM32_USB_Device_Library/Core/Src/usbd_core.o
 .debug_abbrev  0x00003422      0x26f ./Middlewares/ST/STM32_USB_Device_Library/Core/Src/usbd_ctlreq.o
 .debug_abbrev  0x00003691      0x19a ./Middlewares/ST/STM32_USB_Device_Library/Core/Src/usbd_ioreq.o
 .debug_abbrev  0x0000382b      0x195 ./USB_DEVICE/App/usb_device.o
 .debug_abbrev  0x000039c0      0x2e1 ./USB_DEVICE/App/usbd_cdc_if.o
 .debug_abbrev  0x00003ca1      0x1e1 ./USB_DEVICE/App/usbd_desc.o
 .debug_abbrev  0x00003e82      0x33f ./USB_DEVICE/Target/usbd_conf.o

.debug_aranges  0x00000000     0x1838
 .debug_aranges
                0x00000000       0xe8 ./Core/Src/main.o
 .debug_aranges
                0x000000e8       0x58 ./Core/Src/mpu6050.o
 .debug_aranges
                0x00000140      0x118 ./Core/Src/ssd1306.o
 .debug_aranges
                0x00000258       0x50 ./Core/Src/stm32f4xx_hal_msp.o
 .debug_aranges