../Core/Src/main.c:88:6:HAL_ADC_ConvCpltCallback	24	static
../Core/Src/main.c:96:6:HAL_TIM_PeriodElapsedCallback	16	static
../Core/Src/main.c:110:6:USBRxData	16	static
../Core/Src/main.c:132:5:main	8	static
../Core/Src/main.c:260:6:SystemClock_Config	88	static
../Core/Src/main.c:306:13:MX_ADC1_Init	24	static
../Core/Src/main.c:421:13:MX_I2C1_Init	8	static
../Core/Src/main.c:455:13:MX_TIM1_Init	56	static
../Core/Src/main.c:506:13:MX_DMA_Init	16	static
../Core/Src/main.c:524:13:MX_GPIO_Init	48	static
../Core/Src/main.c:560:6:Error_Handler	4	static,ignoring_inline_asm
