../Core/Src/ssd1306.c:10:6:ssd1306_Reset	4	static
../Core/Src/ssd1306.c:15:6:ssd1306_WriteCommand	32	static
../Core/Src/ssd1306.c:19:6:ssd1306_WriteCommandDMA	24	static
../Core/Src/ssd1306.c:24:6:ssd1306_WriteData	32	static
../Core/Src/ssd1306.c:28:6:ssd1306_WriteDataDMA	24	static
../Core/Src/ssd1306.c:73:17:ssd1306_FillBuffer	24	static
../Core/Src/ssd1306.c:83:6:ssd1306_Init	8	static
../Core/Src/ssd1306.c:185:6:ssd1306_Fill	16	static
../Core/Src/ssd1306.c:190:6:ssd1306_UpdateScreen	16	static
../Core/Src/ssd1306.c:207:6:ssd1306_UpdateScreeDMA	16	static
../Core/Src/ssd1306.c:260:6:ssd1306_DrawPixel	16	static
../Core/Src/ssd1306.c:280:6:ssd1306_WriteChar	48	static
../Core/Src/ssd1306.c:317:6:ssd1306_WriteString	32	static
../Core/Src/ssd1306.c:331:6:ssd1306_SetCursor	16	static
../Core/Src/ssd1306.c:337:6:ssd1306_Line	48	static
../Core/Src/ssd1306.c:364:6:ssd1306_Polyline	40	static
../Core/Src/ssd1306.c:378:14:ssd1306_DegToRad	16	static
../Core/Src/ssd1306.c:383:17:ssd1306_NormalizeTo0_360	24	static
../Core/Src/ssd1306.c:399:6:ssd1306_DrawArc	64	static
../Core/Src/ssd1306.c:439:6:ssd1306_DrawArcWithRadiusLine	72	static
../Core/Src/ssd1306.c:482:6:ssd1306_DrawCircle	40	static
../Core/Src/ssd1306.c:517:6:ssd1306_FillCircle	48	static
../Core/Src/ssd1306.c:553:6:ssd1306_DrawRectangle	32	static
../Core/Src/ssd1306.c:563:6:ssd1306_FillRectangle	32	static
../Core/Src/ssd1306.c:577:17:ssd1306_InvertRectangle	32	static
../Core/Src/ssd1306.c:608:6:ssd1306_DrawBitmap	24	static
../Core/Src/ssd1306.c:632:6:ssd1306_SetContrast	24	static
../Core/Src/ssd1306.c:638:6:ssd1306_SetDisplayOn	24	static
../Core/Src/ssd1306.c:650:9:ssd1306_GetDisplayOn	4	static
