../Core/Src/ssd1306_oled.c:24:6:SSD1306_ScrollRight	16	static
../Core/Src/ssd1306_oled.c:36:6:SSD1306_ScrollLeft	16	static
../Core/Src/ssd1306_oled.c:48:6:SSD1306_Scrolldiagright	16	static
../Core/Src/ssd1306_oled.c:62:6:SSD1306_Scrolldiagleft	16	static
../Core/Src/ssd1306_oled.c:76:6:SSD1306_Stopscroll	8	static
../Core/Src/ssd1306_oled.c:81:6:SSD1306_InvertDisplay	16	static
../Core/Src/ssd1306_oled.c:87:6:SSD1306_DrawBitmap	32	static
../Core/Src/ssd1306_oled.c:108:9:SSD1306_Init	16	static
../Core/Src/ssd1306_oled.c:156:6:SSD1306_UpdateScreen	8	static
../Core/Src/ssd1306_oled.c:231:6:SSD1306_ToggleInvert	16	static
../Core/Src/ssd1306_oled.c:241:6:SSD1306_Fill	16	static
../Core/Src/ssd1306_oled.c:246:6:SSD1306_DrawPixel	16	static
../Core/Src/ssd1306_oled.c:263:6:SSD1306_GotoXY	16	static
../Core/Src/ssd1306_oled.c:269:6:SSD1306_Putc	32	static
../Core/Src/ssd1306_oled.c:290:6:SSD1306_Puts	24	static
../Core/Src/ssd1306_oled.c:302:6:SSD1306_DrawLine	40	static
../Core/Src/ssd1306_oled.c:376:6:SSD1306_DrawRectangle	32	static
../Core/Src/ssd1306_oled.c:393:6:SSD1306_DrawFilledRectangle	40	static
../Core/Src/ssd1306_oled.c:409:6:SSD1306_DrawTriangle	32	static
../Core/Src/ssd1306_oled.c:416:6:SSD1306_DrawFilledTriangle	64	static
../Core/Src/ssd1306_oled.c:473:6:SSD1306_DrawCircle	40	static
../Core/Src/ssd1306_oled.c:508:6:SSD1306_DrawFilledCircle	48	static
../Core/Src/ssd1306_oled.c:539:6:SSD1306_Clear	8	static
../Core/Src/ssd1306_oled.c:545:6:SSD1306_ON	8	static
../Core/Src/ssd1306_oled.c:552:6:SSD1306_OFF	8	static
../Core/Src/ssd1306_oled.c:559:6:SSD1306_I2C_Init	16	static
../Core/Src/ssd1306_oled.c:566:6:SSD1306_I2C_WriteMulti	296	static
../Core/Src/ssd1306_oled.c:579:6:SSD1306_I2C_Write	32	static
