../Core/Src/ssd1306_oled.c:26:6:SSD1306_ScrollRight	16	static
../Core/Src/ssd1306_oled.c:38:6:SSD1306_ScrollLeft	16	static
../Core/Src/ssd1306_oled.c:50:6:SSD1306_Scrolldiagright	16	static
../Core/Src/ssd1306_oled.c:64:6:SSD1306_Scrolldiagleft	16	static
../Core/Src/ssd1306_oled.c:78:6:SSD1306_Stopscroll	8	static
../Core/Src/ssd1306_oled.c:83:6:SSD1306_InvertDisplay	16	static
../Core/Src/ssd1306_oled.c:89:6:SSD1306_DrawBitmap	32	static
../Core/Src/ssd1306_oled.c:110:9:SSD1306_Init	16	static
../Core/Src/ssd1306_oled.c:162:6:SSD1306_UpdateScreen	16	static
../Core/Src/ssd1306_oled.c:174:6:SSD1306_UpdateScreen_NB	8	static
../Core/Src/ssd1306_oled.c:208:6:SSD1306_ToggleInvert	16	static
../Core/Src/ssd1306_oled.c:218:6:SSD1306_Fill	16	static
../Core/Src/ssd1306_oled.c:223:6:SSD1306_DrawPixel	16	static
../Core/Src/ssd1306_oled.c:240:6:SSD1306_GotoXY	16	static
../Core/Src/ssd1306_oled.c:246:6:SSD1306_Putc	32	static
../Core/Src/ssd1306_oled.c:267:6:SSD1306_Puts	24	static
../Core/Src/ssd1306_oled.c:279:6:SSD1306_DrawLine	40	static
../Core/Src/ssd1306_oled.c:353:6:SSD1306_DrawRectangle	32	static
../Core/Src/ssd1306_oled.c:370:6:SSD1306_DrawFilledRectangle	40	static
../Core/Src/ssd1306_oled.c:386:6:SSD1306_DrawTriangle	32	static
../Core/Src/ssd1306_oled.c:393:6:SSD1306_DrawFilledTriangle	64	static
../Core/Src/ssd1306_oled.c:450:6:SSD1306_DrawCircle	40	static
../Core/Src/ssd1306_oled.c:485:6:SSD1306_DrawFilledCircle	48	static
../Core/Src/ssd1306_oled.c:516:6:SSD1306_Clear	8	static
../Core/Src/ssd1306_oled.c:522:6:SSD1306_ON	8	static
../Core/Src/ssd1306_oled.c:529:6:SSD1306_OFF	8	static
../Core/Src/ssd1306_oled.c:536:6:SSD1306_I2C_Init	16	static
../Core/Src/ssd1306_oled.c:543:6:SSD1306_I2C_WriteMulti	296	static
../Core/Src/ssd1306_oled.c:554:6:SSD1306_I2C_WriteMulti_DMA	24	static
../Core/Src/ssd1306_oled.c:560:6:SSD1306_I2C_Write	32	static
../Core/Src/ssd1306_oled.c:569:6:SSD1306_I2C_Write_DMA	24	static
